Component: ARM Compiler 5.06 update 5 (build 528) Tool: armlink [4d35e2]

==============================================================================

Section Cross References

    main.o(i.System_Initial) refers to delay.o(i.delay_init) for delay_init
    main.o(i.System_Initial) refers to usart.o(i.uart_init) for uart_init
    main.o(i.System_Initial) refers to myiic.o(i.IIC_Init) for IIC_Init
    main.o(i.System_Initial) refers to myiic2.o(i.IIC2_Init) for IIC2_Init
    main.o(i.System_Initial) refers to fdc2x14.o(i.FDC2X14_Init) for FDC2X14_Init
    main.o(i.System_Initial) refers to lcd.o(i.LCD_Init) for LCD_Init
    main.o(i.System_Initial) refers to key.o(i.Key_Initial) for Key_Initial
    main.o(i.System_Initial) refers to main.o(.data) for Mode
    main.o(i.main) refers to main.o(i.System_Initial) for System_Initial
    main.o(i.main) refers to display.o(i.Main_Win) for Main_Win
    main.o(i.main) refers to key.o(i.Get_Key) for Get_Key
    main.o(i.main) refers to fdc2x14.o(i.Get_Error) for Get_Error
    main.o(i.main) refers to pretreat.o(i.Get_Read) for Get_Read
    main.o(i.main) refers to lcd.o(i.ShowNum) for ShowNum
    main.o(i.main) refers to lcd.o(.data) for POINT_COLOR
    main.o(i.main) refers to pretreat.o(.data) for Read0
    delay.o(i.delay_init) refers to misc.o(i.SysTick_CLKSourceConfig) for SysTick_CLKSourceConfig
    delay.o(i.delay_init) refers to system_stm32f10x.o(.data) for SystemCoreClock
    delay.o(i.delay_init) refers to delay.o(.data) for fac_us
    delay.o(i.delay_ms) refers to delay.o(.data) for fac_ms
    delay.o(i.delay_us) refers to delay.o(.data) for fac_us
    usart.o(.rev16_text) refers (Special) to use_no_semi_2.o(.text) for __use_no_semihosting
    usart.o(.revsh_text) refers (Special) to use_no_semi_2.o(.text) for __use_no_semihosting
    usart.o(.rrx_text) refers (Special) to use_no_semi_2.o(.text) for __use_no_semihosting
    usart.o(i.USART1_IRQHandler) refers (Special) to use_no_semi_2.o(.text) for __use_no_semihosting
    usart.o(i.USART1_IRQHandler) refers to stm32f10x_usart.o(i.USART_GetITStatus) for USART_GetITStatus
    usart.o(i.USART1_IRQHandler) refers to stm32f10x_usart.o(i.USART_ReceiveData) for USART_ReceiveData
    usart.o(i.USART1_IRQHandler) refers to usart.o(.data) for USART_RX_STA
    usart.o(i.USART1_IRQHandler) refers to usart.o(.bss) for USART_RX_BUF
    usart.o(i._sys_exit) refers (Special) to use_no_semi_2.o(.text) for __use_no_semihosting
    usart.o(i.fputc) refers (Special) to use_no_semi_2.o(.text) for __use_no_semihosting
    usart.o(i.uart_init) refers (Special) to use_no_semi_2.o(.text) for __use_no_semihosting
    usart.o(i.uart_init) refers to stm32f10x_rcc.o(i.RCC_APB2PeriphClockCmd) for RCC_APB2PeriphClockCmd
    usart.o(i.uart_init) refers to stm32f10x_gpio.o(i.GPIO_Init) for GPIO_Init
    usart.o(i.uart_init) refers to misc.o(i.NVIC_Init) for NVIC_Init
    usart.o(i.uart_init) refers to stm32f10x_usart.o(i.USART_Init) for USART_Init
    usart.o(i.uart_init) refers to stm32f10x_usart.o(i.USART_ITConfig) for USART_ITConfig
    usart.o(i.uart_init) refers to stm32f10x_usart.o(i.USART_Cmd) for USART_Cmd
    usart.o(.bss) refers (Special) to use_no_semi_2.o(.text) for __use_no_semihosting
    usart.o(.data) refers (Special) to use_no_semi_2.o(.text) for __use_no_semihosting
    fdc2x14.o(i.FDC2X14_Init) refers to fdc2x14.o(i.WriteRegfdc2214) for WriteRegfdc2214
    fdc2x14.o(i.FDC2X14_Init) refers to fdc2x14.o(i.WriteRegfdc2214_2) for WriteRegfdc2214_2
    fdc2x14.o(i.FDC2X14_Init) refers to fdc2x14.o(i.Get_Error) for Get_Error
    fdc2x14.o(i.FDC_GetCH) refers to fdc2x14.o(i.ReadFDC2X14) for ReadFDC2X14
    fdc2x14.o(i.FDC_GetCH) refers to fdc2x14.o(i.ReadFDC2X14_2) for ReadFDC2X14_2
    fdc2x14.o(i.FDC_GetCH) refers to fdc2x14.o(.data) for Error0
    fdc2x14.o(i.Get_Error) refers to fdc2x14.o(i.ReadFDC2X14) for ReadFDC2X14
    fdc2x14.o(i.Get_Error) refers to fdc2x14.o(i.ReadFDC2X14_2) for ReadFDC2X14_2
    fdc2x14.o(i.Get_Error) refers to fdc2x14.o(.data) for Error0
    fdc2x14.o(i.ReadFDC2X14) refers to myiic.o(i.IIC_Start) for IIC_Start
    fdc2x14.o(i.ReadFDC2X14) refers to myiic.o(i.IIC_Send_Byte) for IIC_Send_Byte
    fdc2x14.o(i.ReadFDC2X14) refers to myiic.o(i.IIC_Wait_Ack) for IIC_Wait_Ack
    fdc2x14.o(i.ReadFDC2X14) refers to myiic.o(i.ADS_delay) for ADS_delay
    fdc2x14.o(i.ReadFDC2X14) refers to myiic.o(i.IIC_Stop) for IIC_Stop
    fdc2x14.o(i.ReadFDC2X14) refers to myiic.o(i.IIC_Read_Byte) for IIC_Read_Byte
    fdc2x14.o(i.ReadFDC2X14) refers to myiic.o(i.IIC_Ack) for IIC_Ack
    fdc2x14.o(i.ReadFDC2X14_2) refers to myiic2.o(i.IIC2_Start) for IIC2_Start
    fdc2x14.o(i.ReadFDC2X14_2) refers to myiic2.o(i.IIC2_Send_Byte) for IIC2_Send_Byte
    fdc2x14.o(i.ReadFDC2X14_2) refers to myiic2.o(i.IIC2_Wait_Ack) for IIC2_Wait_Ack
    fdc2x14.o(i.ReadFDC2X14_2) refers to myiic2.o(i.ADS2_delay) for ADS2_delay
    fdc2x14.o(i.ReadFDC2X14_2) refers to myiic2.o(i.IIC2_Stop) for IIC2_Stop
[...]
    Removing stm32f10x_rtc.o(i.RTC_GetFlagStatus), (24 bytes).
    Removing stm32f10x_rtc.o(i.RTC_GetITStatus), (36 bytes).
    Removing stm32f10x_rtc.o(i.RTC_ITConfig), (32 bytes).
    Removing stm32f10x_rtc.o(i.RTC_SetAlarm), (28 bytes).
    Removing stm32f10x_rtc.o(i.RTC_SetCounter), (28 bytes).
    Removing stm32f10x_rtc.o(i.RTC_SetPrescaler), (32 bytes).
    Removing stm32f10x_rtc.o(i.RTC_WaitForLastTask), (20 bytes).
    Removing stm32f10x_rtc.o(i.RTC_WaitForSynchro), (36 bytes).
    Removing stm32f10x_tim.o(.rev16_text), (4 bytes).
    Removing stm32f10x_tim.o(.revsh_text), (4 bytes).
    Removing stm32f10x_tim.o(.rrx_text), (6 bytes).
    Removing stm32f10x_tim.o(i.TI1_Config), (128 bytes).
    Removing stm32f10x_tim.o(i.TI2_Config), (152 bytes).
    Removing stm32f10x_tim.o(i.TI3_Config), (144 bytes).
    Removing stm32f10x_tim.o(i.TI4_Config), (152 bytes).
    Removing stm32f10x_tim.o(i.TIM_ARRPreloadConfig), (24 bytes).
    Removing stm32f10x_tim.o(i.TIM_BDTRConfig), (32 bytes).
    Removing stm32f10x_tim.o(i.TIM_BDTRStructInit), (18 bytes).
    Removing stm32f10x_tim.o(i.TIM_CCPreloadControl), (24 bytes).
    Removing stm32f10x_tim.o(i.TIM_CCxCmd), (30 bytes).
    Removing stm32f10x_tim.o(i.TIM_CCxNCmd), (30 bytes).
    Removing stm32f10x_tim.o(i.TIM_ClearFlag), (6 bytes).
    Removing stm32f10x_tim.o(i.TIM_ClearITPendingBit), (6 bytes).
    Removing stm32f10x_tim.o(i.TIM_ClearOC1Ref), (18 bytes).
    Removing stm32f10x_tim.o(i.TIM_ClearOC2Ref), (24 bytes).
    Removing stm32f10x_tim.o(i.TIM_ClearOC3Ref), (18 bytes).
    Removing stm32f10x_tim.o(i.TIM_ClearOC4Ref), (24 bytes).
    Removing stm32f10x_tim.o(i.TIM_Cmd), (24 bytes).
    Removing stm32f10x_tim.o(i.TIM_CounterModeConfig), (18 bytes).
    Removing stm32f10x_tim.o(i.TIM_CtrlPWMOutputs), (30 bytes).
    Removing stm32f10x_tim.o(i.TIM_DMACmd), (18 bytes).
    Removing stm32f10x_tim.o(i.TIM_DMAConfig), (10 bytes).
    Removing stm32f10x_tim.o(i.TIM_DeInit), (488 bytes).
    Removing stm32f10x_tim.o(i.TIM_ETRClockMode1Config), (54 bytes).
    Removing stm32f10x_tim.o(i.TIM_ETRClockMode2Config), (32 bytes).
    Removing stm32f10x_tim.o(i.TIM_ETRConfig), (28 bytes).
    Removing stm32f10x_tim.o(i.TIM_EncoderInterfaceConfig), (66 bytes).
    Removing stm32f10x_tim.o(i.TIM_ForcedOC1Config), (18 bytes).
    Removing stm32f10x_tim.o(i.TIM_ForcedOC2Config), (26 bytes).
    Removing stm32f10x_tim.o(i.TIM_ForcedOC3Config), (18 bytes).
    Removing stm32f10x_tim.o(i.TIM_ForcedOC4Config), (26 bytes).
    Removing stm32f10x_tim.o(i.TIM_GenerateEvent), (4 bytes).
    Removing stm32f10x_tim.o(i.TIM_GetCapture1), (6 bytes).
    Removing stm32f10x_tim.o(i.TIM_GetCapture2), (6 bytes).
    Removing stm32f10x_tim.o(i.TIM_GetCapture3), (6 bytes).
    Removing stm32f10x_tim.o(i.TIM_GetCapture4), (8 bytes).
    Removing stm32f10x_tim.o(i.TIM_GetCounter), (6 bytes).
    Removing stm32f10x_tim.o(i.TIM_GetFlagStatus), (18 bytes).
    Removing stm32f10x_tim.o(i.TIM_GetITStatus), (34 bytes).
    Removing stm32f10x_tim.o(i.TIM_GetPrescaler), (6 bytes).
    Removing stm32f10x_tim.o(i.TIM_ICInit), (172 bytes).
    Removing stm32f10x_tim.o(i.TIM_ICStructInit), (18 bytes).
    Removing stm32f10x_tim.o(i.TIM_ITConfig), (18 bytes).
    Removing stm32f10x_tim.o(i.TIM_ITRxExternalClockConfig), (24 bytes).
    Removing stm32f10x_tim.o(i.TIM_InternalClockConfig), (12 bytes).
    Removing stm32f10x_tim.o(i.TIM_OC1FastConfig), (18 bytes).
    Removing stm32f10x_tim.o(i.TIM_OC1Init), (152 bytes).
    Removing stm32f10x_tim.o(i.TIM_OC1NPolarityConfig), (18 bytes).
    Removing stm32f10x_tim.o(i.TIM_OC1PolarityConfig), (18 bytes).
    Removing stm32f10x_tim.o(i.TIM_OC1PreloadConfig), (18 bytes).
    Removing stm32f10x_tim.o(i.TIM_OC2FastConfig), (26 bytes).
    Removing stm32f10x_tim.o(i.TIM_OC2Init), (164 bytes).
    Removing stm32f10x_tim.o(i.TIM_OC2NPolarityConfig), (26 bytes).
    Removing stm32f10x_tim.o(i.TIM_OC2PolarityConfig), (26 bytes).
    Removing stm32f10x_tim.o(i.TIM_OC2PreloadConfig), (26 bytes).
    Removing stm32f10x_tim.o(i.TIM_OC3FastConfig), (18 bytes).
    Removing stm32f10x_tim.o(i.TIM_OC3Init), (160 bytes).
    Removing stm32f10x_tim.o(i.TIM_OC3NPolarityConfig), (26 bytes).
    Removing stm32f10x_tim.o(i.TIM_OC3PolarityConfig), (26 bytes).
    Removing stm32f10x_tim.o(i.TIM_OC3PreloadConfig), (18 bytes).
    Removing stm32f10x_tim.o(i.TIM_OC4FastConfig), (26 bytes).
    Removing stm32f10x_tim.o(i.TIM_OC4Init), (124 bytes).
    Removing stm32f10x_tim.o(i.TIM_OC4PolarityConfig), (26 bytes).
    Removing stm32f10x_tim.o(i.TIM_OC4PreloadConfig), (26 bytes).
    Removing stm32f10x_tim.o(i.TIM_OCStructInit), (20 bytes).
    Removing stm32f10x_tim.o(i.TIM_PWMIConfig), (124 bytes).
    Removing stm32f10x_tim.o(i.TIM_PrescalerConfig), (6 bytes).
    Removing stm32f10x_tim.o(i.TIM_SelectCCDMA), (24 bytes).
    Removing stm32f10x_tim.o(i.TIM_SelectCOM), (24 bytes).
    Removing stm32f10x_tim.o(i.TIM_SelectHallSensor), (24 bytes).
    Removing stm32f10x_tim.o(i.TIM_SelectInputTrigger), (18 bytes).
    Removing stm32f10x_tim.o(i.TIM_SelectMasterSlaveMode), (18 bytes).
    Removing stm32f10x_tim.o(i.TIM_SelectOCxM), (82 bytes).
    Removing stm32f10x_tim.o(i.TIM_SelectOnePulseMode), (18 bytes).
    Removing stm32f10x_tim.o(i.TIM_SelectOutputTrigger), (18 bytes).
    Removing stm32f10x_tim.o(i.TIM_SelectSlaveMode), (18 bytes).
    Removing stm32f10x_tim.o(i.TIM_SetAutoreload), (4 bytes).
    Removing stm32f10x_tim.o(i.TIM_SetClockDivision), (18 bytes).
    Removing stm32f10x_tim.o(i.TIM_SetCompare1), (4 bytes).
    Removing stm32f10x_tim.o(i.TIM_SetCompare2), (4 bytes).
    Removing stm32f10x_tim.o(i.TIM_SetCompare3), (4 bytes).
    Removing stm32f10x_tim.o(i.TIM_SetCompare4), (6 bytes).
    Removing stm32f10x_tim.o(i.TIM_SetCounter), (4 bytes).
    Removing stm32f10x_tim.o(i.TIM_SetIC1Prescaler), (18 bytes).
    Removing stm32f10x_tim.o(i.TIM_SetIC2Prescaler), (26 bytes).
    Removing stm32f10x_tim.o(i.TIM_SetIC3Prescaler), (18 bytes).
    Removing stm32f10x_tim.o(i.TIM_SetIC4Prescaler), (26 bytes).
    Removing stm32f10x_tim.o(i.TIM_TIxExternalClockConfig), (62 bytes).
    Removing stm32f10x_tim.o(i.TIM_TimeBaseInit), (164 bytes).
    Removing stm32f10x_tim.o(i.TIM_TimeBaseStructInit), (18 bytes).
    Removing stm32f10x_tim.o(i.TIM_UpdateDisableConfig), (24 bytes).
    Removing stm32f10x_tim.o(i.TIM_UpdateRequestConfig), (24 bytes).
    Removing stm32f10x_usart.o(.rev16_text), (4 bytes).
    Removing stm32f10x_usart.o(.revsh_text), (4 bytes).
    Removing stm32f10x_usart.o(.rrx_text), (6 bytes).
    Removing stm32f10x_usart.o(i.USART_ClearFlag), (18 bytes).
    Removing stm32f10x_usart.o(i.USART_ClearITPendingBit), (30 bytes).
    Removing stm32f10x_usart.o(i.USART_ClockInit), (34 bytes).
    Removing stm32f10x_usart.o(i.USART_ClockStructInit), (12 bytes).
    Removing stm32f10x_usart.o(i.USART_DMACmd), (18 bytes).
    Removing stm32f10x_usart.o(i.USART_DeInit), (156 bytes).
    Removing stm32f10x_usart.o(i.USART_GetFlagStatus), (26 bytes).
    Removing stm32f10x_usart.o(i.USART_HalfDuplexCmd), (24 bytes).
    Removing stm32f10x_usart.o(i.USART_IrDACmd), (24 bytes).
    Removing stm32f10x_usart.o(i.USART_IrDAConfig), (18 bytes).
    Removing stm32f10x_usart.o(i.USART_LINBreakDetectLengthConfig), (18 bytes).
    Removing stm32f10x_usart.o(i.USART_LINCmd), (24 bytes).
    Removing stm32f10x_usart.o(i.USART_OneBitMethodCmd), (24 bytes).
    Removing stm32f10x_usart.o(i.USART_OverSampling8Cmd), (22 bytes).
    Removing stm32f10x_usart.o(i.USART_ReceiverWakeUpCmd), (24 bytes).
    Removing stm32f10x_usart.o(i.USART_SendBreak), (10 bytes).
    Removing stm32f10x_usart.o(i.USART_SendData), (8 bytes).
    Removing stm32f10x_usart.o(i.USART_SetAddress), (18 bytes).
    Removing stm32f10x_usart.o(i.USART_SetGuardTime), (16 bytes).
    Removing stm32f10x_usart.o(i.USART_SetPrescaler), (16 bytes).
    Removing stm32f10x_usart.o(i.USART_SmartCardCmd), (24 bytes).
    Removing stm32f10x_usart.o(i.USART_SmartCardNACKCmd), (24 bytes).
    Removing stm32f10x_usart.o(i.USART_StructInit), (24 bytes).
    Removing stm32f10x_usart.o(i.USART_WakeUpConfig), (18 bytes).
    Removing dma_stm32f10x.o(.rev16_text), (4 bytes).
    Removing dma_stm32f10x.o(.revsh_text), (4 bytes).
    Removing dma_stm32f10x.o(.rrx_text), (6 bytes).
    Removing dma_stm32f10x.o(i.DMA2_Channel4_IRQHandler), (32 bytes).
    Removing dma_stm32f10x.o(i.DMA_ChannelInitialize), (464 bytes).
    Removing dma_stm32f10x.o(i.DMA_ChannelUninitialize), (356 bytes).
    Removing dma_stm32f10x.o(i.__NVIC_ClearPendingIRQ), (28 bytes).
    Removing dma_stm32f10x.o(i.__NVIC_DisableIRQ), (60 bytes).
    Removing dma_stm32f10x.o(i.__NVIC_EnableIRQ), (26 bytes).
    Removing dma_stm32f10x.o(.data), (2 bytes).
    Removing gpio_stm32f10x.o(.rev16_text), (4 bytes).
    Removing gpio_stm32f10x.o(.revsh_text), (4 bytes).
    Removing gpio_stm32f10x.o(.rrx_text), (6 bytes).
    Removing gpio_stm32f10x.o(i.GPIO_AFConfigure), (156 bytes).
    Removing gpio_stm32f10x.o(i.GPIO_GetPortClockState), (152 bytes).
    Removing gpio_stm32f10x.o(i.GPIO_PinConfigure), (120 bytes).
    Removing gpio_stm32f10x.o(i.GPIO_PortClock), (316 bytes).
    Removing system_stm32f10x.o(.rev16_text), (4 bytes).
    Removing system_stm32f10x.o(.revsh_text), (4 bytes).
    Removing system_stm32f10x.o(.rrx_text), (6 bytes).
    Removing system_stm32f10x.o(i.SystemCoreClockUpdate), (164 bytes).

319 unused section(s) (total 13054 bytes) removed from the image.

==============================================================================

Image Symbol Table

    Local Symbols

    Symbol Name                              Value     Ov Type        Size  Object(Section)

    ../clib/angel/boardlib.s                 0x00000000   Number         0  boardinit3.o ABSOLUTE
    ../clib/angel/boardlib.s                 0x00000000   Number         0  boardshut.o ABSOLUTE
    ../clib/angel/boardlib.s                 0x00000000   Number         0  boardinit1.o ABSOLUTE
    ../clib/angel/boardlib.s                 0x00000000   Number         0  boardinit2.o ABSOLUTE
    ../clib/angel/handlers.s                 0x00000000   Number         0  __scatter_zi.o ABSOLUTE
    ../clib/angel/handlers.s                 0x00000000   Number         0  __scatter_copy.o ABSOLUTE
    ../clib/angel/kernel.s                   0x00000000   Number         0  rtexit.o ABSOLUTE
    ../clib/angel/kernel.s                   0x00000000   Number         0  rtexit2.o ABSOLUTE
    ../clib/angel/kernel.s                   0x00000000   Number         0  __rtentry.o ABSOLUTE
    ../clib/angel/kernel.s                   0x00000000   Number         0  __rtentry2.o ABSOLUTE
    ../clib/angel/kernel.s                   0x00000000   Number         0  __rtentry4.o ABSOLUTE
    ../clib/angel/rt.s                       0x00000000   Number         0  rt_raise.o ABSOLUTE
    ../clib/angel/scatter.s                  0x00000000   Number         0  __scatter.o ABSOLUTE
    ../clib/angel/startup.s                  0x00000000   Number         0  __main.o ABSOLUTE
    ../clib/angel/sys.s                      0x00000000   Number         0  use_no_semi_2.o ABSOLUTE
    ../clib/angel/sys.s                      0x00000000   Number         0  use_no_semi.o ABSOLUTE
    ../clib/angel/sys.s                      0x00000000   Number         0  indicate_semi.o ABSOLUTE
    ../clib/angel/sys.s                      0x00000000   Number         0  sys_stackheap_outer.o ABSOLUTE
    ../clib/angel/sys.s                      0x00000000   Number         0  libspace.o ABSOLUTE
    ../clib/angel/sysapp.c                   0x00000000   Number         0  sys_command.o ABSOLUTE
    ../clib/angel/sysapp.c                   0x00000000   Number         0  sys_wrch.o ABSOLUTE
    ../clib/armsys.c                         0x00000000   Number         0  argv_veneer.o ABSOLUTE
    ../clib/armsys.c                         0x00000000   Number         0  _get_argv_nomalloc.o ABSOLUTE
    ../clib/armsys.c                         0x00000000   Number         0  no_argv.o ABSOLUTE
    ../clib/armsys.c                         0x00000000   Number         0  argv_veneer.o ABSOLUTE
    ../clib/heapalloc.c                      0x00000000   Number         0  hrguard.o ABSOLUTE
    ../clib/heapaux.c                        0x00000000   Number         0  heapauxi.o ABSOLUTE
    ../clib/libinit.s                        0x00000000   Number         0  libinit2.o ABSOLUTE
    ../clib/libinit.s                        0x00000000   Number         0  libshutdown2.o ABSOLUTE
    ../clib/libinit.s                        0x00000000   Number         0  libinit.o ABSOLUTE
    ../clib/libinit.s                        0x00000000   Number         0  libshutdown.o ABSOLUTE
    ../clib/signal.c                         0x00000000   Number         0  defsig_rtmem_inner.o ABSOLUTE
    ../clib/signal.c                         0x00000000   Number         0  defsig_exit.o ABSOLUTE
    ../clib/signal.c                         0x00000000   Number         0  defsig_rtmem_formal.o ABSOLUTE
    ../clib/signal.c                         0x00000000   Number         0  defsig_rtmem_outer.o ABSOLUTE
    ../clib/signal.c                         0x00000000   Number         0  defsig_other.o ABSOLUTE
    ../clib/signal.c                         0x00000000   Number         0  defsig_segv_inner.o ABSOLUTE
    ../clib/signal.c                         0x00000000   Number         0  defsig_cppl_inner.o ABSOLUTE
    ../clib/signal.c                         0x00000000   Number         0  defsig_pvfn_inner.o ABSOLUTE
    ../clib/signal.c                         0x00000000   Number         0  defsig_stak_inner.o ABSOLUTE
    ../clib/signal.c                         0x00000000   Number         0  defsig_rtred_inner.o ABSOLUTE
    ../clib/signal.c                         0x00000000   Number         0  defsig_fpe_inner.o ABSOLUTE
    ../clib/signal.c                         0x00000000   Number         0  __raise.o ABSOLUTE
    ../clib/signal.c                         0x00000000   Number         0  defsig_abrt_inner.o ABSOLUTE
    ../clib/signal.c                         0x00000000   Number         0  defsig_general.o ABSOLUTE
    ../clib/signal.s                         0x00000000   Number         0  defsig.o ABSOLUTE
    ../clib/stdlib.c                         0x00000000   Number         0  exit.o ABSOLUTE
    ../fplib/faddsub.s                       0x00000000   Number         0  faddsub_clz.o ABSOLUTE
    ../fplib/fcmpi.s                         0x00000000   Number         0  fcmpi.o ABSOLUTE
    ../fplib/ffix.s                          0x00000000   Number         0  ffix.o ABSOLUTE
    ../fplib/fleqf.s                         0x00000000   Number         0  fleqf.o ABSOLUTE
    ../fplib/fmul.s                          0x00000000   Number         0  fmul.o ABSOLUTE
    ../fplib/fnaninf.s                       0x00000000   Number         0  fnaninf.o ABSOLUTE
    ../fplib/fpinit.s                        0x00000000   Number         0  fpinit.o ABSOLUTE
    ../fplib/fretinf.s                       0x00000000   Number         0  fretinf.o ABSOLUTE
    ../fplib/frleqf.s                        0x00000000   Number         0  frleqf.o ABSOLUTE
    ../fplib/usenofp.s                       0x00000000   Number         0  usenofp.o ABSOLUTE
    ..\BSP\display\display.c                 0x00000000   Number         0  display.o ABSOLUTE
    ..\BSP\pretreat\pretreat.c               0x00000000   Number         0  pretreat.o ABSOLUTE
    ..\LIB\break\break.c                     0x00000000   Number         0  break.o ABSOLUTE
    ..\LIB\fdc2x14\FDC2X14.c                 0x00000000   Number         0  fdc2x14.o ABSOLUTE
    ..\LIB\iic\myiic.c                       0x00000000   Number         0  myiic.o ABSOLUTE
    ..\LIB\iic\myiic2.c                      0x00000000   Number         0  myiic2.o ABSOLUTE
    ..\LIB\key\key.c                         0x00000000   Number         0  key.o ABSOLUTE
    ..\LIB\lcd\lcd.c                         0x00000000   Number         0  lcd.o ABSOLUTE
    ..\LIB\lcd\stm32f10x_fsmc.c              0x00000000   Number         0  stm32f10x_fsmc.o ABSOLUTE
    ..\LIB\led\led.c                         0x00000000   Number         0  led.o ABSOLUTE
    ..\LIB\motor\motor.c                     0x00000000   Number         0  motor.o ABSOLUTE
    ..\LIB\pid\pid.c                         0x00000000   Number         0  pid.o ABSOLUTE
    ..\SYSTEM\delay\delay.c                  0x00000000   Number         0  delay.o ABSOLUTE
    ..\SYSTEM\sys\sys.c                      0x00000000   Number         0  sys.o ABSOLUTE
    ..\SYSTEM\usart\usart.c                  0x00000000   Number         0  usart.o ABSOLUTE
    ..\\BSP\\display\\display.c              0x00000000   Number         0  display.o ABSOLUTE
    ..\\BSP\\pretreat\\pretreat.c            0x00000000   Number         0  pretreat.o ABSOLUTE
    ..\\LIB\\break\\break.c                  0x00000000   Number         0  break.o ABSOLUTE
    ..\\LIB\\fdc2x14\\FDC2X14.c              0x00000000   Number         0  fdc2x14.o ABSOLUTE
    ..\\LIB\\iic\\myiic.c                    0x00000000   Number         0  myiic.o ABSOLUTE
    ..\\LIB\\iic\\myiic2.c                   0x00000000   Number         0  myiic2.o ABSOLUTE
    ..\\LIB\\key\\key.c                      0x00000000   Number         0  key.o ABSOLUTE
    ..\\LIB\\lcd\\lcd.c                      0x00000000   Number         0  lcd.o ABSOLUTE
    ..\\LIB\\lcd\\stm32f10x_fsmc.c           0x00000000   Number         0  stm32f10x_fsmc.o ABSOLUTE
    ..\\LIB\\led\\led.c                      0x00000000   Number         0  led.o ABSOLUTE
    ..\\LIB\\motor\\motor.c                  0x00000000   Number         0  motor.o ABSOLUTE
    ..\\LIB\\pid\\pid.c                      0x00000000   Number         0  pid.o ABSOLUTE
    ..\\SYSTEM\\delay\\delay.c               0x00000000   Number         0  delay.o ABSOLUTE
    ..\\SYSTEM\\sys\\sys.c                   0x00000000   Number         0  sys.o ABSOLUTE
    ..\\SYSTEM\\usart\\usart.c               0x00000000   Number         0  usart.o ABSOLUTE
    C:\Keil_v5\ARM\PACK\Keil\STM32F1xx_DFP\2.2.0\Device\StdPeriph_Driver\src\misc.c 0x00000000   Number         0  misc.o ABSOLUTE
    C:\Keil_v5\ARM\PACK\Keil\STM32F1xx_DFP\2.2.0\Device\StdPeriph_Driver\src\stm32f10x_gpio.c 0x00000000   Number         0  stm32f10x_gpio.o ABSOLUTE
    C:\Keil_v5\ARM\PACK\Keil\STM32F1xx_DFP\2.2.0\Device\StdPeriph_Driver\src\stm32f10x_rcc.c 0x00000000   Number         0  stm32f10x_rcc.o ABSOLUTE
    C:\Keil_v5\ARM\PACK\Keil\STM32F1xx_DFP\2.2.0\Device\StdPeriph_Driver\src\stm32f10x_rtc.c 0x00000000   Number         0  stm32f10x_rtc.o ABSOLUTE
    C:\Keil_v5\ARM\PACK\Keil\STM32F1xx_DFP\2.2.0\Device\StdPeriph_Driver\src\stm32f10x_tim.c 0x00000000   Number         0  stm32f10x_tim.o ABSOLUTE
    C:\Keil_v5\ARM\PACK\Keil\STM32F1xx_DFP\2.2.0\Device\StdPeriph_Driver\src\stm32f10x_usart.c 0x00000000   Number         0  stm32f10x_usart.o ABSOLUTE
    C:\Keil_v5\ARM\PACK\Keil\STM32F1xx_DFP\2.2.0\RTE_Driver\DMA_STM32F10x.c 0x00000000   Number         0  dma_stm32f10x.o ABSOLUTE
    C:\Keil_v5\ARM\PACK\Keil\STM32F1xx_DFP\2.2.0\RTE_Driver\GPIO_STM32F10x.c 0x00000000   Number         0  gpio_stm32f10x.o ABSOLUTE
    C:\\Keil_v5\\ARM\\PACK\\Keil\\STM32F1xx_DFP\\2.2.0\\Device\\StdPeriph_Driver\\src\\misc.c 0x00000000   Number         0  misc.o ABSOLUTE
    C:\\Keil_v5\\ARM\\PACK\\Keil\\STM32F1xx_DFP\\2.2.0\\Device\\StdPeriph_Driver\\src\\stm32f10x_gpio.c 0x00000000   Number         0  stm32f10x_gpio.o ABSOLUTE
    C:\\Keil_v5\\ARM\\PACK\\Keil\\STM32F1xx_DFP\\2.2.0\\Device\\StdPeriph_Driver\\src\\stm32f10x_rcc.c 0x00000000   Number         0  stm32f10x_rcc.o ABSOLUTE
    C:\\Keil_v5\\ARM\\PACK\\Keil\\STM32F1xx_DFP\\2.2.0\\Device\\StdPeriph_Driver\\src\\stm32f10x_rtc.c 0x00000000   Number         0  stm32f10x_rtc.o ABSOLUTE
    C:\\Keil_v5\\ARM\\PACK\\Keil\\STM32F1xx_DFP\\2.2.0\\Device\\StdPeriph_Driver\\src\\stm32f10x_tim.c 0x00000000   Number         0  stm32f10x_tim.o ABSOLUTE
    C:\\Keil_v5\\ARM\\PACK\\Keil\\STM32F1xx_DFP\\2.2.0\\Device\\StdPeriph_Driver\\src\\stm32f10x_usart.c 0x00000000   Number         0  stm32f10x_usart.o ABSOLUTE
    C:\\Keil_v5\\ARM\\PACK\\Keil\\STM32F1xx_DFP\\2.2.0\\RTE_Driver\\DMA_STM32F10x.c 0x00000000   Number         0  dma_stm32f10x.o ABSOLUTE
    C:\\Keil_v5\\ARM\\PACK\\Keil\\STM32F1xx_DFP\\2.2.0\\RTE_Driver\\GPIO_STM32F10x.c 0x00000000   Number         0  gpio_stm32f10x.o ABSOLUTE
    RTE\Device\STM32F103ZE\startup_stm32f10x_hd.s 0x00000000   Number         0  startup_stm32f10x_hd.o ABSOLUTE
    RTE\Device\STM32F103ZE\system_stm32f10x.c 0x00000000   Number         0  system_stm32f10x.o ABSOLUTE
    RTE\\Device\\STM32F103ZE\\system_stm32f10x.c 0x00000000   Number         0  system_stm32f10x.o ABSOLUTE
    dc.s                                     0x00000000   Number         0  dc.o ABSOLUTE
    main.c                                   0x00000000   Number         0  main.o ABSOLUTE
    main.c                                   0x00000000   Number         0  main.o ABSOLUTE
    RESET                                    0x08000000   Section      304  startup_stm32f10x_hd.o(RESET)
    !!!main                                  0x08000130   Section        8  __main.o(!!!main)
    !!!scatter                               0x08000138   Section       52  __scatter.o(!!!scatter)
    !!handler_copy                           0x0800016c   Section       26  __scatter_copy.o(!!handler_copy)
    !!handler_zi                             0x08000188   Section       28  __scatter_zi.o(!!handler_zi)
    .ARM.Collect$$libinit$$00000000          0x080001a4   Section        2  libinit.o(.ARM.Collect$$libinit$$00000000)
    .ARM.Collect$$libinit$$00000002          0x080001a6   Section        0  libinit2.o(.ARM.Collect$$libinit$$00000002)
    .ARM.Collect$$libinit$$00000004          0x080001a6   Section        0  libinit2.o(.ARM.Collect$$libinit$$00000004)
    .ARM.Collect$$libinit$$0000000A          0x080001a6   Section        0  libinit2.o(.ARM.Collect$$libinit$$0000000A)
    .ARM.Collect$$libinit$$0000000C          0x080001a6   Section        0  libinit2.o(.ARM.Collect$$libinit$$0000000C)
    .ARM.Collect$$libinit$$0000000E          0x080001a6   Section        0  libinit2.o(.ARM.Collect$$libinit$$0000000E)
    .ARM.Collect$$libinit$$00000011          0x080001a6   Section        0  libinit2.o(.ARM.Collect$$libinit$$00000011)
    .ARM.Collect$$libinit$$00000013          0x080001a6   Section        0  libinit2.o(.ARM.Collect$$libinit$$00000013)
    .ARM.Collect$$libinit$$00000015          0x080001a6   Section        0  libinit2.o(.ARM.Collect$$libinit$$00000015)
    .ARM.Collect$$libinit$$00000017          0x080001a6   Section        0  libinit2.o(.ARM.Collect$$libinit$$00000017)
    .ARM.Collect$$libinit$$00000019          0x080001a6   Section        0  libinit2.o(.ARM.Collect$$libinit$$00000019)
    .ARM.Collect$$libinit$$0000001B          0x080001a6   Section        0  libinit2.o(.ARM.Collect$$libinit$$0000001B)
    .ARM.Collect$$libinit$$0000001D          0x080001a6   Section        0  libinit2.o(.ARM.Collect$$libinit$$0000001D)
    .ARM.Collect$$libinit$$0000001F          0x080001a6   Section        0  libinit2.o(.ARM.Collect$$libinit$$0000001F)
    .ARM.Collect$$libinit$$00000021          0x080001a6   Section        0  libinit2.o(.ARM.Collect$$libinit$$00000021)
    .ARM.Collect$$libinit$$00000023          0x080001a6   Section        0  libinit2.o(.ARM.Collect$$libinit$$00000023)
    .ARM.Collect$$libinit$$00000025          0x080001a6   Section        0  libinit2.o(.ARM.Collect$$libinit$$00000025)
    .ARM.Collect$$libinit$$0000002C          0x080001a6   Section        0  libinit2.o(.ARM.Collect$$libinit$$0000002C)
    .ARM.Collect$$libinit$$0000002E          0x080001a6   Section        0  libinit2.o(.ARM.Collect$$libinit$$0000002E)
    .ARM.Collect$$libinit$$00000030          0x080001a6   Section        0  libinit2.o(.ARM.Collect$$libinit$$00000030)
    .ARM.Collect$$libinit$$00000032          0x080001a6   Section        0  libinit2.o(.ARM.Collect$$libinit$$00000032)
    .ARM.Collect$$libinit$$00000033          0x080001a6   Section        2  libinit2.o(.ARM.Collect$$libinit$$00000033)
    .ARM.Collect$$libshutdown$$00000000      0x080001a8   Section        2  libshutdown.o(.ARM.Collect$$libshutdown$$00000000)
    .ARM.Collect$$libshutdown$$00000002      0x080001aa   Section        0  libshutdown2.o(.ARM.Collect$$libshutdown$$00000002)
    .ARM.Collect$$libshutdown$$00000004      0x080001aa   Section        0  libshutdown2.o(.ARM.Collect$$libshutdown$$00000004)
    .ARM.Collect$$libshutdown$$00000007      0x080001aa   Section        0  libshutdown2.o(.ARM.Collect$$libshutdown$$00000007)
    .ARM.Collect$$libshutdown$$0000000A      0x080001aa   Section        0  libshutdown2.o(.ARM.Collect$$libshutdown$$0000000A)
    .ARM.Collect$$libshutdown$$0000000C      0x080001aa   Section        0  libshutdown2.o(.ARM.Collect$$libshutdown$$0000000C)
    .ARM.Collect$$libshutdown$$0000000F      0x080001aa   Section        0  libshutdown2.o(.ARM.Collect$$libshutdown$$0000000F)
    .ARM.Collect$$libshutdown$$00000010      0x080001aa   Section        2  libshutdown2.o(.ARM.Collect$$libshutdown$$00000010)
    .ARM.Collect$$rtentry$$00000000          0x080001ac   Section        0  __rtentry.o(.ARM.Collect$$rtentry$$00000000)
    .ARM.Collect$$rtentry$$00000002          0x080001ac   Section        0  __rtentry2.o(.ARM.Collect$$rtentry$$00000002)
    .ARM.Collect$$rtentry$$00000004          0x080001ac   Section        6  __rtentry4.o(.ARM.Collect$$rtentry$$00000004)
    .ARM.Collect$$rtentry$$00000009          0x080001b2   Section        0  __rtentry2.o(.ARM.Collect$$rtentry$$00000009)
    .ARM.Collect$$rtentry$$0000000A          0x080001b2   Section        4  __rtentry2.o(.ARM.Collect$$rtentry$$0000000A)
    .ARM.Collect$$rtentry$$0000000C          0x080001b6   Section        0  __rtentry2.o(.ARM.Collect$$rtentry$$0000000C)
    .ARM.Collect$$rtentry$$0000000D          0x080001b6   Section        8  __rtentry2.o(.ARM.Collect$$rtentry$$0000000D)
    .ARM.Collect$$rtexit$$00000000           0x080001be   Section        2  rtexit.o(.ARM.Collect$$rtexit$$00000000)
    .ARM.Collect$$rtexit$$00000002           0x080001c0   Section        0  rtexit2.o(.ARM.Collect$$rtexit$$00000002)
    .ARM.Collect$$rtexit$$00000003           0x080001c0   Section        4  rtexit2.o(.ARM.Collect$$rtexit$$00000003)
    .ARM.Collect$$rtexit$$00000004           0x080001c4   Section        6  rtexit2.o(.ARM.Collect$$rtexit$$00000004)
    .text                                    0x080001cc   Section       64  startup_stm32f10x_hd.o(.text)
    .text                                    0x0800020c   Section        2  use_no_semi_2.o(.text)
    .text                                    0x0800020e   Section        0  heapauxi.o(.text)
    .text                                    0x08000214   Section        2  use_no_semi.o(.text)
    .text                                    0x08000216   Section       74  sys_stackheap_outer.o(.text)
    .text                                    0x08000260   Section        0  exit.o(.text)
    .text                                    0x08000274   Section        8  libspace.o(.text)
    i.ADS2_clock                             0x0800027c   Section        0  myiic2.o(i.ADS2_clock)
    i.ADS2_delay                             0x080002a0   Section        0  myiic2.o(i.ADS2_delay)
    i.ADS_clock                              0x080002b0   Section        0  myiic.o(i.ADS_clock)
    i.ADS_delay                              0x080002d4   Section        0  myiic.o(i.ADS_delay)
    i.Check_Win                              0x080002e4   Section        0  display.o(i.Check_Win)
    i.DMA1_Channel1_Event                    0x08000450   Section        0  dma_stm32f10x.o(i.DMA1_Channel1_Event)
    i.DMA1_Channel1_IRQHandler               0x08000454   Section        0  dma_stm32f10x.o(i.DMA1_Channel1_IRQHandler)
    i.DMA1_Channel2_Event                    0x08000470   Section        0  dma_stm32f10x.o(i.DMA1_Channel2_Event)
    i.DMA1_Channel2_IRQHandler               0x08000474   Section        0  dma_stm32f10x.o(i.DMA1_Channel2_IRQHandler)
    i.DMA1_Channel3_Event                    0x08000490   Section        0  dma_stm32f10x.o(i.DMA1_Channel3_Event)
    i.DMA1_Channel3_IRQHandler               0x08000494   Section        0  dma_stm32f10x.o(i.DMA1_Channel3_IRQHandler)
    i.DMA1_Channel4_Event                    0x080004b0   Section        0  dma_stm32f10x.o(i.DMA1_Channel4_Event)
    i.DMA1_Channel4_IRQHandler               0x080004b4   Section        0  dma_stm32f10x.o(i.DMA1_Channel4_IRQHandler)
    i.DMA1_Channel5_Event                    0x080004d0   Section        0  dma_stm32f10x.o(i.DMA1_Channel5_Event)
    i.DMA1_Channel5_IRQHandler               0x080004d4   Section        0  dma_stm32f10x.o(i.DMA1_Channel5_IRQHandler)
    i.DMA1_Channel6_Event                    0x080004f0   Section        0  dma_stm32f10x.o(i.DMA1_Channel6_Event)
    i.DMA1_Channel6_IRQHandler               0x080004f4   Section        0  dma_stm32f10x.o(i.DMA1_Channel6_IRQHandler)
    i.DMA1_Channel7_Event                    0x08000510   Section        0  dma_stm32f10x.o(i.DMA1_Channel7_Event)
    i.DMA1_Channel7_IRQHandler               0x08000514   Section        0  dma_stm32f10x.o(i.DMA1_Channel7_IRQHandler)
    i.DMA2_Channel1_Event                    0x08000530   Section        0  dma_stm32f10x.o(i.DMA2_Channel1_Event)
    i.DMA2_Channel1_IRQHandler               0x08000534   Section        0  dma_stm32f10x.o(i.DMA2_Channel1_IRQHandler)
    i.DMA2_Channel2_Event                    0x08000550   Section        0  dma_stm32f10x.o(i.DMA2_Channel2_Event)
    i.DMA2_Channel2_IRQHandler               0x08000554   Section        0  dma_stm32f10x.o(i.DMA2_Channel2_IRQHandler)
    i.DMA2_Channel3_Event                    0x08000574   Section        0  dma_stm32f10x.o(i.DMA2_Channel3_Event)
    i.DMA2_Channel3_IRQHandler               0x08000578   Section        0  dma_stm32f10x.o(i.DMA2_Channel3_IRQHandler)
    i.DMA2_Channel4_5_IRQHandler             0x08000598   Section        0  dma_stm32f10x.o(i.DMA2_Channel4_5_IRQHandler)
    i.DMA2_Channel4_Event                    0x080005d0   Section        0  dma_stm32f10x.o(i.DMA2_Channel4_Event)
    i.DMA2_Channel5_Event                    0x080005d2   Section        0  dma_stm32f10x.o(i.DMA2_Channel5_Event)
    i.FDC2X14_Init                           0x080005d4   Section        0  fdc2x14.o(i.FDC2X14_Init)
    i.FDC_GetCH                              0x08000794   Section        0  fdc2x14.o(i.FDC_GetCH)
    i.FSMC_NORSRAMCmd                        0x08000890   Section        0  stm32f10x_fsmc.o(i.FSMC_NORSRAMCmd)
    i.FSMC_NORSRAMInit                       0x080008c4   Section        0  stm32f10x_fsmc.o(i.FSMC_NORSRAMInit)
    i.GPIO_Init                              0x080009aa   Section        0  stm32f10x_gpio.o(i.GPIO_Init)
    i.GPIO_SetBits                           0x08000ac0   Section        0  stm32f10x_gpio.o(i.GPIO_SetBits)
    i.Get_Error                              0x08000ac4   Section        0  fdc2x14.o(i.Get_Error)
    i.Get_Key                                0x08000b48   Section        0  key.o(i.Get_Key)
    i.Get_Level                              0x08000c54   Section        0  pretreat.o(i.Get_Level)
    i.Get_Read                               0x08000d88   Section        0  pretreat.o(i.Get_Read)
    i.IIC2_Ack                               0x08000e9c   Section        0  myiic2.o(i.IIC2_Ack)
    i.IIC2_Init                              0x08000ee8   Section        0  myiic2.o(i.IIC2_Init)
    i.IIC2_Read_Byte                         0x08000f1c   Section        0  myiic2.o(i.IIC2_Read_Byte)
    i.IIC2_Send_Byte                         0x08000f68   Section        0  myiic2.o(i.IIC2_Send_Byte)
    i.IIC2_Start                             0x08000fc0   Section        0  myiic2.o(i.IIC2_Start)
    i.IIC2_Stop                              0x0800100c   Section        0  myiic2.o(i.IIC2_Stop)
    i.IIC2_Wait_Ack                          0x08001050   Section        0  myiic2.o(i.IIC2_Wait_Ack)
    i.IIC_Ack                                0x080010b4   Section        0  myiic.o(i.IIC_Ack)
    i.IIC_Init                               0x08001100   Section        0  myiic.o(i.IIC_Init)
    i.IIC_Read_Byte                          0x08001138   Section        0  myiic.o(i.IIC_Read_Byte)
    i.IIC_Send_Byte                          0x08001184   Section        0  myiic.o(i.IIC_Send_Byte)
    i.IIC_Start                              0x080011dc   Section        0  myiic.o(i.IIC_Start)
    i.IIC_Stop                               0x08001228   Section        0  myiic.o(i.IIC_Stop)
    i.IIC_Wait_Ack                           0x0800126c   Section        0  myiic.o(i.IIC_Wait_Ack)
    i.Key_Initial                            0x080012d0   Section        0  key.o(i.Key_Initial)
    i.LCD_Clear                              0x080012f4   Section        0  lcd.o(i.LCD_Clear)
    i.LCD_Display_Dir                        0x08001324   Section        0  lcd.o(i.LCD_Display_Dir)
    i.LCD_DrawPoint                          0x08001418   Section        0  lcd.o(i.LCD_DrawPoint)
    i.LCD_Init                               0x0800143c   Section        0  lcd.o(i.LCD_Init)
    i.LCD_Pow                                0x08002cc4   Section        0  lcd.o(i.LCD_Pow)
    i.LCD_RD_DATA                            0x08002cda   Section        0  lcd.o(i.LCD_RD_DATA)
    i.LCD_ReadReg                            0x08002ce2   Section        0  lcd.o(i.LCD_ReadReg)
    i.LCD_Scan_Dir                           0x08002cf8   Section        0  lcd.o(i.LCD_Scan_Dir)
    i.LCD_SetCursor                          0x08002ec4   Section        0  lcd.o(i.LCD_SetCursor)
    i.LCD_ShowChar                           0x08002f38   Section        0  lcd.o(i.LCD_ShowChar)
    i.LCD_ShowNum                            0x080030a0   Section        0  lcd.o(i.LCD_ShowNum)
    i.LCD_ShowString                         0x08003134   Section        0  lcd.o(i.LCD_ShowString)
    i.LCD_WR_DATA                            0x0800319a   Section        0  lcd.o(i.LCD_WR_DATA)
    i.LCD_WR_REG                             0x080031a2   Section        0  lcd.o(i.LCD_WR_REG)
    i.LCD_WriteRAM_Prepare                   0x080031ac   Section        0  lcd.o(i.LCD_WriteRAM_Prepare)
    i.LCD_WriteReg                           0x080031bc   Section        0  lcd.o(i.LCD_WriteReg)
    i.Main_Win                               0x080031c8   Section        0  display.o(i.Main_Win)
    i.Main_Win_Initial                       0x08003260   Section        0  display.o(i.Main_Win_Initial)
    i.NVIC_Init                              0x080032dc   Section        0  misc.o(i.NVIC_Init)
    i.RCC_AHBPeriphClockCmd                  0x0800334c   Section        0  stm32f10x_rcc.o(i.RCC_AHBPeriphClockCmd)
    i.RCC_APB2PeriphClockCmd                 0x0800336c   Section        0  stm32f10x_rcc.o(i.RCC_APB2PeriphClockCmd)
    i.RCC_GetClocksFreq                      0x0800338c   Section        0  stm32f10x_rcc.o(i.RCC_GetClocksFreq)
    i.ReadFDC2X14                            0x08003460   Section        0  fdc2x14.o(i.ReadFDC2X14)
    i.ReadFDC2X14_2                          0x08003562   Section        0  fdc2x14.o(i.ReadFDC2X14_2)
    i.SetSysClock                            0x08003664   Section        0  system_stm32f10x.o(i.SetSysClock)
    SetSysClock                              0x08003665   Thumb Code     8  system_stm32f10x.o(i.SetSysClock)
    i.SetSysClockTo72                        0x0800366c   Section        0  system_stm32f10x.o(i.SetSysClockTo72)
    SetSysClockTo72                          0x0800366d   Thumb Code   214  system_stm32f10x.o(i.SetSysClockTo72)
    i.ShowNum                                0x0800374c   Section        0  lcd.o(i.ShowNum)
    i.ShowString                             0x080037fc   Section        0  lcd.o(i.ShowString)
    i.SysTick_CLKSourceConfig                0x08003828   Section        0  misc.o(i.SysTick_CLKSourceConfig)
    i.SystemInit                             0x08003850   Section        0  system_stm32f10x.o(i.SystemInit)
    i.System_Initial                         0x080038b0   Section        0  main.o(i.System_Initial)
    i.TIM2_IRQHandler                        0x080038e8   Section        0  break.o(i.TIM2_IRQHandler)
    i.USART1_IRQHandler                      0x080038ec   Section        0  usart.o(i.USART1_IRQHandler)
    i.USART_Cmd                              0x08003974   Section        0  stm32f10x_usart.o(i.USART_Cmd)
    i.USART_GetITStatus                      0x0800398c   Section        0  stm32f10x_usart.o(i.USART_GetITStatus)
    i.USART_ITConfig                         0x080039e0   Section        0  stm32f10x_usart.o(i.USART_ITConfig)
    i.USART_Init                             0x08003a2c   Section        0  stm32f10x_usart.o(i.USART_Init)
    i.USART_ReceiveData                      0x08003b04   Section        0  stm32f10x_usart.o(i.USART_ReceiveData)
    i.WriteRegfdc2214                        0x08003b0e   Section        0  fdc2x14.o(i.WriteRegfdc2214)
    i.WriteRegfdc2214_2                      0x08003b4e   Section        0  fdc2x14.o(i.WriteRegfdc2214_2)
    i._sys_exit                              0x08003b8e   Section        0  usart.o(i._sys_exit)
    i.delay_init                             0x08003b94   Section        0  delay.o(i.delay_init)
    i.delay_ms                               0x08003bd8   Section        0  delay.o(i.delay_ms)
    i.delay_us                               0x08003c24   Section        0  delay.o(i.delay_us)
    i.main                                   0x08003c70   Section        0  main.o(i.main)
    i.max                                    0x08003d1c   Section        0  main.o(i.max)
    i.min                                    0x08003d2a   Section        0  main.o(i.min)
    i.uart_init                              0x08003d38   Section        0  usart.o(i.uart_init)
    .constdata                               0x08003dd8   Section     2660  lcd.o(.constdata)
    .data                                    0x20000000   Section        8  main.o(.data)
    .data                                    0x20000008   Section        4  delay.o(.data)
    fac_us                                   0x20000008   Data           1  delay.o(.data)
    fac_ms                                   0x2000000a   Data           2  delay.o(.data)
    .data                                    0x2000000c   Section        6  usart.o(.data)
    .data                                    0x20000014   Section       32  fdc2x14.o(.data)
    .data                                    0x20000034   Section        4  lcd.o(.data)
    .data                                    0x20000038   Section       64  pretreat.o(.data)
    .data                                    0x20000078   Section       20  stm32f10x_rcc.o(.data)
    APBAHBPrescTable                         0x20000078   Data          16  stm32f10x_rcc.o(.data)
    ADCPrescTable                            0x20000088   Data           4  stm32f10x_rcc.o(.data)
    .data                                    0x2000008c   Section       20  system_stm32f10x.o(.data)
    .bss                                     0x200000a0   Section      200  usart.o(.bss)
    .bss                                     0x20000168   Section       10  lcd.o(.bss)
    .bss                                     0x20000174   Section       96  libspace.o(.bss)
    HEAP                                     0x200001d8   Section      512  startup_stm32f10x_hd.o(HEAP)
    Heap_Mem                                 0x200001d8   Data         512  startup_stm32f10x_hd.o(HEAP)
    STACK                                    0x200003d8   Section     1024  startup_stm32f10x_hd.o(STACK)
    Stack_Mem                                0x200003d8   Data        1024  startup_stm32f10x_hd.o(STACK)
    __initial_sp                             0x200007d8   Data           0  startup_stm32f10x_hd.o(STACK)

    Global Symbols

    Symbol Name                              Value     Ov Type        Size  Object(Section)

    BuildAttributes$$THM_ISAv4$P$D$K$B$S$PE$A:L22UL41UL21$X:L11$S22US41US21$IEEE1$IW$USESV6$~STKCKD$USESV7$~SHL$OSPACE$ROPI$EBA8$UX$STANDARDLIB$REQ8$PRES8$EABIv2 0x00000000   Number         0  anon$$obj.o ABSOLUTE
    __ARM_use_no_argv                        0x00000000   Number         0  main.o ABSOLUTE
    __ARM_exceptions_init                     - Undefined Weak Reference
    __alloca_initialize                       - Undefined Weak Reference
    __arm_preinit_                            - Undefined Weak Reference
    __cpp_initialize__aeabi_                  - Undefined Weak Reference
    __cxa_finalize                            - Undefined Weak Reference
    __rt_locale                               - Undefined Weak Reference
    __sigvec_lookup                           - Undefined Weak Reference
    _atexit_init                              - Undefined Weak Reference
    _call_atexit_fns                          - Undefined Weak Reference
    _clock_init                               - Undefined Weak Reference
    _fp_trap_init                             - Undefined Weak Reference
    _fp_trap_shutdown                         - Undefined Weak Reference
    _get_lc_collate                           - Undefined Weak Reference
    _get_lc_ctype                             - Undefined Weak Reference
    _get_lc_monetary                          - Undefined Weak Reference
    _get_lc_numeric                           - Undefined Weak Reference
    _get_lc_time                              - Undefined Weak Reference
    _getenv_init                              - Undefined Weak Reference
    _handle_redirection                       - Undefined Weak Reference
    _init_alloc                               - Undefined Weak Reference
    _init_user_alloc                          - Undefined Weak Reference
    _initio                                   - Undefined Weak Reference
    _rand_init                                - Undefined Weak Reference
    _signal_finish                            - Undefined Weak Reference
    _signal_init                              - Undefined Weak Reference
    _terminate_alloc                          - Undefined Weak Reference
    _terminate_user_alloc                     - Undefined Weak Reference
    _terminateio                              - Undefined Weak Reference
    __Vectors_Size                           0x00000130   Number         0  startup_stm32f10x_hd.o ABSOLUTE
    __Vectors                                0x08000000   Data           4  startup_stm32f10x_hd.o(RESET)
    __Vectors_End                            0x08000130   Data           0  startup_stm32f10x_hd.o(RESET)
    __main                                   0x08000131   Thumb Code     8  __main.o(!!!main)
    __scatterload                            0x08000139   Thumb Code     0  __scatter.o(!!!scatter)
    __scatterload_rt2                        0x08000139   Thumb Code    44  __scatter.o(!!!scatter)
    __scatterload_rt2_thumb_only             0x08000139   Thumb Code     0  __scatter.o(!!!scatter)
    __scatterload_null                       0x08000147   Thumb Code     0  __scatter.o(!!!scatter)
    __scatterload_copy                       0x0800016d   Thumb Code    26  __scatter_copy.o(!!handler_copy)
    __scatterload_zeroinit                   0x08000189   Thumb Code    28  __scatter_zi.o(!!handler_zi)
    __rt_lib_init                            0x080001a5   Thumb Code     0  libinit.o(.ARM.Collect$$libinit$$00000000)
    __rt_lib_init_alloca_1                   0x080001a7   Thumb Code     0  libinit2.o(.ARM.Collect$$libinit$$0000002E)
    __rt_lib_init_argv_1                     0x080001a7   Thumb Code     0  libinit2.o(.ARM.Collect$$libinit$$0000002C)
    __rt_lib_init_atexit_1                   0x080001a7   Thumb Code     0  libinit2.o(.ARM.Collect$$libinit$$0000001B)
    __rt_lib_init_clock_1                    0x080001a7   Thumb Code     0  libinit2.o(.ARM.Collect$$libinit$$00000021)
    __rt_lib_init_cpp_1                      0x080001a7   Thumb Code     0  libinit2.o(.ARM.Collect$$libinit$$00000032)
    __rt_lib_init_exceptions_1               0x080001a7   Thumb Code     0  libinit2.o(.ARM.Collect$$libinit$$00000030)
    __rt_lib_init_fp_1                       0x080001a7   Thumb Code     0  libinit2.o(.ARM.Collect$$libinit$$00000002)
    __rt_lib_init_fp_trap_1                  0x080001a7   Thumb Code     0  libinit2.o(.ARM.Collect$$libinit$$0000001F)
    __rt_lib_init_getenv_1                   0x080001a7   Thumb Code     0  libinit2.o(.ARM.Collect$$libinit$$00000023)
    __rt_lib_init_heap_1                     0x080001a7   Thumb Code     0  libinit2.o(.ARM.Collect$$libinit$$0000000A)
    __rt_lib_init_lc_collate_1               0x080001a7   Thumb Code     0  libinit2.o(.ARM.Collect$$libinit$$00000011)
    __rt_lib_init_lc_ctype_1                 0x080001a7   Thumb Code     0  libinit2.o(.ARM.Collect$$libinit$$00000013)
    __rt_lib_init_lc_monetary_1              0x080001a7   Thumb Code     0  libinit2.o(.ARM.Collect$$libinit$$00000015)
    __rt_lib_init_lc_numeric_1               0x080001a7   Thumb Code     0  libinit2.o(.ARM.Collect$$libinit$$00000017)
    __rt_lib_init_lc_time_1                  0x080001a7   Thumb Code     0  libinit2.o(.ARM.Collect$$libinit$$00000019)
    __rt_lib_init_preinit_1                  0x080001a7   Thumb Code     0  libinit2.o(.ARM.Collect$$libinit$$00000004)
    __rt_lib_init_rand_1                     0x080001a7   Thumb Code     0  libinit2.o(.ARM.Collect$$libinit$$0000000E)
    __rt_lib_init_return                     0x080001a7   Thumb Code     0  libinit2.o(.ARM.Collect$$libinit$$00000033)
    __rt_lib_init_signal_1                   0x080001a7   Thumb Code     0  libinit2.o(.ARM.Collect$$libinit$$0000001D)
    __rt_lib_init_stdio_1                    0x080001a7   Thumb Code     0  libinit2.o(.ARM.Collect$$libinit$$00000025)
    __rt_lib_init_user_alloc_1               0x080001a7   Thumb Code     0  libinit2.o(.ARM.Collect$$libinit$$0000000C)
    __rt_lib_shutdown                        0x080001a9   Thumb Code     0  libshutdown.o(.ARM.Collect$$libshutdown$$00000000)
    __rt_lib_shutdown_cpp_1                  0x080001ab   Thumb Code     0  libshutdown2.o(.ARM.Collect$$libshutdown$$00000002)
    __rt_lib_shutdown_fp_trap_1              0x080001ab   Thumb Code     0  libshutdown2.o(.ARM.Collect$$libshutdown$$00000007)
    __rt_lib_shutdown_heap_1                 0x080001ab   Thumb Code     0  libshutdown2.o(.ARM.Collect$$libshutdown$$0000000F)
    __rt_lib_shutdown_return                 0x080001ab   Thumb Code     0  libshutdown2.o(.ARM.Collect$$libshutdown$$00000010)
    __rt_lib_shutdown_signal_1               0x080001ab   Thumb Code     0  libshutdown2.o(.ARM.Collect$$libshutdown$$0000000A)
    __rt_lib_shutdown_stdio_1                0x080001ab   Thumb Code     0  libshutdown2.o(.ARM.Collect$$libshutdown$$00000004)
    __rt_lib_shutdown_user_alloc_1           0x080001ab   Thumb Code     0  libshutdown2.o(.ARM.Collect$$libshutdown$$0000000C)
    __rt_entry                               0x080001ad   Thumb Code     0  __rtentry.o(.ARM.Collect$$rtentry$$00000000)
    __rt_entry_presh_1                       0x080001ad   Thumb Code     0  __rtentry2.o(.ARM.Collect$$rtentry$$00000002)
    __rt_entry_sh                            0x080001ad   Thumb Code     0  __rtentry4.o(.ARM.Collect$$rtentry$$00000004)
    __rt_entry_li                            0x080001b3   Thumb Code     0  __rtentry2.o(.ARM.Collect$$rtentry$$0000000A)
    __rt_entry_postsh_1                      0x080001b3   Thumb Code     0  __rtentry2.o(.ARM.Collect$$rtentry$$00000009)
    __rt_entry_main                          0x080001b7   Thumb Code     0  __rtentry2.o(.ARM.Collect$$rtentry$$0000000D)
    __rt_entry_postli_1                      0x080001b7   Thumb Code     0  __rtentry2.o(.ARM.Collect$$rtentry$$0000000C)
    __rt_exit                                0x080001bf   Thumb Code     0  rtexit.o(.ARM.Collect$$rtexit$$00000000)
    __rt_exit_ls                             0x080001c1   Thumb Code     0  rtexit2.o(.ARM.Collect$$rtexit$$00000003)
    __rt_exit_prels_1                        0x080001c1   Thumb Code     0  rtexit2.o(.ARM.Collect$$rtexit$$00000002)
    __rt_exit_exit                           0x080001c5   Thumb Code     0  rtexit2.o(.ARM.Collect$$rtexit$$00000004)
    Reset_Handler                            0x080001cd   Thumb Code     8  startup_stm32f10x_hd.o(.text)
    NMI_Handler                              0x080001d5   Thumb Code     2  startup_stm32f10x_hd.o(.text)
    HardFault_Handler                        0x080001d7   Thumb Code     2  startup_stm32f10x_hd.o(.text)
    MemManage_Handler                        0x080001d9   Thumb Code     2  startup_stm32f10x_hd.o(.text)
    BusFault_Handler                         0x080001db   Thumb Code     2  startup_stm32f10x_hd.o(.text)
    UsageFault_Handler                       0x080001dd   Thumb Code     2  startup_stm32f10x_hd.o(.text)
    SVC_Handler                              0x080001df   Thumb Code     2  startup_stm32f10x_hd.o(.text)
    DebugMon_Handler                         0x080001e1   Thumb Code     2  startup_stm32f10x_hd.o(.text)
    PendSV_Handler                           0x080001e3   Thumb Code     2  startup_stm32f10x_hd.o(.text)
    SysTick_Handler                          0x080001e5   Thumb Code     2  startup_stm32f10x_hd.o(.text)
    ADC1_2_IRQHandler                        0x080001e7   Thumb Code     0  startup_stm32f10x_hd.o(.text)
    ADC3_IRQHandler                          0x080001e7   Thumb Code     0  startup_stm32f10x_hd.o(.text)
    CAN1_RX1_IRQHandler                      0x080001e7   Thumb Code     0  startup_stm32f10x_hd.o(.text)
    CAN1_SCE_IRQHandler                      0x080001e7   Thumb Code     0  startup_stm32f10x_hd.o(.text)
    EXTI0_IRQHandler                         0x080001e7   Thumb Code     0  startup_stm32f10x_hd.o(.text)
    EXTI15_10_IRQHandler                     0x080001e7   Thumb Code     0  startup_stm32f10x_hd.o(.text)
    EXTI1_IRQHandler                         0x080001e7   Thumb Code     0  startup_stm32f10x_hd.o(.text)
    EXTI2_IRQHandler                         0x080001e7   Thumb Code     0  startup_stm32f10x_hd.o(.text)
    EXTI3_IRQHandler                         0x080001e7   Thumb Code     0  startup_stm32f10x_hd.o(.text)
    EXTI4_IRQHandler                         0x080001e7   Thumb Code     0  startup_stm32f10x_hd.o(.text)
    EXTI9_5_IRQHandler                       0x080001e7   Thumb Code     0  startup_stm32f10x_hd.o(.text)
    FLASH_IRQHandler                         0x080001e7   Thumb Code     0  startup_stm32f10x_hd.o(.text)
    FSMC_IRQHandler                          0x080001e7   Thumb Code     0  startup_stm32f10x_hd.o(.text)
    I2C1_ER_IRQHandler                       0x080001e7   Thumb Code     0  startup_stm32f10x_hd.o(.text)
    I2C1_EV_IRQHandler                       0x080001e7   Thumb Code     0  startup_stm32f10x_hd.o(.text)
    I2C2_ER_IRQHandler                       0x080001e7   Thumb Code     0  startup_stm32f10x_hd.o(.text)
    I2C2_EV_IRQHandler                       0x080001e7   Thumb Code     0  startup_stm32f10x_hd.o(.text)
    PVD_IRQHandler                           0x080001e7   Thumb Code     0  startup_stm32f10x_hd.o(.text)
    RCC_IRQHandler                           0x080001e7   Thumb Code     0  startup_stm32f10x_hd.o(.text)
    RTCAlarm_IRQHandler                      0x080001e7   Thumb Code     0  startup_stm32f10x_hd.o(.text)
    RTC_IRQHandler                           0x080001e7   Thumb Code     0  startup_stm32f10x_hd.o(.text)
    SDIO_IRQHandler                          0x080001e7   Thumb Code     0  startup_stm32f10x_hd.o(.text)
    SPI1_IRQHandler                          0x080001e7   Thumb Code     0  startup_stm32f10x_hd.o(.text)
    SPI2_IRQHandler                          0x080001e7   Thumb Code     0  startup_stm32f10x_hd.o(.text)
    SPI3_IRQHandler                          0x080001e7   Thumb Code     0  startup_stm32f10x_hd.o(.text)
    TAMPER_IRQHandler                        0x080001e7   Thumb Code     0  startup_stm32f10x_hd.o(.text)
    TIM1_BRK_IRQHandler                      0x080001e7   Thumb Code     0  startup_stm32f10x_hd.o(.text)
    TIM1_CC_IRQHandler                       0x080001e7   Thumb Code     0  startup_stm32f10x_hd.o(.text)
    TIM1_TRG_COM_IRQHandler                  0x080001e7   Thumb Code     0  startup_stm32f10x_hd.o(.text)
    TIM1_UP_IRQHandler                       0x080001e7   Thumb Code     0  startup_stm32f10x_hd.o(.text)
    TIM3_IRQHandler                          0x080001e7   Thumb Code     0  startup_stm32f10x_hd.o(.text)
    TIM4_IRQHandler                          0x080001e7   Thumb Code     0  startup_stm32f10x_hd.o(.text)
    TIM5_IRQHandler                          0x080001e7   Thumb Code     0  startup_stm32f10x_hd.o(.text)
    TIM6_IRQHandler                          0x080001e7   Thumb Code     0  startup_stm32f10x_hd.o(.text)
    TIM7_IRQHandler                          0x080001e7   Thumb Code     0  startup_stm32f10x_hd.o(.text)
    TIM8_BRK_IRQHandler                      0x080001e7   Thumb Code     0  startup_stm32f10x_hd.o(.text)
    TIM8_CC_IRQHandler                       0x080001e7   Thumb Code     0  startup_stm32f10x_hd.o(.text)
    TIM8_TRG_COM_IRQHandler                  0x080001e7   Thumb Code     0  startup_stm32f10x_hd.o(.text)
    TIM8_UP_IRQHandler                       0x080001e7   Thumb Code     0  startup_stm32f10x_hd.o(.text)
    UART4_IRQHandler                         0x080001e7   Thumb Code     0  startup_stm32f10x_hd.o(.text)
    UART5_IRQHandler                         0x080001e7   Thumb Code     0  startup_stm32f10x_hd.o(.text)
    USART2_IRQHandler                        0x080001e7   Thumb Code     0  startup_stm32f10x_hd.o(.text)
    USART3_IRQHandler                        0x080001e7   Thumb Code     0  startup_stm32f10x_hd.o(.text)
    USBWakeUp_IRQHandler                     0x080001e7   Thumb Code     0  startup_stm32f10x_hd.o(.text)
    USB_HP_CAN1_TX_IRQHandler                0x080001e7   Thumb Code     0  startup_stm32f10x_hd.o(.text)
    USB_LP_CAN1_RX0_IRQHandler               0x080001e7   Thumb Code     0  startup_stm32f10x_hd.o(.text)
    WWDG_IRQHandler                          0x080001e7   Thumb Code     0  startup_stm32f10x_hd.o(.text)
    __user_initial_stackheap                 0x080001e9   Thumb Code     0  startup_stm32f10x_hd.o(.text)
    __use_no_semihosting                     0x0800020d   Thumb Code     2  use_no_semi_2.o(.text)
    __use_two_region_memory                  0x0800020f   Thumb Code     2  heapauxi.o(.text)
    __rt_heap_escrow$2region                 0x08000211   Thumb Code     2  heapauxi.o(.text)
    __rt_heap_expand$2region                 0x08000213   Thumb Code     2  heapauxi.o(.text)
    __I$use$semihosting                      0x08000215   Thumb Code     0  use_no_semi.o(.text)
    __use_no_semihosting_swi                 0x08000215   Thumb Code     2  use_no_semi.o(.text)
    __user_setup_stackheap                   0x08000217   Thumb Code    74  sys_stackheap_outer.o(.text)
    exit                                     0x08000261   Thumb Code    18  exit.o(.text)
    __user_libspace                          0x08000275   Thumb Code     8  libspace.o(.text)
    __user_perproc_libspace                  0x08000275   Thumb Code     0  libspace.o(.text)
    __user_perthread_libspace                0x08000275   Thumb Code     0  libspace.o(.text)
    ADS2_clock                               0x0800027d   Thumb Code    26  myiic2.o(i.ADS2_clock)
    ADS2_delay                               0x080002a1   Thumb Code    14  myiic2.o(i.ADS2_delay)
    ADS_clock                                0x080002b1   Thumb Code    26  myiic.o(i.ADS_clock)
    ADS_delay                                0x080002d5   Thumb Code    14  myiic.o(i.ADS_delay)
    Check_Win                                0x080002e5   Thumb Code   206  display.o(i.Check_Win)
    DMA1_Channel1_Event                      0x08000451   Thumb Code     2  dma_stm32f10x.o(i.DMA1_Channel1_Event)
    DMA1_Channel1_IRQHandler                 0x08000455   Thumb Code    22  dma_stm32f10x.o(i.DMA1_Channel1_IRQHandler)
    DMA1_Channel2_Event                      0x08000471   Thumb Code     2  dma_stm32f10x.o(i.DMA1_Channel2_Event)
    DMA1_Channel2_IRQHandler                 0x08000475   Thumb Code    24  dma_stm32f10x.o(i.DMA1_Channel2_IRQHandler)
    DMA1_Channel3_Event                      0x08000491   Thumb Code     2  dma_stm32f10x.o(i.DMA1_Channel3_Event)
    DMA1_Channel3_IRQHandler                 0x08000495   Thumb Code    24  dma_stm32f10x.o(i.DMA1_Channel3_IRQHandler)
    DMA1_Channel4_Event                      0x080004b1   Thumb Code     2  dma_stm32f10x.o(i.DMA1_Channel4_Event)
    DMA1_Channel4_IRQHandler                 0x080004b5   Thumb Code    24  dma_stm32f10x.o(i.DMA1_Channel4_IRQHandler)
    DMA1_Channel5_Event                      0x080004d1   Thumb Code     2  dma_stm32f10x.o(i.DMA1_Channel5_Event)
    DMA1_Channel5_IRQHandler                 0x080004d5   Thumb Code    24  dma_stm32f10x.o(i.DMA1_Channel5_IRQHandler)
    DMA1_Channel6_Event                      0x080004f1   Thumb Code     2  dma_stm32f10x.o(i.DMA1_Channel6_Event)
    DMA1_Channel6_IRQHandler                 0x080004f5   Thumb Code    24  dma_stm32f10x.o(i.DMA1_Channel6_IRQHandler)
    DMA1_Channel7_Event                      0x08000511   Thumb Code     2  dma_stm32f10x.o(i.DMA1_Channel7_Event)
    DMA1_Channel7_IRQHandler                 0x08000515   Thumb Code    24  dma_stm32f10x.o(i.DMA1_Channel7_IRQHandler)
    DMA2_Channel1_Event                      0x08000531   Thumb Code     2  dma_stm32f10x.o(i.DMA2_Channel1_Event)
    DMA2_Channel1_IRQHandler                 0x08000535   Thumb Code    24  dma_stm32f10x.o(i.DMA2_Channel1_IRQHandler)
    DMA2_Channel2_Event                      0x08000551   Thumb Code     2  dma_stm32f10x.o(i.DMA2_Channel2_Event)
    DMA2_Channel2_IRQHandler                 0x08000555   Thumb Code    26  dma_stm32f10x.o(i.DMA2_Channel2_IRQHandler)
    DMA2_Channel3_Event                      0x08000575   Thumb Code     2  dma_stm32f10x.o(i.DMA2_Channel3_Event)
    DMA2_Channel3_IRQHandler                 0x08000579   Thumb Code    26  dma_stm32f10x.o(i.DMA2_Channel3_IRQHandler)
    DMA2_Channel4_5_IRQHandler               0x08000599   Thumb Code    52  dma_stm32f10x.o(i.DMA2_Channel4_5_IRQHandler)
    DMA2_Channel4_Event                      0x080005d1   Thumb Code     2  dma_stm32f10x.o(i.DMA2_Channel4_Event)
    DMA2_Channel5_Event                      0x080005d3   Thumb Code     2  dma_stm32f10x.o(i.DMA2_Channel5_Event)
    FDC2X14_Init                             0x080005d5   Thumb Code   448  fdc2x14.o(i.FDC2X14_Init)
    FDC_GetCH                                0x08000795   Thumb Code   218  fdc2x14.o(i.FDC_GetCH)
    FSMC_NORSRAMCmd                          0x08000891   Thumb Code    46  stm32f10x_fsmc.o(i.FSMC_NORSRAMCmd)
    FSMC_NORSRAMInit                         0x080008c5   Thumb Code   230  stm32f10x_fsmc.o(i.FSMC_NORSRAMInit)
    GPIO_Init                                0x080009ab   Thumb Code   278  stm32f10x_gpio.o(i.GPIO_Init)
    GPIO_SetBits                             0x08000ac1   Thumb Code     4  stm32f10x_gpio.o(i.GPIO_SetBits)
    Get_Error                                0x08000ac5   Thumb Code   100  fdc2x14.o(i.Get_Error)
    Get_Key                                  0x08000b49   Thumb Code   262  key.o(i.Get_Key)
    Get_Level                                0x08000c55   Thumb Code   276  pretreat.o(i.Get_Level)
    Get_Read                                 0x08000d89   Thumb Code   212  pretreat.o(i.Get_Read)
    IIC2_Ack                                 0x08000e9d   Thumb Code    64  myiic2.o(i.IIC2_Ack)
    IIC2_Init                                0x08000ee9   Thumb Code    46  myiic2.o(i.IIC2_Init)
    IIC2_Read_Byte                           0x08000f1d   Thumb Code    68  myiic2.o(i.IIC2_Read_Byte)
    IIC2_Send_Byte                           0x08000f69   Thumb Code    78  myiic2.o(i.IIC2_Send_Byte)
    IIC2_Start                               0x08000fc1   Thumb Code    64  myiic2.o(i.IIC2_Start)
    IIC2_Stop                                0x0800100d   Thumb Code    56  myiic2.o(i.IIC2_Stop)
    IIC2_Wait_Ack                            0x08001051   Thumb Code    86  myiic2.o(i.IIC2_Wait_Ack)
    IIC_Ack                                  0x080010b5   Thumb Code    64  myiic.o(i.IIC_Ack)
    IIC_Init                                 0x08001101   Thumb Code    50  myiic.o(i.IIC_Init)
    IIC_Read_Byte                            0x08001139   Thumb Code    68  myiic.o(i.IIC_Read_Byte)
    IIC_Send_Byte                            0x08001185   Thumb Code    78  myiic.o(i.IIC_Send_Byte)
    IIC_Start                                0x080011dd   Thumb Code    64  myiic.o(i.IIC_Start)
    IIC_Stop                                 0x08001229   Thumb Code    56  myiic.o(i.IIC_Stop)
    IIC_Wait_Ack                             0x0800126d   Thumb Code    86  myiic.o(i.IIC_Wait_Ack)
    Key_Initial                              0x080012d1   Thumb Code    32  key.o(i.Key_Initial)
    LCD_Clear                                0x080012f5   Thumb Code    44  lcd.o(i.LCD_Clear)
    LCD_Display_Dir                          0x08001325   Thumb Code   238  lcd.o(i.LCD_Display_Dir)
    LCD_DrawPoint                            0x08001419   Thumb Code    30  lcd.o(i.LCD_DrawPoint)
    LCD_Init                                 0x0800143d   Thumb Code  6272  lcd.o(i.LCD_Init)
    LCD_Pow                                  0x08002cc5   Thumb Code    22  lcd.o(i.LCD_Pow)
    LCD_RD_DATA                              0x08002cdb   Thumb Code     8  lcd.o(i.LCD_RD_DATA)
    LCD_ReadReg                              0x08002ce3   Thumb Code    22  lcd.o(i.LCD_ReadReg)
    LCD_Scan_Dir                             0x08002cf9   Thumb Code   454  lcd.o(i.LCD_Scan_Dir)
    LCD_SetCursor                            0x08002ec5   Thumb Code   112  lcd.o(i.LCD_SetCursor)
    LCD_ShowChar                             0x08002f39   Thumb Code   340  lcd.o(i.LCD_ShowChar)
    LCD_ShowNum                              0x080030a1   Thumb Code   148  lcd.o(i.LCD_ShowNum)
    LCD_ShowString                           0x08003135   Thumb Code   102  lcd.o(i.LCD_ShowString)
    LCD_WR_DATA                              0x0800319b   Thumb Code     8  lcd.o(i.LCD_WR_DATA)
    LCD_WR_REG                               0x080031a3   Thumb Code     8  lcd.o(i.LCD_WR_REG)
    LCD_WriteRAM_Prepare                     0x080031ad   Thumb Code    12  lcd.o(i.LCD_WriteRAM_Prepare)
    LCD_WriteReg                             0x080031bd   Thumb Code    10  lcd.o(i.LCD_WriteReg)
    Main_Win                                 0x080031c9   Thumb Code   144  display.o(i.Main_Win)
    Main_Win_Initial                         0x08003261   Thumb Code    76  display.o(i.Main_Win_Initial)
    NVIC_Init                                0x080032dd   Thumb Code   100  misc.o(i.NVIC_Init)
    RCC_AHBPeriphClockCmd                    0x0800334d   Thumb Code    26  stm32f10x_rcc.o(i.RCC_AHBPeriphClockCmd)
    RCC_APB2PeriphClockCmd                   0x0800336d   Thumb Code    26  stm32f10x_rcc.o(i.RCC_APB2PeriphClockCmd)
    RCC_GetClocksFreq                        0x0800338d   Thumb Code   192  stm32f10x_rcc.o(i.RCC_GetClocksFreq)
    ReadFDC2X14                              0x08003461   Thumb Code   258  fdc2x14.o(i.ReadFDC2X14)
    ReadFDC2X14_2                            0x08003563   Thumb Code   258  fdc2x14.o(i.ReadFDC2X14_2)
    ShowNum                                  0x0800374d   Thumb Code   138  lcd.o(i.ShowNum)
    ShowString                               0x080037fd   Thumb Code    44  lcd.o(i.ShowString)
    SysTick_CLKSourceConfig                  0x08003829   Thumb Code    40  misc.o(i.SysTick_CLKSourceConfig)
    SystemInit                               0x08003851   Thumb Code    78  system_stm32f10x.o(i.SystemInit)
    System_Initial                           0x080038b1   Thumb Code    48  main.o(i.System_Initial)
    TIM2_IRQHandler                          0x080038e9   Thumb Code     2  break.o(i.TIM2_IRQHandler)
    USART1_IRQHandler                        0x080038ed   Thumb Code   122  usart.o(i.USART1_IRQHandler)
    USART_Cmd                                0x08003975   Thumb Code    24  stm32f10x_usart.o(i.USART_Cmd)
    USART_GetITStatus                        0x0800398d   Thumb Code    84  stm32f10x_usart.o(i.USART_GetITStatus)
    USART_ITConfig                           0x080039e1   Thumb Code    74  stm32f10x_usart.o(i.USART_ITConfig)
    USART_Init                               0x08003a2d   Thumb Code   210  stm32f10x_usart.o(i.USART_Init)
    USART_ReceiveData                        0x08003b05   Thumb Code    10  stm32f10x_usart.o(i.USART_ReceiveData)
    WriteRegfdc2214                          0x08003b0f   Thumb Code    64  fdc2x14.o(i.WriteRegfdc2214)
    WriteRegfdc2214_2                        0x08003b4f   Thumb Code    64  fdc2x14.o(i.WriteRegfdc2214_2)
    _sys_exit                                0x08003b8f   Thumb Code     4  usart.o(i._sys_exit)
    delay_init                               0x08003b95   Thumb Code    50  delay.o(i.delay_init)
    delay_ms                                 0x08003bd9   Thumb Code    72  delay.o(i.delay_ms)
    delay_us                                 0x08003c25   Thumb Code    72  delay.o(i.delay_us)
    main                                     0x08003c71   Thumb Code   136  main.o(i.main)
    max                                      0x08003d1d   Thumb Code    14  main.o(i.max)
    min                                      0x08003d2b   Thumb Code    14  main.o(i.min)
    uart_init                                0x08003d39   Thumb Code   152  usart.o(i.uart_init)
    asc2_1206                                0x08003dd8   Data        1140  lcd.o(.constdata)
    asc2_1608                                0x0800424c   Data        1520  lcd.o(.constdata)
    Region$$Table$$Base                      0x0800483c   Number         0  anon$$obj.o(Region$$Table)
    Region$$Table$$Limit                     0x0800485c   Number         0  anon$$obj.o(Region$$Table)
    Mode                                     0x20000000   Data           4  main.o(.data)
    Mode_Size                                0x20000004   Data           4  main.o(.data)
    __stdout                                 0x2000000c   Data           4  usart.o(.data)
    USART_RX_STA                             0x20000010   Data           2  usart.o(.data)
    Error0                                   0x20000014   Data           4  fdc2x14.o(.data)
    Error1                                   0x20000018   Data           4  fdc2x14.o(.data)
    Error2                                   0x2000001c   Data           4  fdc2x14.o(.data)
    Error3                                   0x20000020   Data           4  fdc2x14.o(.data)
    Error4                                   0x20000024   Data           4  fdc2x14.o(.data)
    Error5                                   0x20000028   Data           4  fdc2x14.o(.data)
    Error6                                   0x2000002c   Data           4  fdc2x14.o(.data)
    Error7                                   0x20000030   Data           4  fdc2x14.o(.data)
    POINT_COLOR                              0x20000034   Data           2  lcd.o(.data)
    BACK_COLOR                               0x20000036   Data           2  lcd.o(.data)
    Level0                                   0x20000038   Data           4  pretreat.o(.data)
    Level1                                   0x2000003c   Data           4  pretreat.o(.data)
    Level2                                   0x20000040   Data           4  pretreat.o(.data)
    Level3                                   0x20000044   Data           4  pretreat.o(.data)
    Level4                                   0x20000048   Data           4  pretreat.o(.data)
    Level5                                   0x2000004c   Data           4  pretreat.o(.data)
    Level6                                   0x20000050   Data           4  pretreat.o(.data)
    Level7                                   0x20000054   Data           4  pretreat.o(.data)
    Read0                                    0x20000058   Data           4  pretreat.o(.data)
    Read1                                    0x2000005c   Data           4  pretreat.o(.data)
    Read2                                    0x20000060   Data           4  pretreat.o(.data)
    Read3                                    0x20000064   Data           4  pretreat.o(.data)
    Read4                                    0x20000068   Data           4  pretreat.o(.data)
    Read5                                    0x2000006c   Data           4  pretreat.o(.data)
    Read6                                    0x20000070   Data           4  pretreat.o(.data)
    Read7                                    0x20000074   Data           4  pretreat.o(.data)
    SystemCoreClock                          0x2000008c   Data           4  system_stm32f10x.o(.data)
    AHBPrescTable                            0x20000090   Data          16  system_stm32f10x.o(.data)
    USART_RX_BUF                             0x200000a0   Data         200  usart.o(.bss)
    lcddev                                   0x20000168   Data          10  lcd.o(.bss)
    __libspace_start                         0x20000174   Data          96  libspace.o(.bss)
    __temporary_stack_top$libspace           0x200001d4   Data           0  libspace.o(.bss)



==============================================================================

Memory Map of the image

  Image Entry point : 0x08000131

  Load Region LR_IROM1 (Base: 0x08000000, Size: 0x000048fc, Max: 0x00080000, ABSOLUTE)

    Execution Region ER_IROM1 (Exec base: 0x08000000, Load base: 0x08000000, Size: 0x0000485c, Max: 0x00080000, ABSOLUTE)

    Exec Addr    Load Addr    Size         Type   Attr      Idx    E Section Name        Object

    0x08000000   0x08000000   0x00000130   Data   RO         2652    RESET               startup_stm32f10x_hd.o
    0x08000130   0x08000130   0x00000008   Code   RO         2709  * !!!main             c_w.l(__main.o)
    0x08000138   0x08000138   0x00000034   Code   RO         2887    !!!scatter          c_w.l(__scatter.o)
    0x0800016c   0x0800016c   0x0000001a   Code   RO         2889    !!handler_copy      c_w.l(__scatter_copy.o)
    0x08000186   0x08000186   0x00000002   PAD
    0x08000188   0x08000188   0x0000001c   Code   RO         2891    !!handler_zi        c_w.l(__scatter_zi.o)
    0x080001a4   0x080001a4   0x00000002   Code   RO         2761    .ARM.Collect$$libinit$$00000000  c_w.l(libinit.o)
    0x080001a6   0x080001a6   0x00000000   Code   RO         2768    .ARM.Collect$$libinit$$00000002  c_w.l(libinit2.o)
    0x080001a6   0x080001a6   0x00000000   Code   RO         2770    .ARM.Collect$$libinit$$00000004  c_w.l(libinit2.o)
    0x080001a6   0x080001a6   0x00000000   Code   RO         2773    .ARM.Collect$$libinit$$0000000A  c_w.l(libinit2.o)
    0x080001a6   0x080001a6   0x00000000   Code   RO         2775    .ARM.Collect$$libinit$$0000000C  c_w.l(libinit2.o)
    0x080001a6   0x080001a6   0x00000000   Code   RO         2777    .ARM.Collect$$libinit$$0000000E  c_w.l(libinit2.o)
    0x080001a6   0x080001a6   0x00000000   Code   RO         2780    .ARM.Collect$$libinit$$00000011  c_w.l(libinit2.o)
    0x080001a6   0x080001a6   0x00000000   Code   RO         2782    .ARM.Collect$$libinit$$00000013  c_w.l(libinit2.o)
    0x080001a6   0x080001a6   0x00000000   Code   RO         2784    .ARM.Collect$$libinit$$00000015  c_w.l(libinit2.o)
    0x080001a6   0x080001a6   0x00000000   Code   RO         2786    .ARM.Collect$$libinit$$00000017  c_w.l(libinit2.o)
    0x080001a6   0x080001a6   0x00000000   Code   RO         2788    .ARM.Collect$$libinit$$00000019  c_w.l(libinit2.o)
    0x080001a6   0x080001a6   0x00000000   Code   RO         2790    .ARM.Collect$$libinit$$0000001B  c_w.l(libinit2.o)
    0x080001a6   0x080001a6   0x00000000   Code   RO         2792    .ARM.Collect$$libinit$$0000001D  c_w.l(libinit2.o)
    0x080001a6   0x080001a6   0x00000000   Code   RO         2794    .ARM.Collect$$libinit$$0000001F  c_w.l(libinit2.o)
    0x080001a6   0x080001a6   0x00000000   Code   RO         2796    .ARM.Collect$$libinit$$00000021  c_w.l(libinit2.o)
    0x080001a6   0x080001a6   0x00000000   Code   RO         2798    .ARM.Collect$$libinit$$00000023  c_w.l(libinit2.o)
    0x080001a6   0x080001a6   0x00000000   Code   RO         2800    .ARM.Collect$$libinit$$00000025  c_w.l(libinit2.o)
    0x080001a6   0x080001a6   0x00000000   Code   RO         2804    .ARM.Collect$$libinit$$0000002C  c_w.l(libinit2.o)
    0x080001a6   0x080001a6   0x00000000   Code   RO         2806    .ARM.Collect$$libinit$$0000002E  c_w.l(libinit2.o)
    0x080001a6   0x080001a6   0x00000000   Code   RO         2808    .ARM.Collect$$libinit$$00000030  c_w.l(libinit2.o)
    0x080001a6   0x080001a6   0x00000000   Code   RO         2810    .ARM.Collect$$libinit$$00000032  c_w.l(libinit2.o)
    0x080001a6   0x080001a6   0x00000002   Code   RO         2811    .ARM.Collect$$libinit$$00000033  c_w.l(libinit2.o)
    0x080001a8   0x080001a8   0x00000002   Code   RO         2829    .ARM.Collect$$libshutdown$$00000000  c_w.l(libshutdown.o)
    0x080001aa   0x080001aa   0x00000000   Code   RO         2839    .ARM.Collect$$libshutdown$$00000002  c_w.l(libshutdown2.o)
    0x080001aa   0x080001aa   0x00000000   Code   RO         2841    .ARM.Collect$$libshutdown$$00000004  c_w.l(libshutdown2.o)
    0x080001aa   0x080001aa   0x00000000   Code   RO         2844    .ARM.Collect$$libshutdown$$00000007  c_w.l(libshutdown2.o)
    0x080001aa   0x080001aa   0x00000000   Code   RO         2847    .ARM.Collect$$libshutdown$$0000000A  c_w.l(libshutdown2.o)
    0x080001aa   0x080001aa   0x00000000   Code   RO         2849    .ARM.Collect$$libshutdown$$0000000C  c_w.l(libshutdown2.o)
    0x080001aa   0x080001aa   0x00000000   Code   RO         2852    .ARM.Collect$$libshutdown$$0000000F  c_w.l(libshutdown2.o)
    0x080001aa   0x080001aa   0x00000002   Code   RO         2853    .ARM.Collect$$libshutdown$$00000010  c_w.l(libshutdown2.o)
    0x080001ac   0x080001ac   0x00000000   Code   RO         2727    .ARM.Collect$$rtentry$$00000000  c_w.l(__rtentry.o)
    0x080001ac   0x080001ac   0x00000000   Code   RO         2736    .ARM.Collect$$rtentry$$00000002  c_w.l(__rtentry2.o)
    0x080001ac   0x080001ac   0x00000006   Code   RO         2748    .ARM.Collect$$rtentry$$00000004  c_w.l(__rtentry4.o)
    0x080001b2   0x080001b2   0x00000000   Code   RO         2738    .ARM.Collect$$rtentry$$00000009  c_w.l(__rtentry2.o)
    0x080001b2   0x080001b2   0x00000004   Code   RO         2739    .ARM.Collect$$rtentry$$0000000A  c_w.l(__rtentry2.o)
    0x080001b6   0x080001b6   0x00000000   Code   RO         2741    .ARM.Collect$$rtentry$$0000000C  c_w.l(__rtentry2.o)
    0x080001b6   0x080001b6   0x00000008   Code   RO         2742    .ARM.Collect$$rtentry$$0000000D  c_w.l(__rtentry2.o)
    0x080001be   0x080001be   0x00000002   Code   RO         2765    .ARM.Collect$$rtexit$$00000000  c_w.l(rtexit.o)
    0x080001c0   0x080001c0   0x00000000   Code   RO         2813    .ARM.Collect$$rtexit$$00000002  c_w.l(rtexit2.o)
    0x080001c0   0x080001c0   0x00000004   Code   RO         2814    .ARM.Collect$$rtexit$$00000003  c_w.l(rtexit2.o)
    0x080001c4   0x080001c4   0x00000006   Code   RO         2815    .ARM.Collect$$rtexit$$00000004  c_w.l(rtexit2.o)
    0x080001ca   0x080001ca   0x00000002   PAD
    0x080001cc   0x080001cc   0x00000040   Code   RO         2653    .text               startup_stm32f10x_hd.o
    0x0800020c   0x0800020c   0x00000002   Code   RO         2705    .text               c_w.l(use_no_semi_2.o)
    0x0800020e   0x0800020e   0x00000006   Code   RO         2707    .text               c_w.l(heapauxi.o)
    0x08000214   0x08000214   0x00000002   Code   RO         2725    .text               c_w.l(use_no_semi.o)
    0x08000216   0x08000216   0x0000004a   Code   RO         2752    .text               c_w.l(sys_stackheap_outer.o)
    0x08000260   0x08000260   0x00000012   Code   RO         2754    .text               c_w.l(exit.o)
    0x08000272   0x08000272   0x00000002   PAD
    0x08000274   0x08000274   0x00000008   Code   RO         2762    .text               c_w.l(libspace.o)
    0x0800027c   0x0800027c   0x00000024   Code   RO          433    i.ADS2_clock        myiic2.o
    0x080002a0   0x080002a0   0x0000000e   Code   RO          434    i.ADS2_delay        myiic2.o
    0x080002ae   0x080002ae   0x00000002   PAD
    0x080002b0   0x080002b0   0x00000024   Code   RO          346    i.ADS_clock         myiic.o
    0x080002d4   0x080002d4   0x0000000e   Code   RO          347    i.ADS_delay         myiic.o
    0x080002e2   0x080002e2   0x00000002   PAD
    0x080002e4   0x080002e4   0x0000016c   Code   RO         1125    i.Check_Win         display.o
    0x08000450   0x08000450   0x00000002   Code   RO         2401    i.DMA1_Channel1_Event  dma_stm32f10x.o
    0x08000452   0x08000452   0x00000002   PAD
    0x08000454   0x08000454   0x0000001c   Code   RO         2402    i.DMA1_Channel1_IRQHandler  dma_stm32f10x.o
    0x08000470   0x08000470   0x00000002   Code   RO         2403    i.DMA1_Channel2_Event  dma_stm32f10x.o
    0x08000472   0x08000472   0x00000002   PAD
    0x08000474   0x08000474   0x0000001c   Code   RO         2404    i.DMA1_Channel2_IRQHandler  dma_stm32f10x.o
    0x08000490   0x08000490   0x00000002   Code   RO         2405    i.DMA1_Channel3_Event  dma_stm32f10x.o
    0x08000492   0x08000492   0x00000002   PAD
    0x08000494   0x08000494   0x0000001c   Code   RO         2406    i.DMA1_Channel3_IRQHandler  dma_stm32f10x.o
    0x080004b0   0x080004b0   0x00000002   Code   RO         2407    i.DMA1_Channel4_Event  dma_stm32f10x.o
    0x080004b2   0x080004b2   0x00000002   PAD
    0x080004b4   0x080004b4   0x0000001c   Code   RO         2408    i.DMA1_Channel4_IRQHandler  dma_stm32f10x.o
    0x080004d0   0x080004d0   0x00000002   Code   RO         2409    i.DMA1_Channel5_Event  dma_stm32f10x.o
    0x080004d2   0x080004d2   0x00000002   PAD
    0x080004d4   0x080004d4   0x0000001c   Code   RO         2410    i.DMA1_Channel5_IRQHandler  dma_stm32f10x.o
    0x080004f0   0x080004f0   0x00000002   Code   RO         2411    i.DMA1_Channel6_Event  dma_stm32f10x.o
    0x080004f2   0x080004f2   0x00000002   PAD
    0x080004f4   0x080004f4   0x0000001c   Code   RO         2412    i.DMA1_Channel6_IRQHandler  dma_stm32f10x.o
    0x08000510   0x08000510   0x00000002   Code   RO         2413    i.DMA1_Channel7_Event  dma_stm32f10x.o
    0x08000512   0x08000512   0x00000002   PAD
    0x08000514   0x08000514   0x0000001c   Code   RO         2414    i.DMA1_Channel7_IRQHandler  dma_stm32f10x.o
    0x08000530   0x08000530   0x00000002   Code   RO         2415    i.DMA2_Channel1_Event  dma_stm32f10x.o
    0x08000532   0x08000532   0x00000002   PAD
    0x08000534   0x08000534   0x0000001c   Code   RO         2416    i.DMA2_Channel1_IRQHandler  dma_stm32f10x.o
    0x08000550   0x08000550   0x00000002   Code   RO         2417    i.DMA2_Channel2_Event  dma_stm32f10x.o
    0x08000552   0x08000552   0x00000002   PAD
    0x08000554   0x08000554   0x00000020   Code   RO         2418    i.DMA2_Channel2_IRQHandler  dma_stm32f10x.o
    0x08000574   0x08000574   0x00000002   Code   RO         2419    i.DMA2_Channel3_Event  dma_stm32f10x.o
    0x08000576   0x08000576   0x00000002   PAD
    0x08000578   0x08000578   0x00000020   Code   RO         2420    i.DMA2_Channel3_IRQHandler  dma_stm32f10x.o
    0x08000598   0x08000598   0x00000038   Code   RO         2421    i.DMA2_Channel4_5_IRQHandler  dma_stm32f10x.o
    0x080005d0   0x080005d0   0x00000002   Code   RO         2422    i.DMA2_Channel4_Event  dma_stm32f10x.o
    0x080005d2   0x080005d2   0x00000002   Code   RO         2424    i.DMA2_Channel5_Event  dma_stm32f10x.o
    0x080005d4   0x080005d4   0x000001c0   Code   RO          283    i.FDC2X14_Init      fdc2x14.o
    0x08000794   0x08000794   0x000000fc   Code   RO          284    i.FDC_GetCH         fdc2x14.o
    0x08000890   0x08000890   0x00000034   Code   RO          932    i.FSMC_NORSRAMCmd   stm32f10x_fsmc.o
    0x080008c4   0x080008c4   0x000000e6   Code   RO          934    i.FSMC_NORSRAMInit  stm32f10x_fsmc.o
    0x080009aa   0x080009aa   0x00000116   Code   RO         1215    i.GPIO_Init         stm32f10x_gpio.o
    0x08000ac0   0x08000ac0   0x00000004   Code   RO         1223    i.GPIO_SetBits      stm32f10x_gpio.o
    0x08000ac4   0x08000ac4   0x00000084   Code   RO          285    i.Get_Error         fdc2x14.o
    0x08000b48   0x08000b48   0x0000010c   Code   RO         1053    i.Get_Key           key.o
    0x08000c54   0x08000c54   0x00000134   Code   RO         1083    i.Get_Level         pretreat.o
    0x08000d88   0x08000d88   0x00000114   Code   RO         1084    i.Get_Read          pretreat.o
    0x08000e9c   0x08000e9c   0x0000004c   Code   RO          435    i.IIC2_Ack          myiic2.o
    0x08000ee8   0x08000ee8   0x00000034   Code   RO          436    i.IIC2_Init         myiic2.o
    0x08000f1c   0x08000f1c   0x0000004c   Code   RO          438    i.IIC2_Read_Byte    myiic2.o
    0x08000f68   0x08000f68   0x00000058   Code   RO          439    i.IIC2_Send_Byte    myiic2.o
    0x08000fc0   0x08000fc0   0x0000004c   Code   RO          440    i.IIC2_Start        myiic2.o
    0x0800100c   0x0800100c   0x00000044   Code   RO          441    i.IIC2_Stop         myiic2.o
    0x08001050   0x08001050   0x00000064   Code   RO          442    i.IIC2_Wait_Ack     myiic2.o
    0x080010b4   0x080010b4   0x0000004c   Code   RO          348    i.IIC_Ack           myiic.o
    0x08001100   0x08001100   0x00000038   Code   RO          349    i.IIC_Init          myiic.o
    0x08001138   0x08001138   0x0000004c   Code   RO          351    i.IIC_Read_Byte     myiic.o
    0x08001184   0x08001184   0x00000058   Code   RO          352    i.IIC_Send_Byte     myiic.o
    0x080011dc   0x080011dc   0x0000004c   Code   RO          353    i.IIC_Start         myiic.o
    0x08001228   0x08001228   0x00000044   Code   RO          354    i.IIC_Stop          myiic.o
    0x0800126c   0x0800126c   0x00000064   Code   RO          355    i.IIC_Wait_Ack      myiic.o
    0x080012d0   0x080012d0   0x00000024   Code   RO         1054    i.Key_Initial       key.o
    0x080012f4   0x080012f4   0x00000030   Code   RO          701    i.LCD_Clear         lcd.o
    0x08001324   0x08001324   0x000000f4   Code   RO          705    i.LCD_Display_Dir   lcd.o
    0x08001418   0x08001418   0x00000024   Code   RO          707    i.LCD_DrawPoint     lcd.o
    0x0800143c   0x0800143c   0x00001888   Code   RO          711    i.LCD_Init          lcd.o
    0x08002cc4   0x08002cc4   0x00000016   Code   RO          712    i.LCD_Pow           lcd.o
    0x08002cda   0x08002cda   0x00000008   Code   RO          713    i.LCD_RD_DATA       lcd.o
    0x08002ce2   0x08002ce2   0x00000016   Code   RO          715    i.LCD_ReadReg       lcd.o
    0x08002cf8   0x08002cf8   0x000001cc   Code   RO          716    i.LCD_Scan_Dir      lcd.o
    0x08002ec4   0x08002ec4   0x00000074   Code   RO          717    i.LCD_SetCursor     lcd.o
    0x08002f38   0x08002f38   0x00000168   Code   RO          718    i.LCD_ShowChar      lcd.o
    0x080030a0   0x080030a0   0x00000094   Code   RO          719    i.LCD_ShowNum       lcd.o
    0x08003134   0x08003134   0x00000066   Code   RO          720    i.LCD_ShowString    lcd.o
    0x0800319a   0x0800319a   0x00000008   Code   RO          722    i.LCD_WR_DATA       lcd.o
    0x080031a2   0x080031a2   0x00000008   Code   RO          723    i.LCD_WR_REG        lcd.o
    0x080031aa   0x080031aa   0x00000002   PAD
    0x080031ac   0x080031ac   0x00000010   Code   RO          725    i.LCD_WriteRAM_Prepare  lcd.o
    0x080031bc   0x080031bc   0x0000000a   Code   RO          726    i.LCD_WriteReg      lcd.o
    0x080031c6   0x080031c6   0x00000002   PAD
    0x080031c8   0x080031c8   0x00000098   Code   RO         1126    i.Main_Win          display.o
    0x08003260   0x08003260   0x0000007c   Code   RO         1127    i.Main_Win_Initial  display.o
    0x080032dc   0x080032dc   0x00000070   Code   RO         1161    i.NVIC_Init         misc.o
    0x0800334c   0x0800334c   0x00000020   Code   RO         1336    i.RCC_AHBPeriphClockCmd  stm32f10x_rcc.o
    0x0800336c   0x0800336c   0x00000020   Code   RO         1339    i.RCC_APB2PeriphClockCmd  stm32f10x_rcc.o
    0x0800338c   0x0800338c   0x000000d4   Code   RO         1347    i.RCC_GetClocksFreq  stm32f10x_rcc.o
    0x08003460   0x08003460   0x00000102   Code   RO          286    i.ReadFDC2X14       fdc2x14.o
    0x08003562   0x08003562   0x00000102   Code   RO          287    i.ReadFDC2X14_2     fdc2x14.o
    0x08003664   0x08003664   0x00000008   Code   RO         2660    i.SetSysClock       system_stm32f10x.o
    0x0800366c   0x0800366c   0x000000e0   Code   RO         2661    i.SetSysClockTo72   system_stm32f10x.o
    0x0800374c   0x0800374c   0x000000b0   Code   RO          727    i.ShowNum           lcd.o
    0x080037fc   0x080037fc   0x0000002c   Code   RO          728    i.ShowString        lcd.o
    0x08003828   0x08003828   0x00000028   Code   RO         1165    i.SysTick_CLKSourceConfig  misc.o
    0x08003850   0x08003850   0x00000060   Code   RO         2663    i.SystemInit        system_stm32f10x.o
    0x080038b0   0x080038b0   0x00000038   Code   RO            4    i.System_Initial    main.o
    0x080038e8   0x080038e8   0x00000002   Code   RO          662    i.TIM2_IRQHandler   break.o
    0x080038ea   0x080038ea   0x00000002   PAD
    0x080038ec   0x080038ec   0x00000088   Code   RO          230    i.USART1_IRQHandler  usart.o
    0x08003974   0x08003974   0x00000018   Code   RO         2213    i.USART_Cmd         stm32f10x_usart.o
    0x0800398c   0x0800398c   0x00000054   Code   RO         2217    i.USART_GetITStatus  stm32f10x_usart.o
    0x080039e0   0x080039e0   0x0000004a   Code   RO         2219    i.USART_ITConfig    stm32f10x_usart.o
    0x08003a2a   0x08003a2a   0x00000002   PAD
    0x08003a2c   0x08003a2c   0x000000d8   Code   RO         2220    i.USART_Init        stm32f10x_usart.o
    0x08003b04   0x08003b04   0x0000000a   Code   RO         2227    i.USART_ReceiveData  stm32f10x_usart.o
    0x08003b0e   0x08003b0e   0x00000040   Code   RO          288    i.WriteRegfdc2214   fdc2x14.o
    0x08003b4e   0x08003b4e   0x00000040   Code   RO          289    i.WriteRegfdc2214_2  fdc2x14.o
    0x08003b8e   0x08003b8e   0x00000004   Code   RO          231    i._sys_exit         usart.o
    0x08003b92   0x08003b92   0x00000002   PAD
    0x08003b94   0x08003b94   0x00000044   Code   RO          152    i.delay_init        delay.o
    0x08003bd8   0x08003bd8   0x0000004c   Code   RO          153    i.delay_ms          delay.o
    0x08003c24   0x08003c24   0x0000004c   Code   RO          154    i.delay_us          delay.o
    0x08003c70   0x08003c70   0x000000ac   Code   RO            6    i.main              main.o
    0x08003d1c   0x08003d1c   0x0000000e   Code   RO            7    i.max               main.o
    0x08003d2a   0x08003d2a   0x0000000e   Code   RO            8    i.min               main.o
    0x08003d38   0x08003d38   0x000000a0   Code   RO          233    i.uart_init         usart.o
    0x08003dd8   0x08003dd8   0x00000a64   Data   RO          731    .constdata          lcd.o
    0x0800483c   0x0800483c   0x00000020   Data   RO         2885    Region$$Table       anon$$obj.o


    Execution Region RW_IRAM1 (Exec base: 0x20000000, Load base: 0x0800485c, Size: 0x000007d8, Max: 0x00010000, ABSOLUTE)

    Exec Addr    Load Addr    Size         Type   Attr      Idx    E Section Name        Object

    0x20000000   0x0800485c   0x00000008   Data   RW            9    .data               main.o
    0x20000008   0x08004864   0x00000004   Data   RW          155    .data               delay.o
    0x2000000c   0x08004868   0x00000006   Data   RW          235    .data               usart.o
    0x20000012   0x0800486e   0x00000002   PAD
    0x20000014   0x08004870   0x00000020   Data   RW          290    .data               fdc2x14.o
    0x20000034   0x08004890   0x00000004   Data   RW          732    .data               lcd.o
    0x20000038   0x08004894   0x00000040   Data   RW         1086    .data               pretreat.o
    0x20000078   0x080048d4   0x00000014   Data   RW         1367    .data               stm32f10x_rcc.o
    0x2000008c   0x080048e8   0x00000014   Data   RW         2664    .data               system_stm32f10x.o
    0x200000a0        -       0x000000c8   Zero   RW          234    .bss                usart.o
    0x20000168        -       0x0000000a   Zero   RW          730    .bss                lcd.o
    0x20000172   0x080048fc   0x00000002   PAD
    0x20000174        -       0x00000060   Zero   RW         2763    .bss                c_w.l(libspace.o)
    0x200001d4   0x080048fc   0x00000004   PAD
    0x200001d8        -       0x00000200   Zero   RW         2651    HEAP                startup_stm32f10x_hd.o
    0x200003d8        -       0x00000400   Zero   RW         2650    STACK               startup_stm32f10x_hd.o


==============================================================================

Image component sizes


      Code (inc. data)   RO Data    RW Data    ZI Data      Debug   Object Name

         2          0          0          0          0        394   break.o
       220         26          0          4          0       1623   delay.o
       640        214          0          0          0       1802   display.o
       368         50          0          0          0      11951   dma_stm32f10x.o
      1476         74          0         32          0       4849   fdc2x14.o
       304         10          0          0          0       1092   key.o
      8108        168       2660          4         10      17468   lcd.o
       256         44          0          8          0     242997   main.o
       152         12          0          0          0       1694   misc.o
       590         84          0          0          0       4311   myiic.o
       586         84          0          0          0       4348   myiic2.o
       584         96          0         64          0       1565   pretreat.o
        64         26        304          0       1536        808   startup_stm32f10x_hd.o
       282          6          0          0          0       1729   stm32f10x_fsmc.o
       282          0          0          0          0       2647   stm32f10x_gpio.o
       276         32          0         20          0       4605   stm32f10x_rcc.o
       408          6          0          0          0       5250   stm32f10x_usart.o
       328         28          0         20          0       2225   system_stm32f10x.o
       300         22          0          6        200       3468   usart.o

    ----------------------------------------------------------------------
     15260        982       2996        160       1748     314826   Object Totals
         0          0         32          0          0          0   (incl. Generated)
        34          0          0          2          2          0   (incl. Padding)

    ----------------------------------------------------------------------

      Code (inc. data)   RO Data    RW Data    ZI Data      Debug   Library Member Name

         8          0          0          0          0         68   __main.o
         0          0          0          0          0          0   __rtentry.o
        12          0          0          0          0          0   __rtentry2.o
         6          0          0          0          0          0   __rtentry4.o
        52          8          0          0          0          0   __scatter.o
        26          0          0          0          0          0   __scatter_copy.o
        28          0          0          0          0          0   __scatter_zi.o
        18          0          0          0          0         80   exit.o
         6          0          0          0          0        152   heapauxi.o
         2          0          0          0          0          0   libinit.o
         2          0          0          0          0          0   libinit2.o
         2          0          0          0          0          0   libshutdown.o
         2          0          0          0          0          0   libshutdown2.o
         8          4          0          0         96         68   libspace.o
         2          0          0          0          0          0   rtexit.o
        10          0          0          0          0          0   rtexit2.o
        74          0          0          0          0         80   sys_stackheap_outer.o
         2          0          0          0          0         68   use_no_semi.o
         2          0          0          0          0         68   use_no_semi_2.o

    ----------------------------------------------------------------------
       268         12          0          0        100        584   Library Totals
         6          0          0          0          4          0   (incl. Padding)

    ----------------------------------------------------------------------

      Code (inc. data)   RO Data    RW Data    ZI Data      Debug   Library Name

       262         12          0          0         96        584   c_w.l

    ----------------------------------------------------------------------
       268         12          0          0        100        584   Library Totals

    ----------------------------------------------------------------------

==============================================================================


      Code (inc. data)   RO Data    RW Data    ZI Data      Debug   

     15528        994       2996        160       1848     310258   Grand Totals
     15528        994       2996        160       1848     310258   ELF Image Totals
     15528        994       2996        160          0          0   ROM Totals

==============================================================================

    Total RO  Size (Code + RO Data)                18524 (  18.09kB)
    Total RW  Size (RW Data + ZI Data)              2008 (   1.96kB)
    Total ROM Size (Code + RO Data + RW Data)      18684 (  18.25kB)

==============================================================================

