Component: ARM Compiler 5.06 update 5 (build 528) Tool: armlink [4d35e2]

==============================================================================

Section Cross References

    main.o(i.DataScope) refers to fflt_clz.o(x$fpl$fflt) for __aeabi_i2f
    main.o(i.DataScope) refers to datascope_dp.o(i.DataScope_Get_Channel_Data) for DataScope_Get_Channel_Data
    main.o(i.DataScope) refers to datascope_dp.o(i.DataScope_Data_Generate) for DataScope_Data_Generate
    main.o(i.DataScope) refers to pretreat.o(.bss) for Ave
    main.o(i.DataScope) refers to datascope_dp.o(.bss) for DataScope_OutPut_Buffer
    main.o(i.System_Initial) refers to delay.o(i.delay_init) for delay_init
    main.o(i.System_Initial) refers to usart.o(i.uart_init) for uart_init
    main.o(i.System_Initial) refers to myiic.o(i.IIC_Init) for IIC_Init
    main.o(i.System_Initial) refers to myiic2.o(i.IIC2_Init) for IIC2_Init
    main.o(i.System_Initial) refers to fdc2x14.o(i.FDC2X14_Init) for FDC2X14_Init
    main.o(i.System_Initial) refers to lcd.o(i.LCD_Init) for LCD_Init
    main.o(i.System_Initial) refers to key.o(i.Key_Initial) for Key_Initial
    main.o(i.System_Initial) refers to pretreat.o(i.Pretreat_Initial) for Pretreat_Initial
    main.o(i.System_Initial) refers to main.o(.data) for Mode
    main.o(i.main) refers to main.o(i.System_Initial) for System_Initial
    main.o(i.main) refers to display.o(i.Main_Win) for Main_Win
    main.o(i.main) refers to pretreat.o(i.Pretreat_Initial) for Pretreat_Initial
    main.o(i.main) refers to pretreat.o(i.Get_Error) for Get_Error
    main.o(i.main) refers to key.o(i.Get_Key) for Get_Key
    main.o(i.main) refers to pretreat.o(i.Get_AverageCH) for Get_AverageCH
    main.o(i.main) refers to main.o(i.DataScope) for DataScope
    main.o(i.main) refers to part1.o(i.Part1_Start) for Part1_Start
    main.o(i.main) refers to display.o(i.Check_Win) for Check_Win
    main.o(i.main) refers to main.o(.data) for Mode
    delay.o(i.delay_init) refers to misc.o(i.SysTick_CLKSourceConfig) for SysTick_CLKSourceConfig
    delay.o(i.delay_init) refers to system_stm32f10x.o(.data) for SystemCoreClock
    delay.o(i.delay_init) refers to delay.o(.data) for fac_us
    delay.o(i.delay_ms) refers to delay.o(.data) for fac_ms
    delay.o(i.delay_us) refers to delay.o(.data) for fac_us
    usart.o(.rev16_text) refers (Special) to use_no_semi_2.o(.text) for __use_no_semihosting
    usart.o(.revsh_text) refers (Special) to use_no_semi_2.o(.text) for __use_no_semihosting
    usart.o(.rrx_text) refers (Special) to use_no_semi_2.o(.text) for __use_no_semihosting
    usart.o(i.USART1_IRQHandler) refers (Special) to use_no_semi_2.o(.text) for __use_no_semihosting
    usart.o(i.USART1_IRQHandler) refers to stm32f10x_usart.o(i.USART_GetITStatus) for USART_GetITStatus
    usart.o(i.USART1_IRQHandler) refers to stm32f10x_usart.o(i.USART_ReceiveData) for USART_ReceiveData
    usart.o(i.USART1_IRQHandler) refers to usart.o(.data) for USART_RX_STA
    usart.o(i.USART1_IRQHandler) refers to usart.o(.bss) for USART_RX_BUF
    usart.o(i._sys_exit) refers (Special) to use_no_semi_2.o(.text) for __use_no_semihosting
    usart.o(i.fputc) refers (Special) to use_no_semi_2.o(.text) for __use_no_semihosting
    usart.o(i.uart_init) refers (Special) to use_no_semi_2.o(.text) for __use_no_semihosting
    usart.o(i.uart_init) refers to stm32f10x_rcc.o(i.RCC_APB2PeriphClockCmd) for RCC_APB2PeriphClockCmd
    usart.o(i.uart_init) refers to stm32f10x_gpio.o(i.GPIO_Init) for GPIO_Init
    usart.o(i.uart_init) refers to misc.o(i.NVIC_Init) for NVIC_Init
    usart.o(i.uart_init) refers to stm32f10x_usart.o(i.USART_Init) for USART_Init
    usart.o(i.uart_init) refers to stm32f10x_usart.o(i.USART_ITConfig) for USART_ITConfig
    usart.o(i.uart_init) refers to stm32f10x_usart.o(i.USART_Cmd) for USART_Cmd
    usart.o(.bss) refers (Special) to use_no_semi_2.o(.text) for __use_no_semihosting
    usart.o(.data) refers (Special) to use_no_semi_2.o(.text) for __use_no_semihosting
    fdc2x14.o(i.FDC2X14_Init) refers to fdc2x14.o(i.WriteRegfdc2214) for WriteRegfdc2214
    fdc2x14.o(i.FDC2X14_Init) refers to fdc2x14.o(i.WriteRegfdc2214_2) for WriteRegfdc2214_2
    fdc2x14.o(i.FDC2X14_Init) refers to fdc2x14.o(i.Set_Error) for Set_Error
    fdc2x14.o(i.FDC_ClearCH) refers to fdc2x14.o(i.ReadFDC2X14) for ReadFDC2X14
    fdc2x14.o(i.FDC_ClearCH) refers to fdc2x14.o(i.ReadFDC2X14_2) for ReadFDC2X14_2
    fdc2x14.o(i.FDC_GetCH) refers to fdc2x14.o(i.ReadFDC2X14) for ReadFDC2X14
    fdc2x14.o(i.FDC_GetCH) refers to fdc2x14.o(i.ReadFDC2X14_2) for ReadFDC2X14_2
    fdc2x14.o(i.FDC_GetCH) refers to fdc2x14.o(.bss) for Error
    fdc2x14.o(i.ReadFDC2X14) refers to myiic.o(i.IIC_Start) for IIC_Start
    fdc2x14.o(i.ReadFDC2X14) refers to myiic.o(i.IIC_Send_Byte) for IIC_Send_Byte
    fdc2x14.o(i.ReadFDC2X14) refers to myiic.o(i.IIC_Wait_Ack) for IIC_Wait_Ack
    fdc2x14.o(i.ReadFDC2X14) refers to myiic.o(i.ADS_delay) for ADS_delay
[...]
    Removing gpio_stm32f10x.o(i.GPIO_PinConfigure), (120 bytes).
    Removing gpio_stm32f10x.o(i.GPIO_PortClock), (316 bytes).
    Removing system_stm32f10x.o(.rev16_text), (4 bytes).
    Removing system_stm32f10x.o(.revsh_text), (4 bytes).
    Removing system_stm32f10x.o(.rrx_text), (6 bytes).
    Removing system_stm32f10x.o(i.SystemCoreClockUpdate), (164 bytes).

295 unused section(s) (total 11516 bytes) removed from the image.

==============================================================================

Image Symbol Table

    Local Symbols

    Symbol Name                              Value     Ov Type        Size  Object(Section)

    ../clib/angel/boardlib.s                 0x00000000   Number         0  boardinit3.o ABSOLUTE
    ../clib/angel/boardlib.s                 0x00000000   Number         0  boardinit2.o ABSOLUTE
    ../clib/angel/boardlib.s                 0x00000000   Number         0  boardinit1.o ABSOLUTE
    ../clib/angel/boardlib.s                 0x00000000   Number         0  boardshut.o ABSOLUTE
    ../clib/angel/handlers.s                 0x00000000   Number         0  __scatter_zi.o ABSOLUTE
    ../clib/angel/handlers.s                 0x00000000   Number         0  __scatter_copy.o ABSOLUTE
    ../clib/angel/kernel.s                   0x00000000   Number         0  rtexit.o ABSOLUTE
    ../clib/angel/kernel.s                   0x00000000   Number         0  rtexit2.o ABSOLUTE
    ../clib/angel/kernel.s                   0x00000000   Number         0  __rtentry2.o ABSOLUTE
    ../clib/angel/kernel.s                   0x00000000   Number         0  __rtentry4.o ABSOLUTE
    ../clib/angel/kernel.s                   0x00000000   Number         0  __rtentry.o ABSOLUTE
    ../clib/angel/rt.s                       0x00000000   Number         0  rt_raise.o ABSOLUTE
    ../clib/angel/scatter.s                  0x00000000   Number         0  __scatter.o ABSOLUTE
    ../clib/angel/startup.s                  0x00000000   Number         0  __main.o ABSOLUTE
    ../clib/angel/sys.s                      0x00000000   Number         0  use_no_semi.o ABSOLUTE
    ../clib/angel/sys.s                      0x00000000   Number         0  libspace.o ABSOLUTE
    ../clib/angel/sys.s                      0x00000000   Number         0  sys_stackheap_outer.o ABSOLUTE
    ../clib/angel/sys.s                      0x00000000   Number         0  indicate_semi.o ABSOLUTE
    ../clib/angel/sys.s                      0x00000000   Number         0  use_no_semi_2.o ABSOLUTE
    ../clib/angel/sysapp.c                   0x00000000   Number         0  sys_wrch.o ABSOLUTE
    ../clib/angel/sysapp.c                   0x00000000   Number         0  sys_command.o ABSOLUTE
    ../clib/armsys.c                         0x00000000   Number         0  argv_veneer.o ABSOLUTE
    ../clib/armsys.c                         0x00000000   Number         0  no_argv.o ABSOLUTE
    ../clib/armsys.c                         0x00000000   Number         0  argv_veneer.o ABSOLUTE
    ../clib/armsys.c                         0x00000000   Number         0  _get_argv_nomalloc.o ABSOLUTE
    ../clib/heapalloc.c                      0x00000000   Number         0  hrguard.o ABSOLUTE
    ../clib/heapaux.c                        0x00000000   Number         0  heapauxi.o ABSOLUTE
    ../clib/libinit.s                        0x00000000   Number         0  libshutdown.o ABSOLUTE
    ../clib/libinit.s                        0x00000000   Number         0  libshutdown2.o ABSOLUTE
    ../clib/libinit.s                        0x00000000   Number         0  libinit2.o ABSOLUTE
    ../clib/libinit.s                        0x00000000   Number         0  libinit.o ABSOLUTE
    ../clib/signal.c                         0x00000000   Number         0  defsig_other.o ABSOLUTE
    ../clib/signal.c                         0x00000000   Number         0  defsig_segv_inner.o ABSOLUTE
    ../clib/signal.c                         0x00000000   Number         0  defsig_rtmem_inner.o ABSOLUTE
    ../clib/signal.c                         0x00000000   Number         0  defsig_rtmem_outer.o ABSOLUTE
    ../clib/signal.c                         0x00000000   Number         0  defsig_rtmem_formal.o ABSOLUTE
    ../clib/signal.c                         0x00000000   Number         0  defsig_general.o ABSOLUTE
    ../clib/signal.c                         0x00000000   Number         0  defsig_exit.o ABSOLUTE
    ../clib/signal.c                         0x00000000   Number         0  defsig_abrt_inner.o ABSOLUTE
    ../clib/signal.c                         0x00000000   Number         0  defsig_fpe_inner.o ABSOLUTE
    ../clib/signal.c                         0x00000000   Number         0  defsig_rtred_inner.o ABSOLUTE
    ../clib/signal.c                         0x00000000   Number         0  __raise.o ABSOLUTE
    ../clib/signal.c                         0x00000000   Number         0  defsig_pvfn_inner.o ABSOLUTE
    ../clib/signal.c                         0x00000000   Number         0  defsig_stak_inner.o ABSOLUTE
    ../clib/signal.c                         0x00000000   Number         0  defsig_cppl_inner.o ABSOLUTE
    ../clib/signal.s                         0x00000000   Number         0  defsig.o ABSOLUTE
    ../clib/stdlib.c                         0x00000000   Number         0  qsortnoex.o ABSOLUTE
    ../clib/stdlib.c                         0x00000000   Number         0  exit.o ABSOLUTE
    ../fplib/faddsub.s                       0x00000000   Number         0  faddsub_clz.o ABSOLUTE
    ../fplib/fdiv.s                          0x00000000   Number         0  fdiv.o ABSOLUTE
    ../fplib/ffix.s                          0x00000000   Number         0  ffix.o ABSOLUTE
    ../fplib/fflt.s                          0x00000000   Number         0  fflt_clz.o ABSOLUTE
    ../fplib/fmul.s                          0x00000000   Number         0  fmul.o ABSOLUTE
    ../fplib/fnaninf.s                       0x00000000   Number         0  fnaninf.o ABSOLUTE
    ../fplib/fpinit.s                        0x00000000   Number         0  fpinit.o ABSOLUTE
    ../fplib/fretinf.s                       0x00000000   Number         0  fretinf.o ABSOLUTE
    ../fplib/usenofp.s                       0x00000000   Number         0  usenofp.o ABSOLUTE
    ..\BSP\display\display.c                 0x00000000   Number         0  display.o ABSOLUTE
    ..\BSP\part1\part1.c                     0x00000000   Number         0  part1.o ABSOLUTE
    ..\BSP\pretreat\pretreat.c               0x00000000   Number         0  pretreat.o ABSOLUTE
    ..\LIB\DataScope_DP\DataScope_DP.C       0x00000000   Number         0  datascope_dp.o ABSOLUTE
    ..\LIB\fdc2x14\FDC2X14.c                 0x00000000   Number         0  fdc2x14.o ABSOLUTE
    ..\LIB\iic\myiic.c                       0x00000000   Number         0  myiic.o ABSOLUTE
    ..\LIB\iic\myiic2.c                      0x00000000   Number         0  myiic2.o ABSOLUTE
    ..\LIB\key\key.c                         0x00000000   Number         0  key.o ABSOLUTE
    ..\LIB\lcd\lcd.c                         0x00000000   Number         0  lcd.o ABSOLUTE
    ..\LIB\lcd\stm32f10x_fsmc.c              0x00000000   Number         0  stm32f10x_fsmc.o ABSOLUTE
    ..\SYSTEM\delay\delay.c                  0x00000000   Number         0  delay.o ABSOLUTE
    ..\SYSTEM\sys\sys.c                      0x00000000   Number         0  sys.o ABSOLUTE
    ..\SYSTEM\usart\usart.c                  0x00000000   Number         0  usart.o ABSOLUTE
    ..\\BSP\\display\\display.c              0x00000000   Number         0  display.o ABSOLUTE
    ..\\BSP\\part1\\part1.c                  0x00000000   Number         0  part1.o ABSOLUTE
    ..\\BSP\\pretreat\\pretreat.c            0x00000000   Number         0  pretreat.o ABSOLUTE
    ..\\LIB\\fdc2x14\\FDC2X14.c              0x00000000   Number         0  fdc2x14.o ABSOLUTE
    ..\\LIB\\iic\\myiic.c                    0x00000000   Number         0  myiic.o ABSOLUTE
    ..\\LIB\\iic\\myiic2.c                   0x00000000   Number         0  myiic2.o ABSOLUTE
    ..\\LIB\\key\\key.c                      0x00000000   Number         0  key.o ABSOLUTE
    ..\\LIB\\lcd\\lcd.c                      0x00000000   Number         0  lcd.o ABSOLUTE
    ..\\LIB\\lcd\\stm32f10x_fsmc.c           0x00000000   Number         0  stm32f10x_fsmc.o ABSOLUTE
    ..\\SYSTEM\\delay\\delay.c               0x00000000   Number         0  delay.o ABSOLUTE
    ..\\SYSTEM\\sys\\sys.c                   0x00000000   Number         0  sys.o ABSOLUTE
    ..\\SYSTEM\\usart\\usart.c               0x00000000   Number         0  usart.o ABSOLUTE
    C:\Keil_v5\ARM\PACK\Keil\STM32F1xx_DFP\2.2.0\Device\StdPeriph_Driver\src\misc.c 0x00000000   Number         0  misc.o ABSOLUTE
    C:\Keil_v5\ARM\PACK\Keil\STM32F1xx_DFP\2.2.0\Device\StdPeriph_Driver\src\stm32f10x_gpio.c 0x00000000   Number         0  stm32f10x_gpio.o ABSOLUTE
    C:\Keil_v5\ARM\PACK\Keil\STM32F1xx_DFP\2.2.0\Device\StdPeriph_Driver\src\stm32f10x_rcc.c 0x00000000   Number         0  stm32f10x_rcc.o ABSOLUTE
    C:\Keil_v5\ARM\PACK\Keil\STM32F1xx_DFP\2.2.0\Device\StdPeriph_Driver\src\stm32f10x_rtc.c 0x00000000   Number         0  stm32f10x_rtc.o ABSOLUTE
    C:\Keil_v5\ARM\PACK\Keil\STM32F1xx_DFP\2.2.0\Device\StdPeriph_Driver\src\stm32f10x_tim.c 0x00000000   Number         0  stm32f10x_tim.o ABSOLUTE
    C:\Keil_v5\ARM\PACK\Keil\STM32F1xx_DFP\2.2.0\Device\StdPeriph_Driver\src\stm32f10x_usart.c 0x00000000   Number         0  stm32f10x_usart.o ABSOLUTE
    C:\Keil_v5\ARM\PACK\Keil\STM32F1xx_DFP\2.2.0\RTE_Driver\DMA_STM32F10x.c 0x00000000   Number         0  dma_stm32f10x.o ABSOLUTE
    C:\Keil_v5\ARM\PACK\Keil\STM32F1xx_DFP\2.2.0\RTE_Driver\GPIO_STM32F10x.c 0x00000000   Number         0  gpio_stm32f10x.o ABSOLUTE
    C:\\Keil_v5\\ARM\\PACK\\Keil\\STM32F1xx_DFP\\2.2.0\\Device\\StdPeriph_Driver\\src\\misc.c 0x00000000   Number         0  misc.o ABSOLUTE
    C:\\Keil_v5\\ARM\\PACK\\Keil\\STM32F1xx_DFP\\2.2.0\\Device\\StdPeriph_Driver\\src\\stm32f10x_gpio.c 0x00000000   Number         0  stm32f10x_gpio.o ABSOLUTE
    C:\\Keil_v5\\ARM\\PACK\\Keil\\STM32F1xx_DFP\\2.2.0\\Device\\StdPeriph_Driver\\src\\stm32f10x_rcc.c 0x00000000   Number         0  stm32f10x_rcc.o ABSOLUTE
    C:\\Keil_v5\\ARM\\PACK\\Keil\\STM32F1xx_DFP\\2.2.0\\Device\\StdPeriph_Driver\\src\\stm32f10x_rtc.c 0x00000000   Number         0  stm32f10x_rtc.o ABSOLUTE
    C:\\Keil_v5\\ARM\\PACK\\Keil\\STM32F1xx_DFP\\2.2.0\\Device\\StdPeriph_Driver\\src\\stm32f10x_tim.c 0x00000000   Number         0  stm32f10x_tim.o ABSOLUTE
    C:\\Keil_v5\\ARM\\PACK\\Keil\\STM32F1xx_DFP\\2.2.0\\Device\\StdPeriph_Driver\\src\\stm32f10x_usart.c 0x00000000   Number         0  stm32f10x_usart.o ABSOLUTE
    C:\\Keil_v5\\ARM\\PACK\\Keil\\STM32F1xx_DFP\\2.2.0\\RTE_Driver\\DMA_STM32F10x.c 0x00000000   Number         0  dma_stm32f10x.o ABSOLUTE
    C:\\Keil_v5\\ARM\\PACK\\Keil\\STM32F1xx_DFP\\2.2.0\\RTE_Driver\\GPIO_STM32F10x.c 0x00000000   Number         0  gpio_stm32f10x.o ABSOLUTE
    RTE\Device\STM32F103ZE\startup_stm32f10x_hd.s 0x00000000   Number         0  startup_stm32f10x_hd.o ABSOLUTE
    RTE\Device\STM32F103ZE\system_stm32f10x.c 0x00000000   Number         0  system_stm32f10x.o ABSOLUTE
    RTE\\Device\\STM32F103ZE\\system_stm32f10x.c 0x00000000   Number         0  system_stm32f10x.o ABSOLUTE
    dc.s                                     0x00000000   Number         0  dc.o ABSOLUTE
    main.c                                   0x00000000   Number         0  main.o ABSOLUTE
    main.c                                   0x00000000   Number         0  main.o ABSOLUTE
    RESET                                    0x08000000   Section      304  startup_stm32f10x_hd.o(RESET)
    !!!main                                  0x08000130   Section        8  __main.o(!!!main)
    !!!scatter                               0x08000138   Section       52  __scatter.o(!!!scatter)
    !!handler_copy                           0x0800016c   Section       26  __scatter_copy.o(!!handler_copy)
    !!handler_zi                             0x08000188   Section       28  __scatter_zi.o(!!handler_zi)
    .ARM.Collect$$libinit$$00000000          0x080001a4   Section        2  libinit.o(.ARM.Collect$$libinit$$00000000)
    .ARM.Collect$$libinit$$00000002          0x080001a6   Section        0  libinit2.o(.ARM.Collect$$libinit$$00000002)
    .ARM.Collect$$libinit$$00000004          0x080001a6   Section        0  libinit2.o(.ARM.Collect$$libinit$$00000004)
    .ARM.Collect$$libinit$$0000000A          0x080001a6   Section        0  libinit2.o(.ARM.Collect$$libinit$$0000000A)
    .ARM.Collect$$libinit$$0000000C          0x080001a6   Section        0  libinit2.o(.ARM.Collect$$libinit$$0000000C)
    .ARM.Collect$$libinit$$0000000E          0x080001a6   Section        0  libinit2.o(.ARM.Collect$$libinit$$0000000E)
    .ARM.Collect$$libinit$$00000011          0x080001a6   Section        0  libinit2.o(.ARM.Collect$$libinit$$00000011)
    .ARM.Collect$$libinit$$00000013          0x080001a6   Section        0  libinit2.o(.ARM.Collect$$libinit$$00000013)
    .ARM.Collect$$libinit$$00000015          0x080001a6   Section        0  libinit2.o(.ARM.Collect$$libinit$$00000015)
    .ARM.Collect$$libinit$$00000017          0x080001a6   Section        0  libinit2.o(.ARM.Collect$$libinit$$00000017)
    .ARM.Collect$$libinit$$00000019          0x080001a6   Section        0  libinit2.o(.ARM.Collect$$libinit$$00000019)
    .ARM.Collect$$libinit$$0000001B          0x080001a6   Section        0  libinit2.o(.ARM.Collect$$libinit$$0000001B)
    .ARM.Collect$$libinit$$0000001D          0x080001a6   Section        0  libinit2.o(.ARM.Collect$$libinit$$0000001D)
    .ARM.Collect$$libinit$$0000001F          0x080001a6   Section        0  libinit2.o(.ARM.Collect$$libinit$$0000001F)
    .ARM.Collect$$libinit$$00000021          0x080001a6   Section        0  libinit2.o(.ARM.Collect$$libinit$$00000021)
    .ARM.Collect$$libinit$$00000023          0x080001a6   Section        0  libinit2.o(.ARM.Collect$$libinit$$00000023)
    .ARM.Collect$$libinit$$00000025          0x080001a6   Section        0  libinit2.o(.ARM.Collect$$libinit$$00000025)
    .ARM.Collect$$libinit$$0000002C          0x080001a6   Section        0  libinit2.o(.ARM.Collect$$libinit$$0000002C)
    .ARM.Collect$$libinit$$0000002E          0x080001a6   Section        0  libinit2.o(.ARM.Collect$$libinit$$0000002E)
    .ARM.Collect$$libinit$$00000030          0x080001a6   Section        0  libinit2.o(.ARM.Collect$$libinit$$00000030)
    .ARM.Collect$$libinit$$00000032          0x080001a6   Section        0  libinit2.o(.ARM.Collect$$libinit$$00000032)
    .ARM.Collect$$libinit$$00000033          0x080001a6   Section        2  libinit2.o(.ARM.Collect$$libinit$$00000033)
    .ARM.Collect$$libshutdown$$00000000      0x080001a8   Section        2  libshutdown.o(.ARM.Collect$$libshutdown$$00000000)
    .ARM.Collect$$libshutdown$$00000002      0x080001aa   Section        0  libshutdown2.o(.ARM.Collect$$libshutdown$$00000002)
    .ARM.Collect$$libshutdown$$00000004      0x080001aa   Section        0  libshutdown2.o(.ARM.Collect$$libshutdown$$00000004)
    .ARM.Collect$$libshutdown$$00000007      0x080001aa   Section        0  libshutdown2.o(.ARM.Collect$$libshutdown$$00000007)
    .ARM.Collect$$libshutdown$$0000000A      0x080001aa   Section        0  libshutdown2.o(.ARM.Collect$$libshutdown$$0000000A)
    .ARM.Collect$$libshutdown$$0000000C      0x080001aa   Section        0  libshutdown2.o(.ARM.Collect$$libshutdown$$0000000C)
    .ARM.Collect$$libshutdown$$0000000F      0x080001aa   Section        0  libshutdown2.o(.ARM.Collect$$libshutdown$$0000000F)
    .ARM.Collect$$libshutdown$$00000010      0x080001aa   Section        2  libshutdown2.o(.ARM.Collect$$libshutdown$$00000010)
    .ARM.Collect$$rtentry$$00000000          0x080001ac   Section        0  __rtentry.o(.ARM.Collect$$rtentry$$00000000)
    .ARM.Collect$$rtentry$$00000002          0x080001ac   Section        0  __rtentry2.o(.ARM.Collect$$rtentry$$00000002)
    .ARM.Collect$$rtentry$$00000004          0x080001ac   Section        6  __rtentry4.o(.ARM.Collect$$rtentry$$00000004)
    .ARM.Collect$$rtentry$$00000009          0x080001b2   Section        0  __rtentry2.o(.ARM.Collect$$rtentry$$00000009)
    .ARM.Collect$$rtentry$$0000000A          0x080001b2   Section        4  __rtentry2.o(.ARM.Collect$$rtentry$$0000000A)
    .ARM.Collect$$rtentry$$0000000C          0x080001b6   Section        0  __rtentry2.o(.ARM.Collect$$rtentry$$0000000C)
    .ARM.Collect$$rtentry$$0000000D          0x080001b6   Section        8  __rtentry2.o(.ARM.Collect$$rtentry$$0000000D)
    .ARM.Collect$$rtexit$$00000000           0x080001be   Section        2  rtexit.o(.ARM.Collect$$rtexit$$00000000)
    .ARM.Collect$$rtexit$$00000002           0x080001c0   Section        0  rtexit2.o(.ARM.Collect$$rtexit$$00000002)
    .ARM.Collect$$rtexit$$00000003           0x080001c0   Section        4  rtexit2.o(.ARM.Collect$$rtexit$$00000003)
    .ARM.Collect$$rtexit$$00000004           0x080001c4   Section        6  rtexit2.o(.ARM.Collect$$rtexit$$00000004)
    .text                                    0x080001cc   Section       64  startup_stm32f10x_hd.o(.text)
    .text                                    0x0800020c   Section        2  use_no_semi_2.o(.text)
    .text                                    0x0800020e   Section        0  qsortnoex.o(.text)
    _partition_sort                          0x0800020f   Thumb Code   478  qsortnoex.o(.text)
    .text                                    0x08000472   Section        0  heapauxi.o(.text)
    .text                                    0x08000478   Section        2  use_no_semi.o(.text)
    .text                                    0x0800047a   Section       74  sys_stackheap_outer.o(.text)
    .text                                    0x080004c4   Section        0  exit.o(.text)
    .text                                    0x080004d8   Section        8  libspace.o(.text)
    i.ADS2_clock                             0x080004e0   Section        0  myiic2.o(i.ADS2_clock)
    i.ADS2_delay                             0x08000504   Section        0  myiic2.o(i.ADS2_delay)
    i.ADS_clock                              0x08000514   Section        0  myiic.o(i.ADS_clock)
    i.ADS_delay                              0x08000538   Section        0  myiic.o(i.ADS_delay)
    i.Check_Win                              0x08000548   Section        0  display.o(i.Check_Win)
    i.DMA1_Channel1_Event                    0x080006f4   Section        0  dma_stm32f10x.o(i.DMA1_Channel1_Event)
    i.DMA1_Channel1_IRQHandler               0x080006f8   Section        0  dma_stm32f10x.o(i.DMA1_Channel1_IRQHandler)
    i.DMA1_Channel2_Event                    0x08000714   Section        0  dma_stm32f10x.o(i.DMA1_Channel2_Event)
    i.DMA1_Channel2_IRQHandler               0x08000718   Section        0  dma_stm32f10x.o(i.DMA1_Channel2_IRQHandler)
    i.DMA1_Channel3_Event                    0x08000734   Section        0  dma_stm32f10x.o(i.DMA1_Channel3_Event)
    i.DMA1_Channel3_IRQHandler               0x08000738   Section        0  dma_stm32f10x.o(i.DMA1_Channel3_IRQHandler)
    i.DMA1_Channel4_Event                    0x08000754   Section        0  dma_stm32f10x.o(i.DMA1_Channel4_Event)
    i.DMA1_Channel4_IRQHandler               0x08000758   Section        0  dma_stm32f10x.o(i.DMA1_Channel4_IRQHandler)
    i.DMA1_Channel5_Event                    0x08000774   Section        0  dma_stm32f10x.o(i.DMA1_Channel5_Event)
    i.DMA1_Channel5_IRQHandler               0x08000778   Section        0  dma_stm32f10x.o(i.DMA1_Channel5_IRQHandler)
    i.DMA1_Channel6_Event                    0x08000794   Section        0  dma_stm32f10x.o(i.DMA1_Channel6_Event)
    i.DMA1_Channel6_IRQHandler               0x08000798   Section        0  dma_stm32f10x.o(i.DMA1_Channel6_IRQHandler)
    i.DMA1_Channel7_Event                    0x080007b4   Section        0  dma_stm32f10x.o(i.DMA1_Channel7_Event)
    i.DMA1_Channel7_IRQHandler               0x080007b8   Section        0  dma_stm32f10x.o(i.DMA1_Channel7_IRQHandler)
    i.DMA2_Channel1_Event                    0x080007d4   Section        0  dma_stm32f10x.o(i.DMA2_Channel1_Event)
    i.DMA2_Channel1_IRQHandler               0x080007d8   Section        0  dma_stm32f10x.o(i.DMA2_Channel1_IRQHandler)
    i.DMA2_Channel2_Event                    0x080007f4   Section        0  dma_stm32f10x.o(i.DMA2_Channel2_Event)
    i.DMA2_Channel2_IRQHandler               0x080007f8   Section        0  dma_stm32f10x.o(i.DMA2_Channel2_IRQHandler)
    i.DMA2_Channel3_Event                    0x08000818   Section        0  dma_stm32f10x.o(i.DMA2_Channel3_Event)
    i.DMA2_Channel3_IRQHandler               0x0800081c   Section        0  dma_stm32f10x.o(i.DMA2_Channel3_IRQHandler)
    i.DMA2_Channel4_5_IRQHandler             0x0800083c   Section        0  dma_stm32f10x.o(i.DMA2_Channel4_5_IRQHandler)
    i.DMA2_Channel4_Event                    0x08000874   Section        0  dma_stm32f10x.o(i.DMA2_Channel4_Event)
    i.DMA2_Channel5_Event                    0x08000876   Section        0  dma_stm32f10x.o(i.DMA2_Channel5_Event)
    i.DataScope                              0x08000878   Section        0  main.o(i.DataScope)
    i.DataScope_Data_Generate                0x080008f0   Section        0  datascope_dp.o(i.DataScope_Data_Generate)
    i.DataScope_Get_Channel_Data             0x08000988   Section        0  datascope_dp.o(i.DataScope_Get_Channel_Data)
    i.FDC2X14_Init                           0x08000a2c   Section        0  fdc2x14.o(i.FDC2X14_Init)
    i.FDC_ClearCH                            0x08000bec   Section        0  fdc2x14.o(i.FDC_ClearCH)
    i.FDC_GetCH                              0x08000c58   Section        0  fdc2x14.o(i.FDC_GetCH)
    i.FSMC_NORSRAMCmd                        0x08000d38   Section        0  stm32f10x_fsmc.o(i.FSMC_NORSRAMCmd)
    i.FSMC_NORSRAMInit                       0x08000d6c   Section        0  stm32f10x_fsmc.o(i.FSMC_NORSRAMInit)
    i.Float2Byte                             0x08000e52   Section        0  datascope_dp.o(i.Float2Byte)
    i.GPIO_Init                              0x08000e6e   Section        0  stm32f10x_gpio.o(i.GPIO_Init)
    i.GPIO_SetBits                           0x08000f84   Section        0  stm32f10x_gpio.o(i.GPIO_SetBits)
    i.Get_AverageCH                          0x08000f88   Section        0  pretreat.o(i.Get_AverageCH)
    i.Get_Base                               0x080010ec   Section        0  part1.o(i.Get_Base)
    i.Get_ClearAverageCH                     0x08001254   Section        0  pretreat.o(i.Get_ClearAverageCH)
    i.Get_Cloth                              0x080013a8   Section        0  part1.o(i.Get_Cloth)
    i.Get_Error                              0x080014d8   Section        0  pretreat.o(i.Get_Error)
    i.Get_Error_Quick                        0x08001508   Section        0  pretreat.o(i.Get_Error_Quick)
    i.Get_Key                                0x08001528   Section        0  key.o(i.Get_Key)
    i.Get_Level                              0x08001634   Section        0  pretreat.o(i.Get_Level)
    i.Get_Scissors                           0x08001678   Section        0  part1.o(i.Get_Scissors)
    i.Get_Stone                              0x080017ac   Section        0  part1.o(i.Get_Stone)
    i.Get_Weight                             0x080018dc   Section        0  pretreat.o(i.Get_Weight)
    i.IIC2_Ack                               0x08001934   Section        0  myiic2.o(i.IIC2_Ack)
    i.IIC2_Init                              0x08001980   Section        0  myiic2.o(i.IIC2_Init)
    i.IIC2_Read_Byte                         0x080019b4   Section        0  myiic2.o(i.IIC2_Read_Byte)
    i.IIC2_Send_Byte                         0x08001a00   Section        0  myiic2.o(i.IIC2_Send_Byte)
    i.IIC2_Start                             0x08001a58   Section        0  myiic2.o(i.IIC2_Start)
    i.IIC2_Stop                              0x08001aa4   Section        0  myiic2.o(i.IIC2_Stop)
    i.IIC2_Wait_Ack                          0x08001ae8   Section        0  myiic2.o(i.IIC2_Wait_Ack)
    i.IIC_Ack                                0x08001b4c   Section        0  myiic.o(i.IIC_Ack)
    i.IIC_Init                               0x08001b98   Section        0  myiic.o(i.IIC_Init)
    i.IIC_Read_Byte                          0x08001bd0   Section        0  myiic.o(i.IIC_Read_Byte)
    i.IIC_Send_Byte                          0x08001c1c   Section        0  myiic.o(i.IIC_Send_Byte)
    i.IIC_Start                              0x08001c74   Section        0  myiic.o(i.IIC_Start)
    i.IIC_Stop                               0x08001cc0   Section        0  myiic.o(i.IIC_Stop)
    i.IIC_Wait_Ack                           0x08001d04   Section        0  myiic.o(i.IIC_Wait_Ack)
    i.Judge_Gesture                          0x08001d68   Section        0  part1.o(i.Judge_Gesture)
    i.Key_Initial                            0x08001e80   Section        0  key.o(i.Key_Initial)
    i.LCD_Clear                              0x08001ea4   Section        0  lcd.o(i.LCD_Clear)
    i.LCD_Display_Dir                        0x08001ed4   Section        0  lcd.o(i.LCD_Display_Dir)
    i.LCD_DrawPoint                          0x08001fc8   Section        0  lcd.o(i.LCD_DrawPoint)
    i.LCD_Init                               0x08001fec   Section        0  lcd.o(i.LCD_Init)
    i.LCD_Pow                                0x08003874   Section        0  lcd.o(i.LCD_Pow)
    i.LCD_RD_DATA                            0x0800388a   Section        0  lcd.o(i.LCD_RD_DATA)
    i.LCD_ReadReg                            0x08003892   Section        0  lcd.o(i.LCD_ReadReg)
    i.LCD_Scan_Dir                           0x080038a8   Section        0  lcd.o(i.LCD_Scan_Dir)
    i.LCD_SetCursor                          0x08003a74   Section        0  lcd.o(i.LCD_SetCursor)
    i.LCD_ShowChar                           0x08003ae8   Section        0  lcd.o(i.LCD_ShowChar)
    i.LCD_ShowNum                            0x08003c50   Section        0  lcd.o(i.LCD_ShowNum)
    i.LCD_ShowString                         0x08003ce4   Section        0  lcd.o(i.LCD_ShowString)
    i.LCD_WR_DATA                            0x08003d4a   Section        0  lcd.o(i.LCD_WR_DATA)
    i.LCD_WR_REG                             0x08003d52   Section        0  lcd.o(i.LCD_WR_REG)
    i.LCD_WriteRAM_Prepare                   0x08003d5c   Section        0  lcd.o(i.LCD_WriteRAM_Prepare)
    i.LCD_WriteReg                           0x08003d6c   Section        0  lcd.o(i.LCD_WriteReg)
    i.Main_Win                               0x08003d78   Section        0  display.o(i.Main_Win)
    i.Main_Win_Initial                       0x08003e04   Section        0  display.o(i.Main_Win_Initial)
    i.NVIC_Init                              0x08003e7c   Section        0  misc.o(i.NVIC_Init)
    i.P1_Judge_Win                           0x08003eec   Section        0  part1.o(i.P1_Judge_Win)
    i.P1_Main_Win                            0x08003fa0   Section        0  part1.o(i.P1_Main_Win)
    i.Part1_Start                            0x08004030   Section        0  part1.o(i.Part1_Start)
    i.Pretreat_Initial                       0x08004038   Section        0  pretreat.o(i.Pretreat_Initial)
    i.RCC_AHBPeriphClockCmd                  0x08004094   Section        0  stm32f10x_rcc.o(i.RCC_AHBPeriphClockCmd)
    i.RCC_APB2PeriphClockCmd                 0x080040b4   Section        0  stm32f10x_rcc.o(i.RCC_APB2PeriphClockCmd)
    i.RCC_GetClocksFreq                      0x080040d4   Section        0  stm32f10x_rcc.o(i.RCC_GetClocksFreq)
    i.ReadFDC2X14                            0x080041a8   Section        0  fdc2x14.o(i.ReadFDC2X14)
    i.ReadFDC2X14_2                          0x080042aa   Section        0  fdc2x14.o(i.ReadFDC2X14_2)
    i.SetSysClock                            0x080043ac   Section        0  system_stm32f10x.o(i.SetSysClock)
    SetSysClock                              0x080043ad   Thumb Code     8  system_stm32f10x.o(i.SetSysClock)
    i.SetSysClockTo72                        0x080043b4   Section        0  system_stm32f10x.o(i.SetSysClockTo72)
    SetSysClockTo72                          0x080043b5   Thumb Code   214  system_stm32f10x.o(i.SetSysClockTo72)
    i.Set_Error                              0x08004494   Section        0  fdc2x14.o(i.Set_Error)
    i.ShowNum                                0x080044ac   Section        0  lcd.o(i.ShowNum)
    i.ShowString                             0x0800455c   Section        0  lcd.o(i.ShowString)
    i.SysTick_CLKSourceConfig                0x08004588   Section        0  misc.o(i.SysTick_CLKSourceConfig)
    i.SystemInit                             0x080045b0   Section        0  system_stm32f10x.o(i.SystemInit)
    i.System_Initial                         0x08004610   Section        0  main.o(i.System_Initial)
    i.USART1_IRQHandler                      0x0800464c   Section        0  usart.o(i.USART1_IRQHandler)
    i.USART_Cmd                              0x080046d4   Section        0  stm32f10x_usart.o(i.USART_Cmd)
    i.USART_GetITStatus                      0x080046ec   Section        0  stm32f10x_usart.o(i.USART_GetITStatus)
    i.USART_ITConfig                         0x08004740   Section        0  stm32f10x_usart.o(i.USART_ITConfig)
    i.USART_Init                             0x0800478c   Section        0  stm32f10x_usart.o(i.USART_Init)
    i.USART_ReceiveData                      0x08004864   Section        0  stm32f10x_usart.o(i.USART_ReceiveData)
    i.WriteRegfdc2214                        0x0800486e   Section        0  fdc2x14.o(i.WriteRegfdc2214)
    i.WriteRegfdc2214_2                      0x080048ae   Section        0  fdc2x14.o(i.WriteRegfdc2214_2)
    i._sys_exit                              0x080048ee   Section        0  usart.o(i._sys_exit)
    i.cmp                                    0x080048f2   Section        0  pretreat.o(i.cmp)
    i.delay_init                             0x080048fc   Section        0  delay.o(i.delay_init)
    i.delay_ms                               0x08004940   Section        0  delay.o(i.delay_ms)
    i.delay_us                               0x0800498c   Section        0  delay.o(i.delay_us)
    i.main                                   0x080049d8   Section        0  main.o(i.main)
    i.max                                    0x08004a34   Section        0  main.o(i.max)
    i.min                                    0x08004a42   Section        0  main.o(i.min)
    i.uart_init                              0x08004a50   Section        0  usart.o(i.uart_init)
    x$fpl$fadd                               0x08004af0   Section      196  faddsub_clz.o(x$fpl$fadd)
    _fadd1                                   0x08004aff   Thumb Code     0  faddsub_clz.o(x$fpl$fadd)
    x$fpl$fdiv                               0x08004bb4   Section      388  fdiv.o(x$fpl$fdiv)
    _fdiv1                                   0x08004bb5   Thumb Code     0  fdiv.o(x$fpl$fdiv)
    x$fpl$ffix                               0x08004d38   Section       54  ffix.o(x$fpl$ffix)
    x$fpl$fflt                               0x08004d70   Section       48  fflt_clz.o(x$fpl$fflt)
    x$fpl$fmul                               0x08004da0   Section      258  fmul.o(x$fpl$fmul)
    x$fpl$fnaninf                            0x08004ea2   Section      140  fnaninf.o(x$fpl$fnaninf)
    x$fpl$fretinf                            0x08004f2e   Section       10  fretinf.o(x$fpl$fretinf)
    x$fpl$fsub                               0x08004f38   Section      234  faddsub_clz.o(x$fpl$fsub)
    _fsub1                                   0x08004f47   Thumb Code     0  faddsub_clz.o(x$fpl$fsub)
    .constdata                               0x08005022   Section     2660  lcd.o(.constdata)
    x$fpl$usenofp                            0x08005022   Section        0  usenofp.o(x$fpl$usenofp)
    .data                                    0x20000000   Section        8  main.o(.data)
    .data                                    0x20000008   Section        4  delay.o(.data)
    fac_us                                   0x20000008   Data           1  delay.o(.data)
    fac_ms                                   0x2000000a   Data           2  delay.o(.data)
    .data                                    0x2000000c   Section        6  usart.o(.data)
    .data                                    0x20000012   Section        4  lcd.o(.data)
    .data                                    0x20000018   Section       12  part1.o(.data)
    .data                                    0x20000024   Section       20  stm32f10x_rcc.o(.data)
    APBAHBPrescTable                         0x20000024   Data          16  stm32f10x_rcc.o(.data)
    ADCPrescTable                            0x20000034   Data           4  stm32f10x_rcc.o(.data)
    .data                                    0x20000038   Section       20  system_stm32f10x.o(.data)
    .bss                                     0x2000004c   Section      200  usart.o(.bss)
    .bss                                     0x20000114   Section       32  fdc2x14.o(.bss)
    .bss                                     0x20000134   Section       10  lcd.o(.bss)
    .bss                                     0x2000013e   Section       42  datascope_dp.o(.bss)
    .bss                                     0x20000168   Section      512  pretreat.o(.bss)
    .bss                                     0x20000368   Section       96  libspace.o(.bss)
    HEAP                                     0x200003c8   Section      512  startup_stm32f10x_hd.o(HEAP)
    Heap_Mem                                 0x200003c8   Data         512  startup_stm32f10x_hd.o(HEAP)
    STACK                                    0x200005c8   Section     1024  startup_stm32f10x_hd.o(STACK)
    Stack_Mem                                0x200005c8   Data        1024  startup_stm32f10x_hd.o(STACK)
    __initial_sp                             0x200009c8   Data           0  startup_stm32f10x_hd.o(STACK)

    Global Symbols

    Symbol Name                              Value     Ov Type        Size  Object(Section)

    BuildAttributes$$THM_ISAv4$P$D$K$B$S$PE$A:L22UL41UL21$X:L11$S22US41US21$IEEE1$IW$USESV6$~STKCKD$USESV7$~SHL$OSPACE$ROPI$EBA8$UX$STANDARDLIB$REQ8$PRES8$EABIv2 0x00000000   Number         0  anon$$obj.o ABSOLUTE
    __ARM_use_no_argv                        0x00000000   Number         0  main.o ABSOLUTE
    __ARM_exceptions_init                     - Undefined Weak Reference
    __alloca_initialize                       - Undefined Weak Reference
    __arm_preinit_                            - Undefined Weak Reference
    __cpp_initialize__aeabi_                  - Undefined Weak Reference
    __cxa_finalize                            - Undefined Weak Reference
    __rt_locale                               - Undefined Weak Reference
    __sigvec_lookup                           - Undefined Weak Reference
    _atexit_init                              - Undefined Weak Reference
    _call_atexit_fns                          - Undefined Weak Reference
    _clock_init                               - Undefined Weak Reference
    _fp_trap_init                             - Undefined Weak Reference
    _fp_trap_shutdown                         - Undefined Weak Reference
    _get_lc_collate                           - Undefined Weak Reference
    _get_lc_ctype                             - Undefined Weak Reference
    _get_lc_monetary                          - Undefined Weak Reference
    _get_lc_numeric                           - Undefined Weak Reference
    _get_lc_time                              - Undefined Weak Reference
    _getenv_init                              - Undefined Weak Reference
    _handle_redirection                       - Undefined Weak Reference
    _init_alloc                               - Undefined Weak Reference
    _init_user_alloc                          - Undefined Weak Reference
    _initio                                   - Undefined Weak Reference
    _rand_init                                - Undefined Weak Reference
    _signal_finish                            - Undefined Weak Reference
    _signal_init                              - Undefined Weak Reference
    _terminate_alloc                          - Undefined Weak Reference
    _terminate_user_alloc                     - Undefined Weak Reference
    _terminateio                              - Undefined Weak Reference
    __Vectors_Size                           0x00000130   Number         0  startup_stm32f10x_hd.o ABSOLUTE
    __Vectors                                0x08000000   Data           4  startup_stm32f10x_hd.o(RESET)
    __Vectors_End                            0x08000130   Data           0  startup_stm32f10x_hd.o(RESET)
    __main                                   0x08000131   Thumb Code     8  __main.o(!!!main)
    __scatterload                            0x08000139   Thumb Code     0  __scatter.o(!!!scatter)
    __scatterload_rt2                        0x08000139   Thumb Code    44  __scatter.o(!!!scatter)
    __scatterload_rt2_thumb_only             0x08000139   Thumb Code     0  __scatter.o(!!!scatter)
    __scatterload_null                       0x08000147   Thumb Code     0  __scatter.o(!!!scatter)
    __scatterload_copy                       0x0800016d   Thumb Code    26  __scatter_copy.o(!!handler_copy)
    __scatterload_zeroinit                   0x08000189   Thumb Code    28  __scatter_zi.o(!!handler_zi)
    __rt_lib_init                            0x080001a5   Thumb Code     0  libinit.o(.ARM.Collect$$libinit$$00000000)
    __rt_lib_init_alloca_1                   0x080001a7   Thumb Code     0  libinit2.o(.ARM.Collect$$libinit$$0000002E)
    __rt_lib_init_argv_1                     0x080001a7   Thumb Code     0  libinit2.o(.ARM.Collect$$libinit$$0000002C)
    __rt_lib_init_atexit_1                   0x080001a7   Thumb Code     0  libinit2.o(.ARM.Collect$$libinit$$0000001B)
    __rt_lib_init_clock_1                    0x080001a7   Thumb Code     0  libinit2.o(.ARM.Collect$$libinit$$00000021)
    __rt_lib_init_cpp_1                      0x080001a7   Thumb Code     0  libinit2.o(.ARM.Collect$$libinit$$00000032)
    __rt_lib_init_exceptions_1               0x080001a7   Thumb Code     0  libinit2.o(.ARM.Collect$$libinit$$00000030)
    __rt_lib_init_fp_1                       0x080001a7   Thumb Code     0  libinit2.o(.ARM.Collect$$libinit$$00000002)
    __rt_lib_init_fp_trap_1                  0x080001a7   Thumb Code     0  libinit2.o(.ARM.Collect$$libinit$$0000001F)
    __rt_lib_init_getenv_1                   0x080001a7   Thumb Code     0  libinit2.o(.ARM.Collect$$libinit$$00000023)
    __rt_lib_init_heap_1                     0x080001a7   Thumb Code     0  libinit2.o(.ARM.Collect$$libinit$$0000000A)
    __rt_lib_init_lc_collate_1               0x080001a7   Thumb Code     0  libinit2.o(.ARM.Collect$$libinit$$00000011)
    __rt_lib_init_lc_ctype_1                 0x080001a7   Thumb Code     0  libinit2.o(.ARM.Collect$$libinit$$00000013)
    __rt_lib_init_lc_monetary_1              0x080001a7   Thumb Code     0  libinit2.o(.ARM.Collect$$libinit$$00000015)
    __rt_lib_init_lc_numeric_1               0x080001a7   Thumb Code     0  libinit2.o(.ARM.Collect$$libinit$$00000017)
    __rt_lib_init_lc_time_1                  0x080001a7   Thumb Code     0  libinit2.o(.ARM.Collect$$libinit$$00000019)
    __rt_lib_init_preinit_1                  0x080001a7   Thumb Code     0  libinit2.o(.ARM.Collect$$libinit$$00000004)
    __rt_lib_init_rand_1                     0x080001a7   Thumb Code     0  libinit2.o(.ARM.Collect$$libinit$$0000000E)
    __rt_lib_init_return                     0x080001a7   Thumb Code     0  libinit2.o(.ARM.Collect$$libinit$$00000033)
    __rt_lib_init_signal_1                   0x080001a7   Thumb Code     0  libinit2.o(.ARM.Collect$$libinit$$0000001D)
    __rt_lib_init_stdio_1                    0x080001a7   Thumb Code     0  libinit2.o(.ARM.Collect$$libinit$$00000025)
    __rt_lib_init_user_alloc_1               0x080001a7   Thumb Code     0  libinit2.o(.ARM.Collect$$libinit$$0000000C)
    __rt_lib_shutdown                        0x080001a9   Thumb Code     0  libshutdown.o(.ARM.Collect$$libshutdown$$00000000)
    __rt_lib_shutdown_cpp_1                  0x080001ab   Thumb Code     0  libshutdown2.o(.ARM.Collect$$libshutdown$$00000002)
    __rt_lib_shutdown_fp_trap_1              0x080001ab   Thumb Code     0  libshutdown2.o(.ARM.Collect$$libshutdown$$00000007)
    __rt_lib_shutdown_heap_1                 0x080001ab   Thumb Code     0  libshutdown2.o(.ARM.Collect$$libshutdown$$0000000F)
    __rt_lib_shutdown_return                 0x080001ab   Thumb Code     0  libshutdown2.o(.ARM.Collect$$libshutdown$$00000010)
    __rt_lib_shutdown_signal_1               0x080001ab   Thumb Code     0  libshutdown2.o(.ARM.Collect$$libshutdown$$0000000A)
    __rt_lib_shutdown_stdio_1                0x080001ab   Thumb Code     0  libshutdown2.o(.ARM.Collect$$libshutdown$$00000004)
    __rt_lib_shutdown_user_alloc_1           0x080001ab   Thumb Code     0  libshutdown2.o(.ARM.Collect$$libshutdown$$0000000C)
    __rt_entry                               0x080001ad   Thumb Code     0  __rtentry.o(.ARM.Collect$$rtentry$$00000000)
    __rt_entry_presh_1                       0x080001ad   Thumb Code     0  __rtentry2.o(.ARM.Collect$$rtentry$$00000002)
    __rt_entry_sh                            0x080001ad   Thumb Code     0  __rtentry4.o(.ARM.Collect$$rtentry$$00000004)
    __rt_entry_li                            0x080001b3   Thumb Code     0  __rtentry2.o(.ARM.Collect$$rtentry$$0000000A)
    __rt_entry_postsh_1                      0x080001b3   Thumb Code     0  __rtentry2.o(.ARM.Collect$$rtentry$$00000009)
    __rt_entry_main                          0x080001b7   Thumb Code     0  __rtentry2.o(.ARM.Collect$$rtentry$$0000000D)
    __rt_entry_postli_1                      0x080001b7   Thumb Code     0  __rtentry2.o(.ARM.Collect$$rtentry$$0000000C)
    __rt_exit                                0x080001bf   Thumb Code     0  rtexit.o(.ARM.Collect$$rtexit$$00000000)
    __rt_exit_ls                             0x080001c1   Thumb Code     0  rtexit2.o(.ARM.Collect$$rtexit$$00000003)
    __rt_exit_prels_1                        0x080001c1   Thumb Code     0  rtexit2.o(.ARM.Collect$$rtexit$$00000002)
    __rt_exit_exit                           0x080001c5   Thumb Code     0  rtexit2.o(.ARM.Collect$$rtexit$$00000004)
    Reset_Handler                            0x080001cd   Thumb Code     8  startup_stm32f10x_hd.o(.text)
    NMI_Handler                              0x080001d5   Thumb Code     2  startup_stm32f10x_hd.o(.text)
    HardFault_Handler                        0x080001d7   Thumb Code     2  startup_stm32f10x_hd.o(.text)
    MemManage_Handler                        0x080001d9   Thumb Code     2  startup_stm32f10x_hd.o(.text)
    BusFault_Handler                         0x080001db   Thumb Code     2  startup_stm32f10x_hd.o(.text)
    UsageFault_Handler                       0x080001dd   Thumb Code     2  startup_stm32f10x_hd.o(.text)
    SVC_Handler                              0x080001df   Thumb Code     2  startup_stm32f10x_hd.o(.text)
    DebugMon_Handler                         0x080001e1   Thumb Code     2  startup_stm32f10x_hd.o(.text)
    PendSV_Handler                           0x080001e3   Thumb Code     2  startup_stm32f10x_hd.o(.text)
    SysTick_Handler                          0x080001e5   Thumb Code     2  startup_stm32f10x_hd.o(.text)
    ADC1_2_IRQHandler                        0x080001e7   Thumb Code     0  startup_stm32f10x_hd.o(.text)
    ADC3_IRQHandler                          0x080001e7   Thumb Code     0  startup_stm32f10x_hd.o(.text)
    CAN1_RX1_IRQHandler                      0x080001e7   Thumb Code     0  startup_stm32f10x_hd.o(.text)
    CAN1_SCE_IRQHandler                      0x080001e7   Thumb Code     0  startup_stm32f10x_hd.o(.text)
    EXTI0_IRQHandler                         0x080001e7   Thumb Code     0  startup_stm32f10x_hd.o(.text)
    EXTI15_10_IRQHandler                     0x080001e7   Thumb Code     0  startup_stm32f10x_hd.o(.text)
    EXTI1_IRQHandler                         0x080001e7   Thumb Code     0  startup_stm32f10x_hd.o(.text)
    EXTI2_IRQHandler                         0x080001e7   Thumb Code     0  startup_stm32f10x_hd.o(.text)
    EXTI3_IRQHandler                         0x080001e7   Thumb Code     0  startup_stm32f10x_hd.o(.text)
    EXTI4_IRQHandler                         0x080001e7   Thumb Code     0  startup_stm32f10x_hd.o(.text)
    EXTI9_5_IRQHandler                       0x080001e7   Thumb Code     0  startup_stm32f10x_hd.o(.text)
    FLASH_IRQHandler                         0x080001e7   Thumb Code     0  startup_stm32f10x_hd.o(.text)
    FSMC_IRQHandler                          0x080001e7   Thumb Code     0  startup_stm32f10x_hd.o(.text)
    I2C1_ER_IRQHandler                       0x080001e7   Thumb Code     0  startup_stm32f10x_hd.o(.text)
    I2C1_EV_IRQHandler                       0x080001e7   Thumb Code     0  startup_stm32f10x_hd.o(.text)
    I2C2_ER_IRQHandler                       0x080001e7   Thumb Code     0  startup_stm32f10x_hd.o(.text)
    I2C2_EV_IRQHandler                       0x080001e7   Thumb Code     0  startup_stm32f10x_hd.o(.text)
    PVD_IRQHandler                           0x080001e7   Thumb Code     0  startup_stm32f10x_hd.o(.text)
    RCC_IRQHandler                           0x080001e7   Thumb Code     0  startup_stm32f10x_hd.o(.text)
    RTCAlarm_IRQHandler                      0x080001e7   Thumb Code     0  startup_stm32f10x_hd.o(.text)
    RTC_IRQHandler                           0x080001e7   Thumb Code     0  startup_stm32f10x_hd.o(.text)
    SDIO_IRQHandler                          0x080001e7   Thumb Code     0  startup_stm32f10x_hd.o(.text)
    SPI1_IRQHandler                          0x080001e7   Thumb Code     0  startup_stm32f10x_hd.o(.text)
    SPI2_IRQHandler                          0x080001e7   Thumb Code     0  startup_stm32f10x_hd.o(.text)
    SPI3_IRQHandler                          0x080001e7   Thumb Code     0  startup_stm32f10x_hd.o(.text)
    TAMPER_IRQHandler                        0x080001e7   Thumb Code     0  startup_stm32f10x_hd.o(.text)
    TIM1_BRK_IRQHandler                      0x080001e7   Thumb Code     0  startup_stm32f10x_hd.o(.text)
    TIM1_CC_IRQHandler                       0x080001e7   Thumb Code     0  startup_stm32f10x_hd.o(.text)
    TIM1_TRG_COM_IRQHandler                  0x080001e7   Thumb Code     0  startup_stm32f10x_hd.o(.text)
    TIM1_UP_IRQHandler                       0x080001e7   Thumb Code     0  startup_stm32f10x_hd.o(.text)
    TIM2_IRQHandler                          0x080001e7   Thumb Code     0  startup_stm32f10x_hd.o(.text)
    TIM3_IRQHandler                          0x080001e7   Thumb Code     0  startup_stm32f10x_hd.o(.text)
    TIM4_IRQHandler                          0x080001e7   Thumb Code     0  startup_stm32f10x_hd.o(.text)
    TIM5_IRQHandler                          0x080001e7   Thumb Code     0  startup_stm32f10x_hd.o(.text)
    TIM6_IRQHandler                          0x080001e7   Thumb Code     0  startup_stm32f10x_hd.o(.text)
    TIM7_IRQHandler                          0x080001e7   Thumb Code     0  startup_stm32f10x_hd.o(.text)
    TIM8_BRK_IRQHandler                      0x080001e7   Thumb Code     0  startup_stm32f10x_hd.o(.text)
    TIM8_CC_IRQHandler                       0x080001e7   Thumb Code     0  startup_stm32f10x_hd.o(.text)
    TIM8_TRG_COM_IRQHandler                  0x080001e7   Thumb Code     0  startup_stm32f10x_hd.o(.text)
    TIM8_UP_IRQHandler                       0x080001e7   Thumb Code     0  startup_stm32f10x_hd.o(.text)
    UART4_IRQHandler                         0x080001e7   Thumb Code     0  startup_stm32f10x_hd.o(.text)
    UART5_IRQHandler                         0x080001e7   Thumb Code     0  startup_stm32f10x_hd.o(.text)
    USART2_IRQHandler                        0x080001e7   Thumb Code     0  startup_stm32f10x_hd.o(.text)
    USART3_IRQHandler                        0x080001e7   Thumb Code     0  startup_stm32f10x_hd.o(.text)
    USBWakeUp_IRQHandler                     0x080001e7   Thumb Code     0  startup_stm32f10x_hd.o(.text)
    USB_HP_CAN1_TX_IRQHandler                0x080001e7   Thumb Code     0  startup_stm32f10x_hd.o(.text)
    USB_LP_CAN1_RX0_IRQHandler               0x080001e7   Thumb Code     0  startup_stm32f10x_hd.o(.text)
    WWDG_IRQHandler                          0x080001e7   Thumb Code     0  startup_stm32f10x_hd.o(.text)
    __user_initial_stackheap                 0x080001e9   Thumb Code     0  startup_stm32f10x_hd.o(.text)
    __use_no_semihosting                     0x0800020d   Thumb Code     2  use_no_semi_2.o(.text)
    qsort                                    0x080003ed   Thumb Code   134  qsortnoex.o(.text)
    __use_two_region_memory                  0x08000473   Thumb Code     2  heapauxi.o(.text)
    __rt_heap_escrow$2region                 0x08000475   Thumb Code     2  heapauxi.o(.text)
    __rt_heap_expand$2region                 0x08000477   Thumb Code     2  heapauxi.o(.text)
    __I$use$semihosting                      0x08000479   Thumb Code     0  use_no_semi.o(.text)
    __use_no_semihosting_swi                 0x08000479   Thumb Code     2  use_no_semi.o(.text)
    __user_setup_stackheap                   0x0800047b   Thumb Code    74  sys_stackheap_outer.o(.text)
    exit                                     0x080004c5   Thumb Code    18  exit.o(.text)
    __user_libspace                          0x080004d9   Thumb Code     8  libspace.o(.text)
    __user_perproc_libspace                  0x080004d9   Thumb Code     0  libspace.o(.text)
    __user_perthread_libspace                0x080004d9   Thumb Code     0  libspace.o(.text)
    ADS2_clock                               0x080004e1   Thumb Code    26  myiic2.o(i.ADS2_clock)
    ADS2_delay                               0x08000505   Thumb Code    14  myiic2.o(i.ADS2_delay)
    ADS_clock                                0x08000515   Thumb Code    26  myiic.o(i.ADS_clock)
    ADS_delay                                0x08000539   Thumb Code    14  myiic.o(i.ADS_delay)
    Check_Win                                0x08000549   Thumb Code   224  display.o(i.Check_Win)
    DMA1_Channel1_Event                      0x080006f5   Thumb Code     2  dma_stm32f10x.o(i.DMA1_Channel1_Event)
    DMA1_Channel1_IRQHandler                 0x080006f9   Thumb Code    22  dma_stm32f10x.o(i.DMA1_Channel1_IRQHandler)
    DMA1_Channel2_Event                      0x08000715   Thumb Code     2  dma_stm32f10x.o(i.DMA1_Channel2_Event)
    DMA1_Channel2_IRQHandler                 0x08000719   Thumb Code    24  dma_stm32f10x.o(i.DMA1_Channel2_IRQHandler)
    DMA1_Channel3_Event                      0x08000735   Thumb Code     2  dma_stm32f10x.o(i.DMA1_Channel3_Event)
    DMA1_Channel3_IRQHandler                 0x08000739   Thumb Code    24  dma_stm32f10x.o(i.DMA1_Channel3_IRQHandler)
    DMA1_Channel4_Event                      0x08000755   Thumb Code     2  dma_stm32f10x.o(i.DMA1_Channel4_Event)
    DMA1_Channel4_IRQHandler                 0x08000759   Thumb Code    24  dma_stm32f10x.o(i.DMA1_Channel4_IRQHandler)
    DMA1_Channel5_Event                      0x08000775   Thumb Code     2  dma_stm32f10x.o(i.DMA1_Channel5_Event)
    DMA1_Channel5_IRQHandler                 0x08000779   Thumb Code    24  dma_stm32f10x.o(i.DMA1_Channel5_IRQHandler)
    DMA1_Channel6_Event                      0x08000795   Thumb Code     2  dma_stm32f10x.o(i.DMA1_Channel6_Event)
    DMA1_Channel6_IRQHandler                 0x08000799   Thumb Code    24  dma_stm32f10x.o(i.DMA1_Channel6_IRQHandler)
    DMA1_Channel7_Event                      0x080007b5   Thumb Code     2  dma_stm32f10x.o(i.DMA1_Channel7_Event)
    DMA1_Channel7_IRQHandler                 0x080007b9   Thumb Code    24  dma_stm32f10x.o(i.DMA1_Channel7_IRQHandler)
    DMA2_Channel1_Event                      0x080007d5   Thumb Code     2  dma_stm32f10x.o(i.DMA2_Channel1_Event)
    DMA2_Channel1_IRQHandler                 0x080007d9   Thumb Code    24  dma_stm32f10x.o(i.DMA2_Channel1_IRQHandler)
    DMA2_Channel2_Event                      0x080007f5   Thumb Code     2  dma_stm32f10x.o(i.DMA2_Channel2_Event)
    DMA2_Channel2_IRQHandler                 0x080007f9   Thumb Code    26  dma_stm32f10x.o(i.DMA2_Channel2_IRQHandler)
    DMA2_Channel3_Event                      0x08000819   Thumb Code     2  dma_stm32f10x.o(i.DMA2_Channel3_Event)
    DMA2_Channel3_IRQHandler                 0x0800081d   Thumb Code    26  dma_stm32f10x.o(i.DMA2_Channel3_IRQHandler)
    DMA2_Channel4_5_IRQHandler               0x0800083d   Thumb Code    52  dma_stm32f10x.o(i.DMA2_Channel4_5_IRQHandler)
    DMA2_Channel4_Event                      0x08000875   Thumb Code     2  dma_stm32f10x.o(i.DMA2_Channel4_Event)
    DMA2_Channel5_Event                      0x08000877   Thumb Code     2  dma_stm32f10x.o(i.DMA2_Channel5_Event)
    DataScope                                0x08000879   Thumb Code   106  main.o(i.DataScope)
    DataScope_Data_Generate                  0x080008f1   Thumb Code   148  datascope_dp.o(i.DataScope_Data_Generate)
    DataScope_Get_Channel_Data               0x08000989   Thumb Code   158  datascope_dp.o(i.DataScope_Get_Channel_Data)
    FDC2X14_Init                             0x08000a2d   Thumb Code   448  fdc2x14.o(i.FDC2X14_Init)
    FDC_ClearCH                              0x08000bed   Thumb Code   106  fdc2x14.o(i.FDC_ClearCH)
    FDC_GetCH                                0x08000c59   Thumb Code   218  fdc2x14.o(i.FDC_GetCH)
    FSMC_NORSRAMCmd                          0x08000d39   Thumb Code    46  stm32f10x_fsmc.o(i.FSMC_NORSRAMCmd)
    FSMC_NORSRAMInit                         0x08000d6d   Thumb Code   230  stm32f10x_fsmc.o(i.FSMC_NORSRAMInit)
    Float2Byte                               0x08000e53   Thumb Code    28  datascope_dp.o(i.Float2Byte)
    GPIO_Init                                0x08000e6f   Thumb Code   278  stm32f10x_gpio.o(i.GPIO_Init)
    GPIO_SetBits                             0x08000f85   Thumb Code     4  stm32f10x_gpio.o(i.GPIO_SetBits)
    Get_AverageCH                            0x08000f89   Thumb Code   332  pretreat.o(i.Get_AverageCH)
    Get_Base                                 0x080010ed   Thumb Code   200  part1.o(i.Get_Base)
    Get_ClearAverageCH                       0x08001255   Thumb Code   316  pretreat.o(i.Get_ClearAverageCH)
    Get_Cloth                                0x080013a9   Thumb Code   192  part1.o(i.Get_Cloth)
    Get_Error                                0x080014d9   Thumb Code    40  pretreat.o(i.Get_Error)
    Get_Error_Quick                          0x08001509   Thumb Code    26  pretreat.o(i.Get_Error_Quick)
    Get_Key                                  0x08001529   Thumb Code   262  key.o(i.Get_Key)
    Get_Level                                0x08001635   Thumb Code    60  pretreat.o(i.Get_Level)
    Get_Scissors                             0x08001679   Thumb Code   192  part1.o(i.Get_Scissors)
    Get_Stone                                0x080017ad   Thumb Code   192  part1.o(i.Get_Stone)
    Get_Weight                               0x080018dd   Thumb Code    78  pretreat.o(i.Get_Weight)
    IIC2_Ack                                 0x08001935   Thumb Code    64  myiic2.o(i.IIC2_Ack)
    IIC2_Init                                0x08001981   Thumb Code    46  myiic2.o(i.IIC2_Init)
    IIC2_Read_Byte                           0x080019b5   Thumb Code    68  myiic2.o(i.IIC2_Read_Byte)
    IIC2_Send_Byte                           0x08001a01   Thumb Code    78  myiic2.o(i.IIC2_Send_Byte)
    IIC2_Start                               0x08001a59   Thumb Code    64  myiic2.o(i.IIC2_Start)
    IIC2_Stop                                0x08001aa5   Thumb Code    56  myiic2.o(i.IIC2_Stop)
    IIC2_Wait_Ack                            0x08001ae9   Thumb Code    86  myiic2.o(i.IIC2_Wait_Ack)
    IIC_Ack                                  0x08001b4d   Thumb Code    64  myiic.o(i.IIC_Ack)
    IIC_Init                                 0x08001b99   Thumb Code    50  myiic.o(i.IIC_Init)
    IIC_Read_Byte                            0x08001bd1   Thumb Code    68  myiic.o(i.IIC_Read_Byte)
    IIC_Send_Byte                            0x08001c1d   Thumb Code    78  myiic.o(i.IIC_Send_Byte)
    IIC_Start                                0x08001c75   Thumb Code    64  myiic.o(i.IIC_Start)
    IIC_Stop                                 0x08001cc1   Thumb Code    56  myiic.o(i.IIC_Stop)
    IIC_Wait_Ack                             0x08001d05   Thumb Code    86  myiic.o(i.IIC_Wait_Ack)
    Judge_Gesture                            0x08001d69   Thumb Code   160  part1.o(i.Judge_Gesture)
    Key_Initial                              0x08001e81   Thumb Code    32  key.o(i.Key_Initial)
    LCD_Clear                                0x08001ea5   Thumb Code    44  lcd.o(i.LCD_Clear)
    LCD_Display_Dir                          0x08001ed5   Thumb Code   238  lcd.o(i.LCD_Display_Dir)
    LCD_DrawPoint                            0x08001fc9   Thumb Code    30  lcd.o(i.LCD_DrawPoint)
    LCD_Init                                 0x08001fed   Thumb Code  6272  lcd.o(i.LCD_Init)
    LCD_Pow                                  0x08003875   Thumb Code    22  lcd.o(i.LCD_Pow)
    LCD_RD_DATA                              0x0800388b   Thumb Code     8  lcd.o(i.LCD_RD_DATA)
    LCD_ReadReg                              0x08003893   Thumb Code    22  lcd.o(i.LCD_ReadReg)
    LCD_Scan_Dir                             0x080038a9   Thumb Code   454  lcd.o(i.LCD_Scan_Dir)
    LCD_SetCursor                            0x08003a75   Thumb Code   112  lcd.o(i.LCD_SetCursor)
    LCD_ShowChar                             0x08003ae9   Thumb Code   340  lcd.o(i.LCD_ShowChar)
    LCD_ShowNum                              0x08003c51   Thumb Code   148  lcd.o(i.LCD_ShowNum)
    LCD_ShowString                           0x08003ce5   Thumb Code   102  lcd.o(i.LCD_ShowString)
    LCD_WR_DATA                              0x08003d4b   Thumb Code     8  lcd.o(i.LCD_WR_DATA)
    LCD_WR_REG                               0x08003d53   Thumb Code     8  lcd.o(i.LCD_WR_REG)
    LCD_WriteRAM_Prepare                     0x08003d5d   Thumb Code    12  lcd.o(i.LCD_WriteRAM_Prepare)
    LCD_WriteReg                             0x08003d6d   Thumb Code    10  lcd.o(i.LCD_WriteReg)
    Main_Win                                 0x08003d79   Thumb Code   132  display.o(i.Main_Win)
    Main_Win_Initial                         0x08003e05   Thumb Code    66  display.o(i.Main_Win_Initial)
    NVIC_Init                                0x08003e7d   Thumb Code   100  misc.o(i.NVIC_Init)
    P1_Judge_Win                             0x08003eed   Thumb Code   112  part1.o(i.P1_Judge_Win)
    P1_Main_Win                              0x08003fa1   Thumb Code    84  part1.o(i.P1_Main_Win)
    Part1_Start                              0x08004031   Thumb Code     8  part1.o(i.Part1_Start)
    Pretreat_Initial                         0x08004039   Thumb Code    74  pretreat.o(i.Pretreat_Initial)
    RCC_AHBPeriphClockCmd                    0x08004095   Thumb Code    26  stm32f10x_rcc.o(i.RCC_AHBPeriphClockCmd)
    RCC_APB2PeriphClockCmd                   0x080040b5   Thumb Code    26  stm32f10x_rcc.o(i.RCC_APB2PeriphClockCmd)
    RCC_GetClocksFreq                        0x080040d5   Thumb Code   192  stm32f10x_rcc.o(i.RCC_GetClocksFreq)
    ReadFDC2X14                              0x080041a9   Thumb Code   258  fdc2x14.o(i.ReadFDC2X14)
    ReadFDC2X14_2                            0x080042ab   Thumb Code   258  fdc2x14.o(i.ReadFDC2X14_2)
    Set_Error                                0x08004495   Thumb Code    20  fdc2x14.o(i.Set_Error)
    ShowNum                                  0x080044ad   Thumb Code   138  lcd.o(i.ShowNum)
    ShowString                               0x0800455d   Thumb Code    44  lcd.o(i.ShowString)
    SysTick_CLKSourceConfig                  0x08004589   Thumb Code    40  misc.o(i.SysTick_CLKSourceConfig)
    SystemInit                               0x080045b1   Thumb Code    78  system_stm32f10x.o(i.SystemInit)
    System_Initial                           0x08004611   Thumb Code    52  main.o(i.System_Initial)
    USART1_IRQHandler                        0x0800464d   Thumb Code   122  usart.o(i.USART1_IRQHandler)
    USART_Cmd                                0x080046d5   Thumb Code    24  stm32f10x_usart.o(i.USART_Cmd)
    USART_GetITStatus                        0x080046ed   Thumb Code    84  stm32f10x_usart.o(i.USART_GetITStatus)
    USART_ITConfig                           0x08004741   Thumb Code    74  stm32f10x_usart.o(i.USART_ITConfig)
    USART_Init                               0x0800478d   Thumb Code   210  stm32f10x_usart.o(i.USART_Init)
    USART_ReceiveData                        0x08004865   Thumb Code    10  stm32f10x_usart.o(i.USART_ReceiveData)
    WriteRegfdc2214                          0x0800486f   Thumb Code    64  fdc2x14.o(i.WriteRegfdc2214)
    WriteRegfdc2214_2                        0x080048af   Thumb Code    64  fdc2x14.o(i.WriteRegfdc2214_2)
    _sys_exit                                0x080048ef   Thumb Code     4  usart.o(i._sys_exit)
    cmp                                      0x080048f3   Thumb Code    10  pretreat.o(i.cmp)
    delay_init                               0x080048fd   Thumb Code    50  delay.o(i.delay_init)
    delay_ms                                 0x08004941   Thumb Code    72  delay.o(i.delay_ms)
    delay_us                                 0x0800498d   Thumb Code    72  delay.o(i.delay_us)
    main                                     0x080049d9   Thumb Code    88  main.o(i.main)
    max                                      0x08004a35   Thumb Code    14  main.o(i.max)
    min                                      0x08004a43   Thumb Code    14  main.o(i.min)
    uart_init                                0x08004a51   Thumb Code   152  usart.o(i.uart_init)
    __aeabi_fadd                             0x08004af1   Thumb Code     0  faddsub_clz.o(x$fpl$fadd)
    _fadd                                    0x08004af1   Thumb Code   196  faddsub_clz.o(x$fpl$fadd)
    __aeabi_fdiv                             0x08004bb5   Thumb Code     0  fdiv.o(x$fpl$fdiv)
    _fdiv                                    0x08004bb5   Thumb Code   384  fdiv.o(x$fpl$fdiv)
    __aeabi_f2iz                             0x08004d39   Thumb Code     0  ffix.o(x$fpl$ffix)
    _ffix                                    0x08004d39   Thumb Code    54  ffix.o(x$fpl$ffix)
    __aeabi_i2f                              0x08004d71   Thumb Code     0  fflt_clz.o(x$fpl$fflt)
    _fflt                                    0x08004d71   Thumb Code    48  fflt_clz.o(x$fpl$fflt)
    __aeabi_fmul                             0x08004da1   Thumb Code     0  fmul.o(x$fpl$fmul)
    _fmul                                    0x08004da1   Thumb Code   258  fmul.o(x$fpl$fmul)
    __fpl_fnaninf                            0x08004ea3   Thumb Code   140  fnaninf.o(x$fpl$fnaninf)
    __fpl_fretinf                            0x08004f2f   Thumb Code    10  fretinf.o(x$fpl$fretinf)
    __aeabi_fsub                             0x08004f39   Thumb Code     0  faddsub_clz.o(x$fpl$fsub)
    _fsub                                    0x08004f39   Thumb Code   234  faddsub_clz.o(x$fpl$fsub)
    __I$use$fp                               0x08005022   Number         0  usenofp.o(x$fpl$usenofp)
    asc2_1206                                0x08005022   Data        1140  lcd.o(.constdata)
    asc2_1608                                0x08005496   Data        1520  lcd.o(.constdata)
    Region$$Table$$Base                      0x08005a88   Number         0  anon$$obj.o(Region$$Table)
    Region$$Table$$Limit                     0x08005aa8   Number         0  anon$$obj.o(Region$$Table)
    Mode                                     0x20000000   Data           4  main.o(.data)
    Mode_Size                                0x20000004   Data           4  main.o(.data)
    __stdout                                 0x2000000c   Data           4  usart.o(.data)
    USART_RX_STA                             0x20000010   Data           2  usart.o(.data)
    POINT_COLOR                              0x20000012   Data           2  lcd.o(.data)
    BACK_COLOR                               0x20000014   Data           2  lcd.o(.data)
    Stone                                    0x20000018   Data           4  part1.o(.data)
    Scissors                                 0x2000001c   Data           4  part1.o(.data)
    Cloth                                    0x20000020   Data           4  part1.o(.data)
    SystemCoreClock                          0x20000038   Data           4  system_stm32f10x.o(.data)
    AHBPrescTable                            0x2000003c   Data          16  system_stm32f10x.o(.data)
    USART_RX_BUF                             0x2000004c   Data         200  usart.o(.bss)
    Error                                    0x20000114   Data          32  fdc2x14.o(.bss)
    lcddev                                   0x20000134   Data          10  lcd.o(.bss)
    DataScope_OutPut_Buffer                  0x2000013e   Data          42  datascope_dp.o(.bss)
    Level                                    0x20000168   Data          32  pretreat.o(.bss)
    Ave                                      0x20000188   Data          32  pretreat.o(.bss)
    Weight                                   0x200001a8   Data          32  pretreat.o(.bss)
    Cal                                      0x200001c8   Data         320  pretreat.o(.bss)
    Queue                                    0x20000308   Data          96  pretreat.o(.bss)
    __libspace_start                         0x20000368   Data          96  libspace.o(.bss)
    __temporary_stack_top$libspace           0x200003c8   Data           0  libspace.o(.bss)



==============================================================================

Memory Map of the image

  Image Entry point : 0x08000131

  Load Region LR_IROM1 (Base: 0x08000000, Size: 0x00005af4, Max: 0x00080000, ABSOLUTE)

    Execution Region ER_IROM1 (Exec base: 0x08000000, Load base: 0x08000000, Size: 0x00005aa8, Max: 0x00080000, ABSOLUTE)

    Exec Addr    Load Addr    Size         Type   Attr      Idx    E Section Name        Object

    0x08000000   0x08000000   0x00000130   Data   RO         2633    RESET               startup_stm32f10x_hd.o
    0x08000130   0x08000130   0x00000008   Code   RO         2692  * !!!main             c_w.l(__main.o)
    0x08000138   0x08000138   0x00000034   Code   RO         2874    !!!scatter          c_w.l(__scatter.o)
    0x0800016c   0x0800016c   0x0000001a   Code   RO         2876    !!handler_copy      c_w.l(__scatter_copy.o)
    0x08000186   0x08000186   0x00000002   PAD
    0x08000188   0x08000188   0x0000001c   Code   RO         2878    !!handler_zi        c_w.l(__scatter_zi.o)
    0x080001a4   0x080001a4   0x00000002   Code   RO         2748    .ARM.Collect$$libinit$$00000000  c_w.l(libinit.o)
    0x080001a6   0x080001a6   0x00000000   Code   RO         2755    .ARM.Collect$$libinit$$00000002  c_w.l(libinit2.o)
    0x080001a6   0x080001a6   0x00000000   Code   RO         2757    .ARM.Collect$$libinit$$00000004  c_w.l(libinit2.o)
    0x080001a6   0x080001a6   0x00000000   Code   RO         2760    .ARM.Collect$$libinit$$0000000A  c_w.l(libinit2.o)
    0x080001a6   0x080001a6   0x00000000   Code   RO         2762    .ARM.Collect$$libinit$$0000000C  c_w.l(libinit2.o)
    0x080001a6   0x080001a6   0x00000000   Code   RO         2764    .ARM.Collect$$libinit$$0000000E  c_w.l(libinit2.o)
    0x080001a6   0x080001a6   0x00000000   Code   RO         2767    .ARM.Collect$$libinit$$00000011  c_w.l(libinit2.o)
    0x080001a6   0x080001a6   0x00000000   Code   RO         2769    .ARM.Collect$$libinit$$00000013  c_w.l(libinit2.o)
    0x080001a6   0x080001a6   0x00000000   Code   RO         2771    .ARM.Collect$$libinit$$00000015  c_w.l(libinit2.o)
    0x080001a6   0x080001a6   0x00000000   Code   RO         2773    .ARM.Collect$$libinit$$00000017  c_w.l(libinit2.o)
    0x080001a6   0x080001a6   0x00000000   Code   RO         2775    .ARM.Collect$$libinit$$00000019  c_w.l(libinit2.o)
    0x080001a6   0x080001a6   0x00000000   Code   RO         2777    .ARM.Collect$$libinit$$0000001B  c_w.l(libinit2.o)
    0x080001a6   0x080001a6   0x00000000   Code   RO         2779    .ARM.Collect$$libinit$$0000001D  c_w.l(libinit2.o)
    0x080001a6   0x080001a6   0x00000000   Code   RO         2781    .ARM.Collect$$libinit$$0000001F  c_w.l(libinit2.o)
    0x080001a6   0x080001a6   0x00000000   Code   RO         2783    .ARM.Collect$$libinit$$00000021  c_w.l(libinit2.o)
    0x080001a6   0x080001a6   0x00000000   Code   RO         2785    .ARM.Collect$$libinit$$00000023  c_w.l(libinit2.o)
    0x080001a6   0x080001a6   0x00000000   Code   RO         2787    .ARM.Collect$$libinit$$00000025  c_w.l(libinit2.o)
    0x080001a6   0x080001a6   0x00000000   Code   RO         2791    .ARM.Collect$$libinit$$0000002C  c_w.l(libinit2.o)
    0x080001a6   0x080001a6   0x00000000   Code   RO         2793    .ARM.Collect$$libinit$$0000002E  c_w.l(libinit2.o)
    0x080001a6   0x080001a6   0x00000000   Code   RO         2795    .ARM.Collect$$libinit$$00000030  c_w.l(libinit2.o)
    0x080001a6   0x080001a6   0x00000000   Code   RO         2797    .ARM.Collect$$libinit$$00000032  c_w.l(libinit2.o)
    0x080001a6   0x080001a6   0x00000002   Code   RO         2798    .ARM.Collect$$libinit$$00000033  c_w.l(libinit2.o)
    0x080001a8   0x080001a8   0x00000002   Code   RO         2816    .ARM.Collect$$libshutdown$$00000000  c_w.l(libshutdown.o)
    0x080001aa   0x080001aa   0x00000000   Code   RO         2826    .ARM.Collect$$libshutdown$$00000002  c_w.l(libshutdown2.o)
    0x080001aa   0x080001aa   0x00000000   Code   RO         2828    .ARM.Collect$$libshutdown$$00000004  c_w.l(libshutdown2.o)
    0x080001aa   0x080001aa   0x00000000   Code   RO         2831    .ARM.Collect$$libshutdown$$00000007  c_w.l(libshutdown2.o)
    0x080001aa   0x080001aa   0x00000000   Code   RO         2834    .ARM.Collect$$libshutdown$$0000000A  c_w.l(libshutdown2.o)
    0x080001aa   0x080001aa   0x00000000   Code   RO         2836    .ARM.Collect$$libshutdown$$0000000C  c_w.l(libshutdown2.o)
    0x080001aa   0x080001aa   0x00000000   Code   RO         2839    .ARM.Collect$$libshutdown$$0000000F  c_w.l(libshutdown2.o)
    0x080001aa   0x080001aa   0x00000002   Code   RO         2840    .ARM.Collect$$libshutdown$$00000010  c_w.l(libshutdown2.o)
    0x080001ac   0x080001ac   0x00000000   Code   RO         2718    .ARM.Collect$$rtentry$$00000000  c_w.l(__rtentry.o)
    0x080001ac   0x080001ac   0x00000000   Code   RO         2725    .ARM.Collect$$rtentry$$00000002  c_w.l(__rtentry2.o)
    0x080001ac   0x080001ac   0x00000006   Code   RO         2737    .ARM.Collect$$rtentry$$00000004  c_w.l(__rtentry4.o)
    0x080001b2   0x080001b2   0x00000000   Code   RO         2727    .ARM.Collect$$rtentry$$00000009  c_w.l(__rtentry2.o)
    0x080001b2   0x080001b2   0x00000004   Code   RO         2728    .ARM.Collect$$rtentry$$0000000A  c_w.l(__rtentry2.o)
    0x080001b6   0x080001b6   0x00000000   Code   RO         2730    .ARM.Collect$$rtentry$$0000000C  c_w.l(__rtentry2.o)
    0x080001b6   0x080001b6   0x00000008   Code   RO         2731    .ARM.Collect$$rtentry$$0000000D  c_w.l(__rtentry2.o)
    0x080001be   0x080001be   0x00000002   Code   RO         2752    .ARM.Collect$$rtexit$$00000000  c_w.l(rtexit.o)
    0x080001c0   0x080001c0   0x00000000   Code   RO         2800    .ARM.Collect$$rtexit$$00000002  c_w.l(rtexit2.o)
    0x080001c0   0x080001c0   0x00000004   Code   RO         2801    .ARM.Collect$$rtexit$$00000003  c_w.l(rtexit2.o)
    0x080001c4   0x080001c4   0x00000006   Code   RO         2802    .ARM.Collect$$rtexit$$00000004  c_w.l(rtexit2.o)
    0x080001ca   0x080001ca   0x00000002   PAD
    0x080001cc   0x080001cc   0x00000040   Code   RO         2634    .text               startup_stm32f10x_hd.o
    0x0800020c   0x0800020c   0x00000002   Code   RO         2686    .text               c_w.l(use_no_semi_2.o)
    0x0800020e   0x0800020e   0x00000264   Code   RO         2688    .text               c_w.l(qsortnoex.o)
    0x08000472   0x08000472   0x00000006   Code   RO         2690    .text               c_w.l(heapauxi.o)
    0x08000478   0x08000478   0x00000002   Code   RO         2716    .text               c_w.l(use_no_semi.o)
    0x0800047a   0x0800047a   0x0000004a   Code   RO         2739    .text               c_w.l(sys_stackheap_outer.o)
    0x080004c4   0x080004c4   0x00000012   Code   RO         2741    .text               c_w.l(exit.o)
    0x080004d6   0x080004d6   0x00000002   PAD
    0x080004d8   0x080004d8   0x00000008   Code   RO         2749    .text               c_w.l(libspace.o)
    0x080004e0   0x080004e0   0x00000024   Code   RO          457    i.ADS2_clock        myiic2.o
    0x08000504   0x08000504   0x0000000e   Code   RO          458    i.ADS2_delay        myiic2.o
    0x08000512   0x08000512   0x00000002   PAD
    0x08000514   0x08000514   0x00000024   Code   RO          370    i.ADS_clock         myiic.o
    0x08000538   0x08000538   0x0000000e   Code   RO          371    i.ADS_delay         myiic.o
    0x08000546   0x08000546   0x00000002   PAD
    0x08000548   0x08000548   0x000001ac   Code   RO         1034    i.Check_Win         display.o
    0x080006f4   0x080006f4   0x00000002   Code   RO         2382    i.DMA1_Channel1_Event  dma_stm32f10x.o
    0x080006f6   0x080006f6   0x00000002   PAD
    0x080006f8   0x080006f8   0x0000001c   Code   RO         2383    i.DMA1_Channel1_IRQHandler  dma_stm32f10x.o
    0x08000714   0x08000714   0x00000002   Code   RO         2384    i.DMA1_Channel2_Event  dma_stm32f10x.o
    0x08000716   0x08000716   0x00000002   PAD
    0x08000718   0x08000718   0x0000001c   Code   RO         2385    i.DMA1_Channel2_IRQHandler  dma_stm32f10x.o
    0x08000734   0x08000734   0x00000002   Code   RO         2386    i.DMA1_Channel3_Event  dma_stm32f10x.o
    0x08000736   0x08000736   0x00000002   PAD
    0x08000738   0x08000738   0x0000001c   Code   RO         2387    i.DMA1_Channel3_IRQHandler  dma_stm32f10x.o
    0x08000754   0x08000754   0x00000002   Code   RO         2388    i.DMA1_Channel4_Event  dma_stm32f10x.o
    0x08000756   0x08000756   0x00000002   PAD
    0x08000758   0x08000758   0x0000001c   Code   RO         2389    i.DMA1_Channel4_IRQHandler  dma_stm32f10x.o
    0x08000774   0x08000774   0x00000002   Code   RO         2390    i.DMA1_Channel5_Event  dma_stm32f10x.o
    0x08000776   0x08000776   0x00000002   PAD
    0x08000778   0x08000778   0x0000001c   Code   RO         2391    i.DMA1_Channel5_IRQHandler  dma_stm32f10x.o
    0x08000794   0x08000794   0x00000002   Code   RO         2392    i.DMA1_Channel6_Event  dma_stm32f10x.o
    0x08000796   0x08000796   0x00000002   PAD
    0x08000798   0x08000798   0x0000001c   Code   RO         2393    i.DMA1_Channel6_IRQHandler  dma_stm32f10x.o
    0x080007b4   0x080007b4   0x00000002   Code   RO         2394    i.DMA1_Channel7_Event  dma_stm32f10x.o
    0x080007b6   0x080007b6   0x00000002   PAD
    0x080007b8   0x080007b8   0x0000001c   Code   RO         2395    i.DMA1_Channel7_IRQHandler  dma_stm32f10x.o
    0x080007d4   0x080007d4   0x00000002   Code   RO         2396    i.DMA2_Channel1_Event  dma_stm32f10x.o
    0x080007d6   0x080007d6   0x00000002   PAD
    0x080007d8   0x080007d8   0x0000001c   Code   RO         2397    i.DMA2_Channel1_IRQHandler  dma_stm32f10x.o
    0x080007f4   0x080007f4   0x00000002   Code   RO         2398    i.DMA2_Channel2_Event  dma_stm32f10x.o
    0x080007f6   0x080007f6   0x00000002   PAD
    0x080007f8   0x080007f8   0x00000020   Code   RO         2399    i.DMA2_Channel2_IRQHandler  dma_stm32f10x.o
    0x08000818   0x08000818   0x00000002   Code   RO         2400    i.DMA2_Channel3_Event  dma_stm32f10x.o
    0x0800081a   0x0800081a   0x00000002   PAD
    0x0800081c   0x0800081c   0x00000020   Code   RO         2401    i.DMA2_Channel3_IRQHandler  dma_stm32f10x.o
    0x0800083c   0x0800083c   0x00000038   Code   RO         2402    i.DMA2_Channel4_5_IRQHandler  dma_stm32f10x.o
    0x08000874   0x08000874   0x00000002   Code   RO         2403    i.DMA2_Channel4_Event  dma_stm32f10x.o
    0x08000876   0x08000876   0x00000002   Code   RO         2405    i.DMA2_Channel5_Event  dma_stm32f10x.o
    0x08000878   0x08000878   0x00000078   Code   RO            4    i.DataScope         main.o
    0x080008f0   0x080008f0   0x00000098   Code   RO          929    i.DataScope_Data_Generate  datascope_dp.o
    0x08000988   0x08000988   0x000000a4   Code   RO          930    i.DataScope_Get_Channel_Data  datascope_dp.o
    0x08000a2c   0x08000a2c   0x000001c0   Code   RO          298    i.FDC2X14_Init      fdc2x14.o
    0x08000bec   0x08000bec   0x0000006a   Code   RO          299    i.FDC_ClearCH       fdc2x14.o
    0x08000c56   0x08000c56   0x00000002   PAD
    0x08000c58   0x08000c58   0x000000e0   Code   RO          300    i.FDC_GetCH         fdc2x14.o
    0x08000d38   0x08000d38   0x00000034   Code   RO          777    i.FSMC_NORSRAMCmd   stm32f10x_fsmc.o
    0x08000d6c   0x08000d6c   0x000000e6   Code   RO          779    i.FSMC_NORSRAMInit  stm32f10x_fsmc.o
    0x08000e52   0x08000e52   0x0000001c   Code   RO          931    i.Float2Byte        datascope_dp.o
    0x08000e6e   0x08000e6e   0x00000116   Code   RO         1196    i.GPIO_Init         stm32f10x_gpio.o
    0x08000f84   0x08000f84   0x00000004   Code   RO         1204    i.GPIO_SetBits      stm32f10x_gpio.o
    0x08000f88   0x08000f88   0x00000164   Code   RO          962    i.Get_AverageCH     pretreat.o
    0x080010ec   0x080010ec   0x00000168   Code   RO         1070    i.Get_Base          part1.o
    0x08001254   0x08001254   0x00000154   Code   RO          963    i.Get_ClearAverageCH  pretreat.o
    0x080013a8   0x080013a8   0x00000130   Code   RO         1071    i.Get_Cloth         part1.o
    0x080014d8   0x080014d8   0x00000030   Code   RO          964    i.Get_Error         pretreat.o
    0x08001508   0x08001508   0x00000020   Code   RO          965    i.Get_Error_Quick   pretreat.o
    0x08001528   0x08001528   0x0000010c   Code   RO          898    i.Get_Key           key.o
    0x08001634   0x08001634   0x00000044   Code   RO          966    i.Get_Level         pretreat.o
    0x08001678   0x08001678   0x00000134   Code   RO         1072    i.Get_Scissors      part1.o
    0x080017ac   0x080017ac   0x00000130   Code   RO         1073    i.Get_Stone         part1.o
    0x080018dc   0x080018dc   0x00000058   Code   RO          967    i.Get_Weight        pretreat.o
    0x08001934   0x08001934   0x0000004c   Code   RO          459    i.IIC2_Ack          myiic2.o
    0x08001980   0x08001980   0x00000034   Code   RO          460    i.IIC2_Init         myiic2.o
    0x080019b4   0x080019b4   0x0000004c   Code   RO          462    i.IIC2_Read_Byte    myiic2.o
    0x08001a00   0x08001a00   0x00000058   Code   RO          463    i.IIC2_Send_Byte    myiic2.o
    0x08001a58   0x08001a58   0x0000004c   Code   RO          464    i.IIC2_Start        myiic2.o
    0x08001aa4   0x08001aa4   0x00000044   Code   RO          465    i.IIC2_Stop         myiic2.o
    0x08001ae8   0x08001ae8   0x00000064   Code   RO          466    i.IIC2_Wait_Ack     myiic2.o
    0x08001b4c   0x08001b4c   0x0000004c   Code   RO          372    i.IIC_Ack           myiic.o
    0x08001b98   0x08001b98   0x00000038   Code   RO          373    i.IIC_Init          myiic.o
    0x08001bd0   0x08001bd0   0x0000004c   Code   RO          375    i.IIC_Read_Byte     myiic.o
    0x08001c1c   0x08001c1c   0x00000058   Code   RO          376    i.IIC_Send_Byte     myiic.o
    0x08001c74   0x08001c74   0x0000004c   Code   RO          377    i.IIC_Start         myiic.o
    0x08001cc0   0x08001cc0   0x00000044   Code   RO          378    i.IIC_Stop          myiic.o
    0x08001d04   0x08001d04   0x00000064   Code   RO          379    i.IIC_Wait_Ack      myiic.o
    0x08001d68   0x08001d68   0x00000118   Code   RO         1074    i.Judge_Gesture     part1.o
    0x08001e80   0x08001e80   0x00000024   Code   RO          899    i.Key_Initial       key.o
    0x08001ea4   0x08001ea4   0x00000030   Code   RO          546    i.LCD_Clear         lcd.o
    0x08001ed4   0x08001ed4   0x000000f4   Code   RO          550    i.LCD_Display_Dir   lcd.o
    0x08001fc8   0x08001fc8   0x00000024   Code   RO          552    i.LCD_DrawPoint     lcd.o
    0x08001fec   0x08001fec   0x00001888   Code   RO          556    i.LCD_Init          lcd.o
    0x08003874   0x08003874   0x00000016   Code   RO          557    i.LCD_Pow           lcd.o
    0x0800388a   0x0800388a   0x00000008   Code   RO          558    i.LCD_RD_DATA       lcd.o
    0x08003892   0x08003892   0x00000016   Code   RO          560    i.LCD_ReadReg       lcd.o
    0x080038a8   0x080038a8   0x000001cc   Code   RO          561    i.LCD_Scan_Dir      lcd.o
    0x08003a74   0x08003a74   0x00000074   Code   RO          562    i.LCD_SetCursor     lcd.o
    0x08003ae8   0x08003ae8   0x00000168   Code   RO          563    i.LCD_ShowChar      lcd.o
    0x08003c50   0x08003c50   0x00000094   Code   RO          564    i.LCD_ShowNum       lcd.o
    0x08003ce4   0x08003ce4   0x00000066   Code   RO          565    i.LCD_ShowString    lcd.o
    0x08003d4a   0x08003d4a   0x00000008   Code   RO          567    i.LCD_WR_DATA       lcd.o
    0x08003d52   0x08003d52   0x00000008   Code   RO          568    i.LCD_WR_REG        lcd.o
    0x08003d5a   0x08003d5a   0x00000002   PAD
    0x08003d5c   0x08003d5c   0x00000010   Code   RO          570    i.LCD_WriteRAM_Prepare  lcd.o
    0x08003d6c   0x08003d6c   0x0000000a   Code   RO          571    i.LCD_WriteReg      lcd.o
    0x08003d76   0x08003d76   0x00000002   PAD
    0x08003d78   0x08003d78   0x0000008c   Code   RO         1035    i.Main_Win          display.o
    0x08003e04   0x08003e04   0x00000078   Code   RO         1036    i.Main_Win_Initial  display.o
    0x08003e7c   0x08003e7c   0x00000070   Code   RO         1142    i.NVIC_Init         misc.o
    0x08003eec   0x08003eec   0x000000b4   Code   RO         1075    i.P1_Judge_Win      part1.o
    0x08003fa0   0x08003fa0   0x00000090   Code   RO         1076    i.P1_Main_Win       part1.o
    0x08004030   0x08004030   0x00000008   Code   RO         1077    i.Part1_Start       part1.o
    0x08004038   0x08004038   0x0000005c   Code   RO          968    i.Pretreat_Initial  pretreat.o
    0x08004094   0x08004094   0x00000020   Code   RO         1317    i.RCC_AHBPeriphClockCmd  stm32f10x_rcc.o
    0x080040b4   0x080040b4   0x00000020   Code   RO         1320    i.RCC_APB2PeriphClockCmd  stm32f10x_rcc.o
    0x080040d4   0x080040d4   0x000000d4   Code   RO         1328    i.RCC_GetClocksFreq  stm32f10x_rcc.o
    0x080041a8   0x080041a8   0x00000102   Code   RO          301    i.ReadFDC2X14       fdc2x14.o
    0x080042aa   0x080042aa   0x00000102   Code   RO          302    i.ReadFDC2X14_2     fdc2x14.o
    0x080043ac   0x080043ac   0x00000008   Code   RO         2641    i.SetSysClock       system_stm32f10x.o
    0x080043b4   0x080043b4   0x000000e0   Code   RO         2642    i.SetSysClockTo72   system_stm32f10x.o
    0x08004494   0x08004494   0x00000018   Code   RO          303    i.Set_Error         fdc2x14.o
    0x080044ac   0x080044ac   0x000000b0   Code   RO          572    i.ShowNum           lcd.o
    0x0800455c   0x0800455c   0x0000002c   Code   RO          573    i.ShowString        lcd.o
    0x08004588   0x08004588   0x00000028   Code   RO         1146    i.SysTick_CLKSourceConfig  misc.o
    0x080045b0   0x080045b0   0x00000060   Code   RO         2644    i.SystemInit        system_stm32f10x.o
    0x08004610   0x08004610   0x0000003c   Code   RO            5    i.System_Initial    main.o
    0x0800464c   0x0800464c   0x00000088   Code   RO          245    i.USART1_IRQHandler  usart.o
    0x080046d4   0x080046d4   0x00000018   Code   RO         2194    i.USART_Cmd         stm32f10x_usart.o
    0x080046ec   0x080046ec   0x00000054   Code   RO         2198    i.USART_GetITStatus  stm32f10x_usart.o
    0x08004740   0x08004740   0x0000004a   Code   RO         2200    i.USART_ITConfig    stm32f10x_usart.o
    0x0800478a   0x0800478a   0x00000002   PAD
    0x0800478c   0x0800478c   0x000000d8   Code   RO         2201    i.USART_Init        stm32f10x_usart.o
    0x08004864   0x08004864   0x0000000a   Code   RO         2208    i.USART_ReceiveData  stm32f10x_usart.o
    0x0800486e   0x0800486e   0x00000040   Code   RO          304    i.WriteRegfdc2214   fdc2x14.o
    0x080048ae   0x080048ae   0x00000040   Code   RO          305    i.WriteRegfdc2214_2  fdc2x14.o
    0x080048ee   0x080048ee   0x00000004   Code   RO          246    i._sys_exit         usart.o
    0x080048f2   0x080048f2   0x0000000a   Code   RO          969    i.cmp               pretreat.o
    0x080048fc   0x080048fc   0x00000044   Code   RO          167    i.delay_init        delay.o
    0x08004940   0x08004940   0x0000004c   Code   RO          168    i.delay_ms          delay.o
    0x0800498c   0x0800498c   0x0000004c   Code   RO          169    i.delay_us          delay.o
    0x080049d8   0x080049d8   0x0000005c   Code   RO            7    i.main              main.o
    0x08004a34   0x08004a34   0x0000000e   Code   RO            8    i.max               main.o
    0x08004a42   0x08004a42   0x0000000e   Code   RO            9    i.min               main.o
    0x08004a50   0x08004a50   0x000000a0   Code   RO          248    i.uart_init         usart.o
    0x08004af0   0x08004af0   0x000000c4   Code   RO         2694    x$fpl$fadd          fz_ws.l(faddsub_clz.o)
    0x08004bb4   0x08004bb4   0x00000184   Code   RO         2701    x$fpl$fdiv          fz_ws.l(fdiv.o)
    0x08004d38   0x08004d38   0x00000036   Code   RO         2704    x$fpl$ffix          fz_ws.l(ffix.o)
    0x08004d6e   0x08004d6e   0x00000002   PAD
    0x08004d70   0x08004d70   0x00000030   Code   RO         2709    x$fpl$fflt          fz_ws.l(fflt_clz.o)
    0x08004da0   0x08004da0   0x00000102   Code   RO         2714    x$fpl$fmul          fz_ws.l(fmul.o)
    0x08004ea2   0x08004ea2   0x0000008c   Code   RO         2719    x$fpl$fnaninf       fz_ws.l(fnaninf.o)
    0x08004f2e   0x08004f2e   0x0000000a   Code   RO         2721    x$fpl$fretinf       fz_ws.l(fretinf.o)
    0x08004f38   0x08004f38   0x000000ea   Code   RO         2696    x$fpl$fsub          fz_ws.l(faddsub_clz.o)
    0x08005022   0x08005022   0x00000000   Code   RO         2723    x$fpl$usenofp       fz_ws.l(usenofp.o)
    0x08005022   0x08005022   0x00000a64   Data   RO          576    .constdata          lcd.o
    0x08005a86   0x08005a86   0x00000002   PAD
    0x08005a88   0x08005a88   0x00000020   Data   RO         2872    Region$$Table       anon$$obj.o


    Execution Region RW_IRAM1 (Exec base: 0x20000000, Load base: 0x08005aa8, Size: 0x000009c8, Max: 0x00010000, ABSOLUTE)

    Exec Addr    Load Addr    Size         Type   Attr      Idx    E Section Name        Object

    0x20000000   0x08005aa8   0x00000008   Data   RW           10    .data               main.o
    0x20000008   0x08005ab0   0x00000004   Data   RW          170    .data               delay.o
    0x2000000c   0x08005ab4   0x00000006   Data   RW          250    .data               usart.o
    0x20000012   0x08005aba   0x00000004   Data   RW          577    .data               lcd.o
    0x20000016   0x08005abe   0x00000002   PAD
    0x20000018   0x08005ac0   0x0000000c   Data   RW         1078    .data               part1.o
    0x20000024   0x08005acc   0x00000014   Data   RW         1348    .data               stm32f10x_rcc.o
    0x20000038   0x08005ae0   0x00000014   Data   RW         2645    .data               system_stm32f10x.o
    0x2000004c        -       0x000000c8   Zero   RW          249    .bss                usart.o
    0x20000114        -       0x00000020   Zero   RW          306    .bss                fdc2x14.o
    0x20000134        -       0x0000000a   Zero   RW          575    .bss                lcd.o
    0x2000013e        -       0x0000002a   Zero   RW          932    .bss                datascope_dp.o
    0x20000168        -       0x00000200   Zero   RW          970    .bss                pretreat.o
    0x20000368        -       0x00000060   Zero   RW         2750    .bss                c_w.l(libspace.o)
    0x200003c8        -       0x00000200   Zero   RW         2632    HEAP                startup_stm32f10x_hd.o
    0x200005c8        -       0x00000400   Zero   RW         2631    STACK               startup_stm32f10x_hd.o


==============================================================================

Image component sizes


      Code (inc. data)   RO Data    RW Data    ZI Data      Debug   Object Name

       344         34          0          0         42       2574   datascope_dp.o
       220         26          0          4          0       1623   delay.o
       688        266          0          0          0       1798   display.o
       368         50          0          0          0      11951   dma_stm32f10x.o
      1446         26          0          0         32       6457   fdc2x14.o
       304         10          0          0          0       1092   key.o
      8108        168       2660          4         10      17468   lcd.o
       300         26          0          8          0     243601   main.o
       152         12          0          0          0       1694   misc.o
       590         84          0          0          0       4311   myiic.o
       586         84          0          0          0       4348   myiic2.o
      1888        748          0         12          0       4836   part1.o
      1034         98          0          0        512       5362   pretreat.o
        64         26        304          0       1536        808   startup_stm32f10x_hd.o
       282          6          0          0          0       1729   stm32f10x_fsmc.o
       282          0          0          0          0       2647   stm32f10x_gpio.o
       276         32          0         20          0       4605   stm32f10x_rcc.o
       408          6          0          0          0       5250   stm32f10x_usart.o
       328         28          0         20          0       2225   system_stm32f10x.o
       300         22          0          6        200       3468   usart.o

    ----------------------------------------------------------------------
     18000       1752       2998         76       2332     327847   Object Totals
         0          0         32          0          0          0   (incl. Generated)
        32          0          2          2          0          0   (incl. Padding)

    ----------------------------------------------------------------------

      Code (inc. data)   RO Data    RW Data    ZI Data      Debug   Library Member Name

         8          0          0          0          0         68   __main.o
         0          0          0          0          0          0   __rtentry.o
        12          0          0          0          0          0   __rtentry2.o
         6          0          0          0          0          0   __rtentry4.o
        52          8          0          0          0          0   __scatter.o
        26          0          0          0          0          0   __scatter_copy.o
        28          0          0          0          0          0   __scatter_zi.o
        18          0          0          0          0         80   exit.o
         6          0          0          0          0        152   heapauxi.o
         2          0          0          0          0          0   libinit.o
         2          0          0          0          0          0   libinit2.o
         2          0          0          0          0          0   libshutdown.o
         2          0          0          0          0          0   libshutdown2.o
         8          4          0          0         96         68   libspace.o
       612          0          0          0          0        136   qsortnoex.o
         2          0          0          0          0          0   rtexit.o
        10          0          0          0          0          0   rtexit2.o
        74          0          0          0          0         80   sys_stackheap_outer.o
         2          0          0          0          0         68   use_no_semi.o
         2          0          0          0          0         68   use_no_semi_2.o
       430          8          0          0          0        168   faddsub_clz.o
       388         76          0          0          0         96   fdiv.o
        54          4          0          0          0         84   ffix.o
        48          0          0          0          0         68   fflt_clz.o
       258          4          0          0          0         84   fmul.o
       140          4          0          0          0         84   fnaninf.o
        10          0          0          0          0         68   fretinf.o
         0          0          0          0          0          0   usenofp.o

    ----------------------------------------------------------------------
      2210        108          0          0         96       1372   Library Totals
         8          0          0          0          0          0   (incl. Padding)

    ----------------------------------------------------------------------

      Code (inc. data)   RO Data    RW Data    ZI Data      Debug   Library Name

       874         12          0          0         96        720   c_w.l
      1328         96          0          0          0        652   fz_ws.l

    ----------------------------------------------------------------------
      2210        108          0          0         96       1372   Library Totals

    ----------------------------------------------------------------------

==============================================================================


      Code (inc. data)   RO Data    RW Data    ZI Data      Debug   

     20210       1860       2998         76       2428     322611   Grand Totals
     20210       1860       2998         76       2428     322611   ELF Image Totals
     20210       1860       2998         76          0          0   ROM Totals

==============================================================================

    Total RO  Size (Code + RO Data)                23208 (  22.66kB)
    Total RW  Size (RW Data + ZI Data)              2504 (   2.45kB)
    Total ROM Size (Code + RO Data + RW Data)      23284 (  22.74kB)

==============================================================================

